C51 COMPILER V9.00   KEY                                                                   09/05/2015 16:36:18 PAGE 1   


C51 COMPILER V9.00, COMPILATION OF MODULE KEY
OBJECT MODULE PLACED IN key.obj
COMPILER INVOKED BY: C:\Keil\C51\BIN\C51.EXE Receiver\key.c LARGE BROWSE INCDIR(.\Receiver) DEBUG OBJECTEXTEND PRINT(.\k
                    -ey.lst) TABS(2) OBJECT(key.obj)

line level    source

   1          #include "key.h"
   2          #include "usart.h"
   3          #include "tm1629.h"
   4          #include "menu.h"
   5          #include "timer.h"
   6          #include "ds1302.h"
   7          
   8          unsigned char func_index = 0; //多级菜单索引变量
   9          void(*current_operation_index)();// 多级菜单函数指针
  10          
  11          unsigned char Two_Menu_F1_E1[4] = { 0 };
  12          unsigned char Two_Menu_F1_E2[4] = { 0 };
  13          unsigned char Two_Menu_F1_E3[4] = { 0 };
  14          unsigned char Two_Menu_F1_E4[4] = { 0 };
  15          unsigned char Two_Menu_F2_E1[4] = { 0 };
  16          unsigned char Two_Menu_F2_E2[4] = { 0 };
  17          unsigned char Two_Menu_F2_E3[4] = { 0 };
  18          unsigned char Two_Menu_F2_E4[4] = { 0 };
  19          
  20          key_table code table[100] =
  21          { // 目标索引       上        下          确认     退出         函数
  22            { MENU_STANDBY, MENU_STANDBY, MENU_STANDBY, MENU_STANDBY, MENU_STANDBY, (*fun0) }, //待机
  23          
  24            { ONE_MENU_F0, ONE_MENU_F1, ONE_MENU_Fd, TWO_MENU_F0_YEAR , MENU_STANDBY, (*fun1) }, //F0-F9
  25            { ONE_MENU_F1, ONE_MENU_F2, ONE_MENU_F0, TWO_MENU_F1_E1   , MENU_STANDBY, (*fun2) },
  26            { ONE_MENU_F2, ONE_MENU_F3, ONE_MENU_F1, TWO_MENU_F2_E1   , MENU_STANDBY, (*fun3) },
  27            { ONE_MENU_F3, ONE_MENU_F4, ONE_MENU_F2, TWO_MENU_F3_E1   , MENU_STANDBY, (*fun4) },
  28            { ONE_MENU_F4, ONE_MENU_F5, ONE_MENU_F3, TWO_MENU_F4_SET  , MENU_STANDBY, (*fun5) },
  29            { ONE_MENU_F5, ONE_MENU_F6, ONE_MENU_F4, TWO_MENU_F5_SET  , MENU_STANDBY, (*fun6) },
  30            { ONE_MENU_F6, ONE_MENU_F7, ONE_MENU_F5, TWO_MENU_F6_E1   , MENU_STANDBY, (*fun7) },
  31            { ONE_MENU_F7, ONE_MENU_F8, ONE_MENU_F6, TWO_MENU_F7_E1   , MENU_STANDBY, (*fun8) },
  32            { ONE_MENU_F8, ONE_MENU_F9, ONE_MENU_F7, TWO_MENU_F8_E1   , MENU_STANDBY, (*fun9) },
  33            { ONE_MENU_F9, ONE_MENU_FA, ONE_MENU_F8, TWO_MENU_F9_E1   , MENU_STANDBY, (*fun10) },
  34            { ONE_MENU_FA, ONE_MENU_Fb, ONE_MENU_F9, TWO_MENU_FA_SET  , MENU_STANDBY, (*fun11) }, //FA
  35            { ONE_MENU_Fb, ONE_MENU_FC, ONE_MENU_FA, TWO_MENU_Fb_SET  , MENU_STANDBY, (*fun12) }, //Fb
  36            { ONE_MENU_FC, ONE_MENU_Fd, ONE_MENU_Fb, TWO_MENU_FC_SET  , MENU_STANDBY, (*fun13) }, //FC
  37            { ONE_MENU_Fd, ONE_MENU_F0, ONE_MENU_FC, TWO_MENU_Fd_SET  , MENU_STANDBY, (*fun14) }, //Fd
  38          
  39            { TWO_MENU_F0_YEAR  , TWO_MENU_F0_YEAR  , TWO_MENU_F0_YEAR  , TWO_MENU_F0_MOUTH , ONE_MENU_F0, (*fun15) }
             -, //万年历 年
  40            { TWO_MENU_F0_MOUTH , TWO_MENU_F0_MOUTH , TWO_MENU_F0_MOUTH , TWO_MENU_F0_DAY   , ONE_MENU_F0, (*fun16) }
             -, //万年历 月
  41            { TWO_MENU_F0_DAY   , TWO_MENU_F0_DAY   , TWO_MENU_F0_DAY   , TWO_MENU_F0_WEEK  , ONE_MENU_F0, (*fun17) }
             -, //万年历 日
  42            { TWO_MENU_F0_WEEK  , TWO_MENU_F0_WEEK  , TWO_MENU_F0_WEEK  , TWO_MENU_F0_HOUR  , ONE_MENU_F0, (*fun18) }
             -, //万年历 周
  43            { TWO_MENU_F0_HOUR  , TWO_MENU_F0_HOUR  , TWO_MENU_F0_HOUR  , TWO_MENU_F0_MINUTE, ONE_MENU_F0, (*fun19) }
             -, //万年历 小时
  44            { TWO_MENU_F0_MINUTE, TWO_MENU_F0_MINUTE, TWO_MENU_F0_MINUTE, TWO_MENU_F0_YEAR  , ONE_MENU_F0, (*fun20) }
             -, //万年历 分钟
  45          
  46            { TWO_MENU_F1_E1, TWO_MENU_F1_E2, TWO_MENU_F1_E4, TWO_MENU_F1_E1_D1, ONE_MENU_F1, (*fun21) }, //F1子菜单E
             -1
  47            { TWO_MENU_F1_E2, TWO_MENU_F1_E3, TWO_MENU_F1_E1, TWO_MENU_F1_E2_D1, ONE_MENU_F1, (*fun22) }, //F1子菜单E
C51 COMPILER V9.00   KEY                                                                   09/05/2015 16:36:18 PAGE 2   

             -2
  48            { TWO_MENU_F1_E3, TWO_MENU_F1_E4, TWO_MENU_F1_E2, TWO_MENU_F1_E3_D1, ONE_MENU_F1, (*fun23) }, //F1子菜单E
             -3
  49            { TWO_MENU_F1_E4, TWO_MENU_F1_E1, TWO_MENU_F1_E3, TWO_MENU_F1_E4_D1, ONE_MENU_F1, (*fun24) }, //F1子菜单E
             -4
  50          
  51            { TWO_MENU_F2_E1, TWO_MENU_F2_E2, TWO_MENU_F2_E4, TWO_MENU_F2_E1_D1, ONE_MENU_F2, (*fun25) }, //F2子菜单E
             -1
  52            { TWO_MENU_F2_E2, TWO_MENU_F2_E3, TWO_MENU_F2_E1, TWO_MENU_F2_E2_D1, ONE_MENU_F2, (*fun26) }, //F2子菜单E
             -2
  53            { TWO_MENU_F2_E3, TWO_MENU_F2_E4, TWO_MENU_F2_E2, TWO_MENU_F2_E3_D1, ONE_MENU_F2, (*fun27) }, //F2子菜单E
             -3
  54            { TWO_MENU_F2_E4, TWO_MENU_F2_E1, TWO_MENU_F2_E3, TWO_MENU_F2_E4_D1, ONE_MENU_F2, (*fun28) }, //F2子菜单E
             -4
  55          
  56            { TWO_MENU_F3_E1, TWO_MENU_F3_E2, TWO_MENU_F3_E2, 0, ONE_MENU_F3, (*fun29) }, //F3子菜单E1
  57            { TWO_MENU_F3_E2, TWO_MENU_F3_E1, TWO_MENU_F3_E1, 0, ONE_MENU_F3, (*fun30) }, //F3子菜单E2
  58          
  59            { TWO_MENU_F4_SET, TWO_MENU_F4_SET, TWO_MENU_F4_SET, 0, ONE_MENU_F4, (*fun31) }, //F4子菜单
  60            { TWO_MENU_F5_SET, TWO_MENU_F5_SET, TWO_MENU_F5_SET, 0, ONE_MENU_F5, (*fun32) }, //F5子菜单
  61          
  62            { TWO_MENU_F6_E1, TWO_MENU_F6_E2, TWO_MENU_F6_E5, 0, ONE_MENU_F6, (*fun33) }, //F6子菜单E1
  63            { TWO_MENU_F6_E2, TWO_MENU_F6_E3, TWO_MENU_F6_E1, 0, ONE_MENU_F6, (*fun34) }, //F6子菜单E2
  64            { TWO_MENU_F6_E3, TWO_MENU_F6_E4, TWO_MENU_F6_E2, 0, ONE_MENU_F6, (*fun35) }, //F6子菜单E3
  65            { TWO_MENU_F6_E4, TWO_MENU_F6_E5, TWO_MENU_F6_E3, 0, ONE_MENU_F6, (*fun36) }, //F6子菜单E4
  66            { TWO_MENU_F6_E5, TWO_MENU_F6_E1, TWO_MENU_F6_E4, 0, ONE_MENU_F6, (*fun37) }, //F6子菜单E5
  67          
  68            { TWO_MENU_F7_E1, TWO_MENU_F7_E2, TWO_MENU_F7_E4, 0, ONE_MENU_F7, (*fun38) }, //F7子菜单E1
  69            { TWO_MENU_F7_E2, TWO_MENU_F7_E3, TWO_MENU_F7_E1, 0, ONE_MENU_F7, (*fun39) }, //F7子菜单E2
  70            { TWO_MENU_F7_E3, TWO_MENU_F7_E4, TWO_MENU_F7_E2, 0, ONE_MENU_F7, (*fun40) }, //F7子菜单E3
  71            { TWO_MENU_F7_E4, TWO_MENU_F7_E1, TWO_MENU_F7_E3, 0, ONE_MENU_F7, (*fun41) }, //F7子菜单E4  
  72          
  73            { TWO_MENU_F8_E1, TWO_MENU_F8_E2, TWO_MENU_F8_E2, 0, ONE_MENU_F8, (*fun42) }, //F8子菜单E1
  74            { TWO_MENU_F8_E2, TWO_MENU_F8_E1, TWO_MENU_F8_E1, 0, ONE_MENU_F8, (*fun43) }, //F8子菜单E2
  75          
  76            { TWO_MENU_F9_E1, TWO_MENU_F9_E2, TWO_MENU_F9_E2, 0, ONE_MENU_F9, (*fun44) }, //F9子菜单E1
  77            { TWO_MENU_F9_E2, TWO_MENU_F9_E1, TWO_MENU_F9_E1, 0, ONE_MENU_F9, (*fun45) }, //F9子菜单E2
  78          
  79            { TWO_MENU_FA_SET, TWO_MENU_FA_SET, TWO_MENU_FA_SET, 0, ONE_MENU_FA, (*fun46) }, //FA子菜单
  80            { TWO_MENU_Fb_SET, TWO_MENU_Fb_SET, TWO_MENU_Fb_SET, 0, ONE_MENU_Fb, (*fun47) }, //Fb子菜单
  81            { TWO_MENU_FC_SET, TWO_MENU_FC_SET, TWO_MENU_FC_SET, 0, ONE_MENU_FC, (*fun48) }, //FC子菜单
  82            { TWO_MENU_Fd_SET, TWO_MENU_Fd_SET, TWO_MENU_Fd_SET, 0, ONE_MENU_Fd, (*fun49) }, //Fd子菜单
  83          
  84            { TWO_MENU_F1_E1_D1, TWO_MENU_F1_E1_D1, TWO_MENU_F1_E1_D1, TWO_MENU_F1_E1_D2, TWO_MENU_F1_E1, (*fun50) },
             - //F1_E1注册呼叫器
  85            { TWO_MENU_F1_E1_D2, TWO_MENU_F1_E1_D2, TWO_MENU_F1_E1_D2, TWO_MENU_F1_E1_D3, TWO_MENU_F1_E1, (*fun51) },
             - //F1_E1注册呼叫器
  86            { TWO_MENU_F1_E1_D3, TWO_MENU_F1_E1_D3, TWO_MENU_F1_E1_D3, TWO_MENU_F1_E1_D4, TWO_MENU_F1_E1, (*fun52) },
             - //F1_E1注册呼叫器
  87            { TWO_MENU_F1_E1_D4, TWO_MENU_F1_E1_D4, TWO_MENU_F1_E1_D4, TWO_MENU_F1_E1_D1, TWO_MENU_F1_E1, (*fun53) },
             - //F1_E1注册呼叫器
  88          
  89            { TWO_MENU_F1_E2_D1, TWO_MENU_F1_E2_D1, TWO_MENU_F1_E2_D1, TWO_MENU_F1_E2_D2, TWO_MENU_F1_E2, (*fun54) },
             - //F1_E2注册管理器
  90            { TWO_MENU_F1_E2_D2, TWO_MENU_F1_E2_D2, TWO_MENU_F1_E2_D2, TWO_MENU_F1_E2_D3, TWO_MENU_F1_E2, (*fun55) },
             - //F1_E2注册管理器
  91            { TWO_MENU_F1_E2_D3, TWO_MENU_F1_E2_D3, TWO_MENU_F1_E2_D3, TWO_MENU_F1_E2_D4, TWO_MENU_F1_E2, (*fun56) },
             - //F1_E2注册管理器
  92            { TWO_MENU_F1_E2_D4, TWO_MENU_F1_E2_D4, TWO_MENU_F1_E2_D4, TWO_MENU_F1_E2_D1, TWO_MENU_F1_E2, (*fun57) },
             - //F1_E2注册管理器
  93          
  94            { TWO_MENU_F1_E3_D1, TWO_MENU_F1_E3_D1, TWO_MENU_F1_E3_D1, TWO_MENU_F1_E3_D2, TWO_MENU_F1_E3, (*fun58) },
C51 COMPILER V9.00   KEY                                                                   09/05/2015 16:36:18 PAGE 3   

             - //F1_E3注册报警器
  95            { TWO_MENU_F1_E3_D2, TWO_MENU_F1_E3_D2, TWO_MENU_F1_E3_D2, TWO_MENU_F1_E3_D3, TWO_MENU_F1_E3, (*fun59) },
             - //F1_E3注册报警器
  96            { TWO_MENU_F1_E3_D3, TWO_MENU_F1_E3_D3, TWO_MENU_F1_E3_D3, TWO_MENU_F1_E3_D4, TWO_MENU_F1_E3, (*fun60) },
             - //F1_E3注册报警器
  97            { TWO_MENU_F1_E3_D4, TWO_MENU_F1_E3_D4, TWO_MENU_F1_E3_D4, TWO_MENU_F1_E3_D1, TWO_MENU_F1_E3, (*fun61) },
             - //F1_E3注册报警器
  98          
  99            { TWO_MENU_F1_E4_D1, TWO_MENU_F1_E4_D1, TWO_MENU_F1_E4_D1, TWO_MENU_F1_E4_D2, TWO_MENU_F1_E4, (*fun62) },
             - //F1_E3注册取消器
 100            { TWO_MENU_F1_E4_D2, TWO_MENU_F1_E4_D2, TWO_MENU_F1_E4_D2, TWO_MENU_F1_E4_D3, TWO_MENU_F1_E4, (*fun63) },
             - //F1_E3注册取消器
 101            { TWO_MENU_F1_E4_D3, TWO_MENU_F1_E4_D3, TWO_MENU_F1_E4_D3, TWO_MENU_F1_E4_D4, TWO_MENU_F1_E4, (*fun64) },
             - //F1_E3注册取消器
 102            { TWO_MENU_F1_E4_D4, TWO_MENU_F1_E4_D4, TWO_MENU_F1_E4_D4, TWO_MENU_F1_E4_D1, TWO_MENU_F1_E4, (*fun65) },
             - //F1_E3注册取消器
 103          
 104            { TWO_MENU_F2_E1_D1, TWO_MENU_F2_E1_D1, TWO_MENU_F2_E1_D1, TWO_MENU_F2_E1_D2, TWO_MENU_F2_E1, (*fun66) },
             - //F2_E1删除呼叫器
 105            { TWO_MENU_F2_E1_D2, TWO_MENU_F2_E1_D2, TWO_MENU_F2_E1_D2, TWO_MENU_F2_E1_D3, TWO_MENU_F2_E1, (*fun67) },
             - //F2_E1删除呼叫器
 106            { TWO_MENU_F2_E1_D3, TWO_MENU_F2_E1_D3, TWO_MENU_F2_E1_D3, TWO_MENU_F2_E1_D4, TWO_MENU_F2_E1, (*fun68) },
             - //F2_E1删除呼叫器
 107            { TWO_MENU_F2_E1_D4, TWO_MENU_F2_E1_D4, TWO_MENU_F2_E1_D4, TWO_MENU_F2_E1_D1, TWO_MENU_F2_E1, (*fun69) },
             - //F2_E1删除呼叫器
 108          
 109            { TWO_MENU_F2_E2_D1, TWO_MENU_F2_E2_D1, TWO_MENU_F2_E2_D1, TWO_MENU_F2_E2_D2, TWO_MENU_F2_E2, (*fun70) },
             - //F2_E2删除管理器
 110            { TWO_MENU_F2_E2_D2, TWO_MENU_F2_E2_D2, TWO_MENU_F2_E2_D2, TWO_MENU_F2_E2_D3, TWO_MENU_F2_E2, (*fun71) },
             - //F2_E2删除管理器
 111            { TWO_MENU_F2_E2_D3, TWO_MENU_F2_E2_D3, TWO_MENU_F2_E2_D3, TWO_MENU_F2_E2_D4, TWO_MENU_F2_E2, (*fun72) },
             - //F2_E2删除管理器
 112            { TWO_MENU_F2_E2_D4, TWO_MENU_F2_E2_D4, TWO_MENU_F2_E2_D4, TWO_MENU_F2_E2_D1, TWO_MENU_F2_E2, (*fun73) },
             - //F2_E2删除管理器
 113          
 114            { TWO_MENU_F2_E3_D1, TWO_MENU_F2_E3_D1, TWO_MENU_F2_E3_D1, TWO_MENU_F2_E3_D2, TWO_MENU_F2_E3, (*fun74) },
             - //F2_E3删除报警器
 115            { TWO_MENU_F2_E3_D2, TWO_MENU_F2_E3_D2, TWO_MENU_F2_E3_D2, TWO_MENU_F2_E3_D3, TWO_MENU_F2_E3, (*fun75) },
             - //F2_E3删除报警器
 116            { TWO_MENU_F2_E3_D3, TWO_MENU_F2_E3_D3, TWO_MENU_F2_E3_D3, TWO_MENU_F2_E3_D4, TWO_MENU_F2_E3, (*fun76) },
             - //F2_E3删除报警器
 117            { TWO_MENU_F2_E3_D4, TWO_MENU_F2_E3_D4, TWO_MENU_F2_E3_D4, TWO_MENU_F2_E3_D1, TWO_MENU_F2_E3, (*fun77) },
             - //F2_E3删除报警器
 118          
 119            { TWO_MENU_F2_E4_D1, TWO_MENU_F2_E4_D1, TWO_MENU_F2_E4_D1, TWO_MENU_F2_E4_D2, TWO_MENU_F2_E4, (*fun78) },
             - //F2_E4删除取消器
 120            { TWO_MENU_F2_E4_D2, TWO_MENU_F2_E4_D2, TWO_MENU_F2_E4_D2, TWO_MENU_F2_E4_D3, TWO_MENU_F2_E4, (*fun79) },
             - //F2_E4删除取消器
 121            { TWO_MENU_F2_E4_D3, TWO_MENU_F2_E4_D3, TWO_MENU_F2_E4_D3, TWO_MENU_F2_E4_D4, TWO_MENU_F2_E4, (*fun80) },
             - //F2_E4删除取消器
 122            { TWO_MENU_F2_E4_D4, TWO_MENU_F2_E4_D4, TWO_MENU_F2_E4_D4, TWO_MENU_F2_E4_D1, TWO_MENU_F2_E4, (*fun81) },
             - //F2_E4删除取消器
 123          
 124          };
 125          
 126          unsigned int KeyScan(void)  //Keyboard scan function
 127          {
 128   1        unsigned int Val = 0;
 129   1        HKeyPort |= 0x1f;//Row height
 130   1        LKeyPort &= 0x07;
 131   1        if ((HKeyPort & 0x1f) != 0x1f)//Press button
 132   1        {
C51 COMPILER V9.00   KEY                                                                   09/05/2015 16:36:18 PAGE 4   

 133   2          delay10ms();  //Remove jitter
 134   2          if ((HKeyPort & 0x1f) != 0x1f)   //Press button
 135   2          {
 136   3            HKeyPort |= 0x1f; //检测第一列
 137   3            LKeyPort |= 0xf8;
 138   3            LKeyPort &= 0x7f;
 139   3            if ((HKeyPort & 0x1f) != 0x1f)
 140   3            {
 141   4              //  return_standby_time=0;
 142   4              //  sound_table=1;
 143   4              Val = HKeyPort & 0x1f;
 144   4              Val <<= 8;
 145   4              Val += (LKeyPort & 0xf8);
 146   4              if (Val == 0x1e78)
 147   4              {
 148   5                clear_main_press_time();  //清除菜单键按下的时间计算变量
 149   5                set_main_press_time_table(1); //设置相应的标志位，开始计算时间
 150   5              }
 151   4              while ((HKeyPort & 0x1f) != 0x1f);
 152   4              delay10ms();
 153   4              while ((HKeyPort & 0x1f) != 0x1f);
 154   4              set_main_press_time_table(0);//按键释放，清除相应的标志位
 155   4              return Val;
 156   4            }
 157   3          }
 158   2        }
 159   1        return 0x0fff;
 160   1      }
 161          
 162          unsigned char KeyDecoder(void)
 163          {
 164   1        unsigned int key_val = 0;
 165   1      
 166   1        key_val = KeyScan();
 167   1      #if 0   
                if (key_val == 0x0fff) /*do not key press*/
                {
                  /*sjz 有注册管理器标志*/
                  if (register_manager == 1)
                  {
              
                    if (func_index == FUNC_STANDBY)
                    {
                      if ((old2_RF_RECE_REG[2] & 0x0f) == 0x01)
                      {
                        accumulate_decoder++;
                      }
                      else
                      {
                        accumulate_decoder = 0;
                      }
                      if (accumulate_decoder>10)
                      {
                        accumulate_50ms = 20;
                        accumulate_decoder = 0;
                      }
                    }
                    register_manager = 0;
                    switch (old2_RF_RECE_REG[2] & 0x0f)
                    {
                    case 0x01:key_val = 0x1778; break;
                    case 0x02:key_val = 0x1b78; break;
C51 COMPILER V9.00   KEY                                                                   09/05/2015 16:36:18 PAGE 5   

                    case 0x04:key_val = 0x1d78; break;
                    case 0x08:key_val = 0x1e78; break;
                    default:break;
                    }
                  }
                }
              #endif   
 202   1      
 203   1      #ifdef DEBUG
 204   1        if (key_val != 0x0fff)
 205   1        uart_printf("key_val is %x .\r\n", key_val); //测试按键键值
 206   1      #endif
 207   1        switch (key_val)
 208   1        {
 209   2        case 0x1778:return KEY_RETURN; break;//1 按下相应的键显示相对应的码值
 210   2        case 0x1d78:return KEY_DOWN; break;//2  
 211   2        case 0x1b78:return KEY_UP; break;//4
 212   2        case 0x1e78:return KEY_FUNC; break;//5 按下相应的键显示相对应的码值
 213   2        default:return 0xff; break;
 214   2        }
 215   1      }
 216          
 217          void KeyProcess(void)
 218          {
 219   1        unsigned char key_value = 0, main_press_time_temp = 0;
 220   1        key_value = KeyDecoder();
 221   1        switch (key_value)
 222   1        {
 223   2          case KEY_FUNC:
 224   2            if (func_index == MENU_STANDBY )  //如果索引==0  则要1秒以上进入菜单
 225   2            {
 226   3              main_press_time_temp = return_main_press_time();
 227   3              if (main_press_time_temp >= 20)
 228   3              {
 229   4                func_index = ONE_MENU_F0;
 230   4                clear_main_press_time();
 231   4              }
 232   3            }
 233   2            else
 234   2            {
 235   3              func_index = table[func_index].enter;
 236   3              clear_main_press_time();
 237   3            }
 238   2             break;
 239   2          case KEY_RETURN:  func_index = table[func_index].esc; break;
 240   2          case KEY_UP:
 241   2            switch (func_index)
 242   2            {
 243   3            case TWO_MENU_F0_YEAR: 
 244   3              if (time_buf1[1] == 99) time_buf1[1] = 0; //设置万年历 年
 245   3                         else time_buf1[1]++;
 246   3              break;
 247   3            case TWO_MENU_F0_MOUTH:
 248   3              if (time_buf1[2] == 12) time_buf1[2] = 1; //设置万年历 月
 249   3              else time_buf1[2]++;
 250   3              break;
 251   3            case TWO_MENU_F0_DAY:
 252   3              if (time_buf1[3] == 31) time_buf1[3] = 1; //设置万年历 日
 253   3              else time_buf1[3]++;
 254   3              break;
 255   3            case TWO_MENU_F0_WEEK:
 256   3              if (time_buf1[7] == 7) time_buf1[7] = 1;  //设置万年历 星期
C51 COMPILER V9.00   KEY                                                                   09/05/2015 16:36:18 PAGE 6   

 257   3              else time_buf1[7]++;
 258   3              break;
 259   3            case TWO_MENU_F0_HOUR:
 260   3              if (time_buf1[4] == 23) time_buf1[4] = 0; //设置万年历 小时
 261   3              else time_buf1[4]++;
 262   3              break;
 263   3            case TWO_MENU_F0_MINUTE:
 264   3              if (time_buf1[5] == 59) time_buf1[5] = 0; //设置万年历 分钟
 265   3              else time_buf1[5]++;
 266   3              break;
 267   3            case TWO_MENU_F1_E1_D1:
 268   3              if (Two_Menu_F1_E1[0] == 20 ) Two_Menu_F1_E1[0] = 0;  //设置F1_E1千位
 269   3              else Two_Menu_F1_E1[0]++;
 270   3              break;
 271   3            case TWO_MENU_F1_E1_D2:
 272   3              if (Two_Menu_F1_E1[1] == 9) Two_Menu_F1_E1[1] = 0;  //设置F1_E1百位
 273   3              else Two_Menu_F1_E1[1]++;
 274   3              break;
 275   3            case TWO_MENU_F1_E1_D3:
 276   3              if (Two_Menu_F1_E1[2] == 9) Two_Menu_F1_E1[2] = 0;  //设置F1_E1十位
 277   3              else Two_Menu_F1_E1[2]++;
 278   3              break;
 279   3            case TWO_MENU_F1_E1_D4:
 280   3              if (Two_Menu_F1_E1[3] == 9) Two_Menu_F1_E1[3] = 0;  //设置F1_E1个位
 281   3              else Two_Menu_F1_E1[3]++;
 282   3              break;
 283   3            case TWO_MENU_F1_E2_D1:
 284   3              if (Two_Menu_F1_E2[0] == 20) Two_Menu_F1_E2[0] = 0; //设置F1_E2千位
 285   3              else Two_Menu_F1_E2[0]++;
 286   3              break;
 287   3            case TWO_MENU_F1_E2_D2:
 288   3              if (Two_Menu_F1_E2[1] == 9) Two_Menu_F1_E2[1] = 0;  //设置F1_E2百位
 289   3              else Two_Menu_F1_E2[1]++;
 290   3              break;
 291   3            case TWO_MENU_F1_E2_D3:
 292   3              if (Two_Menu_F1_E2[2] == 9) Two_Menu_F1_E2[2] = 0;  //设置F1_E2十位
 293   3              else Two_Menu_F1_E2[2]++;
 294   3              break;
 295   3            case TWO_MENU_F1_E2_D4:
 296   3              if (Two_Menu_F1_E2[3] == 9) Two_Menu_F1_E2[3] = 0;  //设置F1_E2个位
 297   3              else Two_Menu_F1_E2[3]++;
 298   3              break;
 299   3            case TWO_MENU_F1_E3_D1:
 300   3              if (Two_Menu_F1_E3[0] == 20) Two_Menu_F1_E3[0] = 0; //设置F1_E3千位
 301   3              else Two_Menu_F1_E3[0]++;
 302   3              break;
 303   3            case TWO_MENU_F1_E3_D2:
 304   3              if (Two_Menu_F1_E3[1] == 9) Two_Menu_F1_E3[1] = 0;  //设置F1_E3百位
 305   3              else Two_Menu_F1_E3[1]++;
 306   3              break;
 307   3            case TWO_MENU_F1_E3_D3:
 308   3              if (Two_Menu_F1_E3[2] == 9) Two_Menu_F1_E3[2] = 0;  //设置F1_E3十位
 309   3              else Two_Menu_F1_E3[2]++;
 310   3              break;
 311   3            case TWO_MENU_F1_E3_D4:
 312   3              if (Two_Menu_F1_E3[3] == 9) Two_Menu_F1_E3[3] = 0;  //设置F1_E3个位
 313   3              else Two_Menu_F1_E3[3]++;
 314   3              break;
 315   3            case TWO_MENU_F1_E4_D1:
 316   3              if (Two_Menu_F1_E4[0] == 20) Two_Menu_F1_E4[0] = 0; //设置F1_E4千位
 317   3              else Two_Menu_F1_E4[0]++;
 318   3              break;
C51 COMPILER V9.00   KEY                                                                   09/05/2015 16:36:18 PAGE 7   

 319   3            case TWO_MENU_F1_E4_D2:
 320   3              if (Two_Menu_F1_E4[1] == 9) Two_Menu_F1_E4[1] = 0;  //设置F1_E4百位
 321   3              else Two_Menu_F1_E4[1]++;
 322   3              break;
 323   3            case TWO_MENU_F1_E4_D3:
 324   3              if (Two_Menu_F1_E4[2] == 9) Two_Menu_F1_E4[2] = 0;  //设置F1_E4十位
 325   3              else Two_Menu_F1_E4[2]++;
 326   3              break;
 327   3            case TWO_MENU_F1_E4_D4:
 328   3              if (Two_Menu_F1_E4[3] == 9) Two_Menu_F1_E4[3] = 0;  //设置F1_E4个位
 329   3              else Two_Menu_F1_E4[3]++;
 330   3              break;
 331   3            case TWO_MENU_F2_E1_D1:
 332   3              if (Two_Menu_F2_E1[0] == 20) Two_Menu_F2_E1[0] = 0; //设置F2_E1千位
 333   3              else Two_Menu_F2_E1[0]++;
 334   3              break;
 335   3            case TWO_MENU_F2_E1_D2:
 336   3              if (Two_Menu_F2_E1[1] == 9) Two_Menu_F2_E1[1] = 0;  //设置F2_E1百位
 337   3              else Two_Menu_F2_E1[1]++;
 338   3              break;
 339   3            case TWO_MENU_F2_E1_D3:
 340   3              if (Two_Menu_F2_E1[2] == 9) Two_Menu_F2_E1[2] = 0;  //设置F2_E1十位
 341   3              else Two_Menu_F2_E1[2]++;
 342   3              break;
 343   3            case TWO_MENU_F2_E1_D4:
 344   3              if (Two_Menu_F2_E1[3] == 9) Two_Menu_F2_E1[3] = 0;  //设置F2_E1个位
 345   3              else Two_Menu_F2_E1[3]++;
 346   3              break;
 347   3            case TWO_MENU_F2_E2_D1:
 348   3              if (Two_Menu_F2_E2[0] == 20) Two_Menu_F2_E2[0] = 0; //设置F2_E2千位
 349   3              else Two_Menu_F2_E2[0]++;
 350   3              break;
 351   3            case TWO_MENU_F2_E2_D2:
 352   3              if (Two_Menu_F2_E2[1] == 9) Two_Menu_F2_E2[1] = 0;  //设置F2_E2百位
 353   3              else Two_Menu_F2_E2[1]++;
 354   3              break;
 355   3            case TWO_MENU_F2_E2_D3:
 356   3              if (Two_Menu_F2_E2[2] == 9) Two_Menu_F2_E2[2] = 0;  //设置F2_E2十位
 357   3              else Two_Menu_F2_E2[2]++;
 358   3              break;
 359   3            case TWO_MENU_F2_E2_D4:
 360   3              if (Two_Menu_F2_E2[3] == 9) Two_Menu_F2_E2[3] = 0;  //设置F2_E2个位
 361   3              else Two_Menu_F2_E2[3]++;
 362   3              break;
 363   3            case TWO_MENU_F2_E3_D1:
 364   3              if (Two_Menu_F2_E3[0] == 20) Two_Menu_F2_E3[0] = 0; //设置F2_E3千位
 365   3              else Two_Menu_F2_E3[0]++;
 366   3              break;
 367   3            case TWO_MENU_F2_E3_D2:
 368   3              if (Two_Menu_F2_E3[1] == 9) Two_Menu_F2_E3[1] = 0;  //设置F2_E3百位
 369   3              else Two_Menu_F2_E3[1]++;
 370   3              break;
 371   3            case TWO_MENU_F2_E3_D3:
 372   3              if (Two_Menu_F2_E3[2] == 9) Two_Menu_F2_E3[2] = 0;  //设置F2_E3十位
 373   3              else Two_Menu_F2_E3[2]++;
 374   3              break;
 375   3            case TWO_MENU_F2_E3_D4:
 376   3              if (Two_Menu_F2_E3[3] == 9) Two_Menu_F2_E3[3] = 0;  //设置F2_E3个位
 377   3              else Two_Menu_F2_E3[3]++;
 378   3              break;
 379   3            case TWO_MENU_F2_E4_D1:
 380   3              if (Two_Menu_F2_E4[0] == 20) Two_Menu_F2_E4[0] = 0; //设置F2_E4千位
C51 COMPILER V9.00   KEY                                                                   09/05/2015 16:36:18 PAGE 8   

 381   3              else Two_Menu_F2_E4[0]++;
 382   3              break;
 383   3            case TWO_MENU_F2_E4_D2:
 384   3              if (Two_Menu_F2_E4[1] == 9) Two_Menu_F2_E4[1] = 0;  //设置F2_E4百位
 385   3              else Two_Menu_F2_E4[1]++;
 386   3              break;
 387   3            case TWO_MENU_F2_E4_D3:
 388   3              if (Two_Menu_F2_E4[2] == 9) Two_Menu_F2_E4[2] = 0;  //设置F2_E4十位
 389   3              else Two_Menu_F2_E4[2]++;
 390   3              break;
 391   3            case TWO_MENU_F2_E4_D4:
 392   3              if (Two_Menu_F2_E4[3] == 9) Two_Menu_F2_E4[3] = 0;  //设置F2_E4个位
 393   3              else Two_Menu_F2_E4[3]++;
 394   3              break;
 395   3      
 396   3              default:break;
 397   3            } 
 398   2            func_index = table[func_index].up; break;
 399   2          case KEY_DOWN:
 400   2            switch (func_index)
 401   2            {
 402   3            case TWO_MENU_F0_YEAR:
 403   3              if (time_buf1[1] == 0) time_buf1[1] = 99; //设置万年历 年
 404   3              else time_buf1[1]--;
 405   3              break;
 406   3            case TWO_MENU_F0_MOUTH:
 407   3              if (time_buf1[2] == 1) time_buf1[2] = 12; //设置万年历 月
 408   3              else time_buf1[2]--;
 409   3              break;
 410   3            case TWO_MENU_F0_DAY:
 411   3              if (time_buf1[3] == 1) time_buf1[3] = 31; //设置万年历 日
 412   3              else time_buf1[3]--;
 413   3              break;
 414   3            case TWO_MENU_F0_WEEK:
 415   3              if (time_buf1[7] == 1) time_buf1[7] = 7;  //设置万年历 星期
 416   3              else time_buf1[7]--;
 417   3              break;
 418   3            case TWO_MENU_F0_HOUR:
 419   3              if (time_buf1[4] == 0) time_buf1[4] = 23; //设置万年历 小时
 420   3              else time_buf1[4]--;
 421   3              break;
 422   3            case TWO_MENU_F0_MINUTE:
 423   3              if (time_buf1[5] == 0) time_buf1[5] = 59; //设置万年历 分钟
 424   3              else time_buf1[5]--;
 425   3              break;
 426   3            case TWO_MENU_F1_E1_D1:
 427   3              if (Two_Menu_F1_E1[0] == 0) Two_Menu_F1_E1[0] = 20; //设置F1_E1千位
 428   3              else Two_Menu_F1_E1[0]--;
 429   3              break;
 430   3            case TWO_MENU_F1_E1_D2:
 431   3              if (Two_Menu_F1_E1[1] == 0) Two_Menu_F1_E1[1] = 9;  //设置F1_E1百位
 432   3              else Two_Menu_F1_E1[1]--;
 433   3              break;
 434   3            case TWO_MENU_F1_E1_D3:
 435   3              if (Two_Menu_F1_E1[2] == 0) Two_Menu_F1_E1[2] = 9;  //设置F1_E1十位
 436   3              else Two_Menu_F1_E1[2]--;
 437   3              break;
 438   3            case TWO_MENU_F1_E1_D4:
 439   3              if (Two_Menu_F1_E1[3] == 0) Two_Menu_F1_E1[3] = 9;  //设置F1_E1个位
 440   3              else Two_Menu_F1_E1[3]--;
 441   3              break;
 442   3            case TWO_MENU_F1_E2_D1:
C51 COMPILER V9.00   KEY                                                                   09/05/2015 16:36:18 PAGE 9   

 443   3              if (Two_Menu_F1_E2[0] == 0) Two_Menu_F1_E2[0] = 20; //设置F1_E2千位
 444   3              else Two_Menu_F1_E2[0]--;
 445   3              break;
 446   3            case TWO_MENU_F1_E2_D2:
 447   3              if (Two_Menu_F1_E2[1] == 0) Two_Menu_F1_E2[1] = 9;  //设置F1_E2百位
 448   3              else Two_Menu_F1_E2[1]--;
 449   3              break;
 450   3            case TWO_MENU_F1_E2_D3:
 451   3              if (Two_Menu_F1_E2[2] == 0) Two_Menu_F1_E2[2] = 9;  //设置F1_E2十位
 452   3              else Two_Menu_F1_E2[2]--;
 453   3              break;
 454   3            case TWO_MENU_F1_E2_D4:
 455   3              if (Two_Menu_F1_E2[3] == 0) Two_Menu_F1_E2[3] = 9;  //设置F1_E2个位
 456   3              else Two_Menu_F1_E2[3]--;
 457   3              break;
 458   3            case TWO_MENU_F1_E3_D1:
 459   3              if (Two_Menu_F1_E3[0] == 0) Two_Menu_F1_E3[0] = 20; //设置F1_E3千位
 460   3              else Two_Menu_F1_E3[0]--;
 461   3              break;
 462   3            case TWO_MENU_F1_E3_D2:
 463   3              if (Two_Menu_F1_E3[1] == 0) Two_Menu_F1_E3[1] = 9;  //设置F1_E3百位
 464   3              else Two_Menu_F1_E3[1]--;
 465   3              break;
 466   3            case TWO_MENU_F1_E3_D3:
 467   3              if (Two_Menu_F1_E3[2] == 0) Two_Menu_F1_E3[2] = 9;  //设置F1_E3十位
 468   3              else Two_Menu_F1_E3[2]--;
 469   3              break;
 470   3            case TWO_MENU_F1_E3_D4:
 471   3              if (Two_Menu_F1_E3[3] == 0) Two_Menu_F1_E3[3] = 9;  //设置F1_E3个位
 472   3              else Two_Menu_F1_E3[3]--;
 473   3              break;
 474   3            case TWO_MENU_F1_E4_D1:
 475   3              if (Two_Menu_F1_E4[0] == 0) Two_Menu_F1_E4[0] = 20; //设置F1_E4千位
 476   3              else Two_Menu_F1_E4[0]--;
 477   3              break;
 478   3            case TWO_MENU_F1_E4_D2:
 479   3              if (Two_Menu_F1_E4[1] == 0) Two_Menu_F1_E4[1] = 9;  //设置F1_E4百位
 480   3              else Two_Menu_F1_E4[1]--;
 481   3              break;
 482   3            case TWO_MENU_F1_E4_D3:
 483   3              if (Two_Menu_F1_E4[2] == 0) Two_Menu_F1_E4[2] = 9;  //设置F1_E4十位
 484   3              else Two_Menu_F1_E4[2]--;
 485   3              break;
 486   3            case TWO_MENU_F1_E4_D4:
 487   3              if (Two_Menu_F1_E4[3] == 0) Two_Menu_F1_E4[3] = 9;  //设置F1_E4个位
 488   3              else Two_Menu_F1_E4[3]--;
 489   3              break;
 490   3            case TWO_MENU_F2_E1_D1:
 491   3              if (Two_Menu_F2_E1[0] == 0) Two_Menu_F2_E1[0] = 20; //设置F2_E1千位
 492   3              else Two_Menu_F2_E1[0]--;
 493   3              break;
 494   3            case TWO_MENU_F2_E1_D2:
 495   3              if (Two_Menu_F2_E1[1] == 0) Two_Menu_F2_E1[1] = 9;  //设置F2_E1百位
 496   3              else Two_Menu_F2_E1[1]--;
 497   3              break;
 498   3            case TWO_MENU_F2_E1_D3:
 499   3              if (Two_Menu_F2_E1[2] == 0) Two_Menu_F2_E1[2] = 9;  //设置F2_E1十位
 500   3              else Two_Menu_F2_E1[2]--;
 501   3              break;
 502   3            case TWO_MENU_F2_E1_D4:
 503   3              if (Two_Menu_F2_E1[3] == 0) Two_Menu_F2_E1[3] = 9;  //设置F2_E1个位
 504   3              else Two_Menu_F2_E1[3]--;
C51 COMPILER V9.00   KEY                                                                   09/05/2015 16:36:18 PAGE 10  

 505   3              break;
 506   3            case TWO_MENU_F2_E2_D1:
 507   3              if (Two_Menu_F2_E2[0] == 0) Two_Menu_F2_E2[0] = 20; //设置F2_E2千位
 508   3              else Two_Menu_F2_E2[0]--;
 509   3              break;
 510   3            case TWO_MENU_F2_E2_D2:
 511   3              if (Two_Menu_F2_E2[1] == 0) Two_Menu_F2_E2[1] = 9;  //设置F2_E2百位
 512   3              else Two_Menu_F2_E2[1]--;
 513   3              break;
 514   3            case TWO_MENU_F2_E2_D3:
 515   3              if (Two_Menu_F2_E2[2] == 0) Two_Menu_F2_E2[2] = 9;  //设置F2_E2十位
 516   3              else Two_Menu_F2_E2[2]--;
 517   3              break;
 518   3            case TWO_MENU_F2_E2_D4:
 519   3              if (Two_Menu_F2_E2[3] == 0) Two_Menu_F2_E2[3] = 9;  //设置F2_E2个位
 520   3              else Two_Menu_F2_E2[3]--;
 521   3              break;
 522   3            case TWO_MENU_F2_E3_D1:
 523   3              if (Two_Menu_F2_E3[0] == 0) Two_Menu_F2_E3[0] = 20; //设置F2_E3千位
 524   3              else Two_Menu_F2_E3[0]--;
 525   3              break;
 526   3            case TWO_MENU_F2_E3_D2:
 527   3              if (Two_Menu_F2_E3[1] == 0) Two_Menu_F2_E3[1] = 9;  //设置F2_E3百位
 528   3              else Two_Menu_F2_E3[1]--;
 529   3              break;
 530   3            case TWO_MENU_F2_E3_D3:
 531   3              if (Two_Menu_F2_E3[2] == 0) Two_Menu_F2_E3[2] = 9;  //设置F2_E3十位
 532   3              else Two_Menu_F2_E3[2]--;
 533   3              break;
 534   3            case TWO_MENU_F2_E3_D4:
 535   3              if (Two_Menu_F2_E3[3] == 0) Two_Menu_F2_E3[3] = 9;  //设置F2_E3个位
 536   3              else Two_Menu_F2_E3[3]--;
 537   3              break;
 538   3            case TWO_MENU_F2_E4_D1:
 539   3              if (Two_Menu_F2_E4[0] == 0) Two_Menu_F2_E4[0] = 20; //设置F2_E4千位
 540   3              else Two_Menu_F2_E4[0]--;
 541   3              break;
 542   3            case TWO_MENU_F2_E4_D2:
 543   3              if (Two_Menu_F2_E4[1] == 0) Two_Menu_F2_E4[1] = 9;  //设置F2_E4百位
 544   3              else Two_Menu_F2_E4[1]--;
 545   3              break;
 546   3            case TWO_MENU_F2_E4_D3:
 547   3              if (Two_Menu_F2_E4[2] == 0) Two_Menu_F2_E4[2] = 9;  //设置F2_E4十位
 548   3              else Two_Menu_F2_E4[2]--;
 549   3              break;
 550   3            case TWO_MENU_F2_E4_D4:
 551   3              if (Two_Menu_F2_E4[3] == 0) Two_Menu_F2_E4[3] = 9;  //设置F2_E4个位
 552   3              else Two_Menu_F2_E4[3]--;
 553   3              break;
 554   3      
 555   3      
 556   3              default:break;
 557   3            }
 558   2            func_index = table[func_index].down; break;
 559   2          default:break;
 560   2        }
 561   1        current_operation_index = table[func_index].index_operation;
 562   1        (*current_operation_index)();//执行当前操作函数
 563   1      }
 564          
 565          void delay10ms(void)   //误差 -0.054253472222us
 566          {
C51 COMPILER V9.00   KEY                                                                   09/05/2015 16:36:18 PAGE 11  

 567   1        unsigned char a, b, c;
 568   1        for (c = 4; c>0; c--)
 569   1        for (b = 52; b>0; b--)
 570   1        for (a = 220; a>0; a--);
 571   1        _nop_();  //if Keil,require use intrins.h
 572   1      }
 573          
 574          unsigned char return_func_index(void)
 575          {
 576   1        unsigned char func_index_temp = 0;
 577   1        func_index_temp = func_index;
 578   1        return func_index_temp;
 579   1      }


MODULE INFORMATION:   STATIC OVERLAYABLE
   CODE SIZE        =   1942    ----
   CONSTANT SIZE    =    818    ----
   XDATA SIZE       =     36       5
   PDATA SIZE       =   ----    ----
   DATA SIZE        =   ----    ----
   IDATA SIZE       =   ----    ----
   BIT SIZE         =   ----    ----
END OF MODULE INFORMATION.


C51 COMPILATION COMPLETE.  0 WARNING(S),  0 ERROR(S)
