C51 COMPILER V9.00   MAIN                                                                  09/05/2015 12:03:11 PAGE 1   


C51 COMPILER V9.00, COMPILATION OF MODULE MAIN
OBJECT MODULE PLACED IN main.obj
COMPILER INVOKED BY: C:\Keil\C51\BIN\C51.EXE Receiver\main.c LARGE BROWSE INCDIR(.\Receiver) DEBUG OBJECTEXTEND PRINT(.\
                    -main.lst) TABS(2) OBJECT(main.obj)

line level    source

   1          #include "STC15F2K60S2.H"
   2          #include "usart.h"
   3          #include "key.h"
   4          #include "tm1629.h"
   5          #include "timer.h"
   6          #include "ds1302.h"
   7          #include "ev1527.h"
   8          #include "decoder.h"
   9          
  10          
  11          void main()
  12          { 
  13   1        UsartInit();  //串口初始化
  14   1      #ifdef DEBUG
  15   1        uart_printf("UsartInit Complete! \r\n");
  16   1      #endif
  17   1        tm1629_init();
  18   1      #ifdef DEBUG
  19   1        uart_printf("tm1629_init Complete! \r\n");
  20   1      #endif
  21   1        Init_Timer0();
  22   1      #ifdef DEBUG
  23   1        uart_printf("Init_Timer0 Complete! \r\n");
  24   1      #endif
  25   1        Init_Timer1();
  26   1      #ifdef DEBUG
  27   1        uart_printf("Init_Timer1 Complete! \r\n");
  28   1      #endif
  29   1        exint0_init();
  30   1      #ifdef DEBUG
  31   1        uart_printf("exint0_init Complete! \r\n");
  32   1      #endif
  33   1        Ds1302_Init();
  34   1      #ifdef DEBUG
  35   1        uart_printf("Ds1302_Init Complete! \r\n");
  36   1      #endif
  37   1        Init_Timer1();
  38   1        //Ds1302_Write_Time();
  39   1      
  40   1        P3M1 = 0X0C; //IO口设置为输入 必须添加 否则无法解码
  41   1        P3M0 = 0X00;
  42   1      
  43   1        while (1)
  44   1        {
  45   2          KeyProcess();
  46   2          DecoderProcess();
  47   2        }
  48   1      }
  49          


MODULE INFORMATION:   STATIC OVERLAYABLE
   CODE SIZE        =     89    ----
   CONSTANT SIZE    =    148    ----
C51 COMPILER V9.00   MAIN                                                                  09/05/2015 12:03:11 PAGE 2   

   XDATA SIZE       =   ----    ----
   PDATA SIZE       =   ----    ----
   DATA SIZE        =   ----    ----
   IDATA SIZE       =   ----    ----
   BIT SIZE         =   ----    ----
END OF MODULE INFORMATION.


C51 COMPILATION COMPLETE.  0 WARNING(S),  0 ERROR(S)
