BL51 BANKED LINKER/LOCATER V6.22                                                        10/05/2015  17:39:49  PAGE 1


BL51 BANKED LINKER/LOCATER V6.22, INVOKED BY:
C:\KEIL\C51\BIN\BL51.EXE STARTUP.obj, main.obj, usart.obj, key.obj, tm1629.obj, timer.obj, ds1302.obj, ev1527.obj, decod
>> er.obj, at24c256.obj, gd5800.obj TO Receiver_keil RAMSIZE (256)


MEMORY MODEL: LARGE


INPUT MODULES INCLUDED:
  STARTUP.obj (?C_STARTUP)
  main.obj (MAIN)
  usart.obj (USART)
  key.obj (KEY)
  tm1629.obj (TM1629)
  timer.obj (TIMER)
  ds1302.obj (DS1302)
  ev1527.obj (EV1527)
  decoder.obj (DECODER)
  at24c256.obj (AT24C256)
  gd5800.obj (GD5800)
  C:\KEIL\C51\LIB\C51L.LIB (?C_INIT)
  C:\KEIL\C51\LIB\C51L.LIB (?C?COPY)
  C:\KEIL\C51\LIB\C51L.LIB (?C?CLDPTR)
  C:\KEIL\C51\LIB\C51L.LIB (?C?CLDOPTR)
  C:\KEIL\C51\LIB\C51L.LIB (?C?CSTPTR)
  C:\KEIL\C51\LIB\C51L.LIB (?C?CSTOPTR)
  C:\KEIL\C51\LIB\C51L.LIB (?C?IMUL)
  C:\KEIL\C51\LIB\C51L.LIB (?C?ILDIX)
  C:\KEIL\C51\LIB\C51L.LIB (?C?CCASE)
  C:\KEIL\C51\LIB\C51L.LIB (?C?ICASE)
  C:\KEIL\C51\LIB\C51L.LIB (?C?ICALL)
  C:\KEIL\C51\LIB\C51L.LIB (VSPRINTF)
  C:\KEIL\C51\LIB\C51L.LIB (PRINTF)
  C:\KEIL\C51\LIB\C51L.LIB (?C?PLDIXDATA)
  C:\KEIL\C51\LIB\C51L.LIB (?C?PSTXDATA)
  C:\KEIL\C51\LIB\C51L.LIB (PUTCHAR)


LINK MAP OF MODULE:  Receiver_keil (?C_STARTUP)


            TYPE    BASE      LENGTH    RELOCATION   SEGMENT NAME
            -----------------------------------------------------

            * * * * * * *   D A T A   M E M O R Y   * * * * * * *
            REG     0000H     0008H     ABSOLUTE     "REG BANK 0"
            DATA    0008H     0005H     UNIT         _DATA_GROUP_
                    000DH     0013H                  *** GAP ***
            BIT     0020H.0   0001H.1   UNIT         _BIT_GROUP_
            BIT     0021H.1   0000H.1   UNIT         ?BI?USART
            BIT     0021H.2   0000H.1   UNIT         ?BI?AT24C256
                    0021H.3   0000H.5                *** GAP ***
            IDATA   0022H     0001H     UNIT         ?STACK

            * * * * * * *  X D A T A   M E M O R Y  * * * * * * *
            XDATA   0000H     0498H     UNIT         _XDATA_GROUP_
            XDATA   0498H     0161H     UNIT         ?XD?TM1629
            XDATA   05F9H     0037H     UNIT         ?XD?KEY
BL51 BANKED LINKER/LOCATER V6.22                                                      10/05/2015  17:39:49  PAGE 2


            XDATA   0630H     0028H     UNIT         ?XD?AT24C256
            XDATA   0658H     0024H     UNIT         ?XD?EV1527
            XDATA   067CH     0010H     UNIT         ?XD?DS1302
            XDATA   068CH     0009H     UNIT         ?XD?TIMER
            XDATA   0695H     0008H     UNIT         ?XD?DECODER
            XDATA   069DH     0003H     UNIT         ?XD?_USART2_SENDSTRING?USART

            * * * * * * *   C O D E   M E M O R Y   * * * * * * *
            CODE    0000H     0003H     ABSOLUTE     
            CODE    0003H     0003H     ABSOLUTE     
            CODE    0006H     0005H     UNIT         ?PR?FUN1?TM1629
            CODE    000BH     0003H     ABSOLUTE     
            CODE    000EH     000DH     UNIT         ?PR?_SEND_COMMAND?TM1629
            CODE    001BH     0003H     ABSOLUTE     
            CODE    001EH     0005H     UNIT         ?PR?FUN2?TM1629
            CODE    0023H     0003H     ABSOLUTE     
            CODE    0026H     001DH     UNIT         ?PR?FUN51?TM1629
            CODE    0043H     0003H     ABSOLUTE     
            CODE    0046H     0DD4H     UNIT         ?PR?DECODERPROCESS?DECODER
            CODE    0E1AH     0A51H     UNIT         ?PR?KEYPROCESS?KEY
            CODE    186BH     0365H     UNIT         ?PR?PRINTF?PRINTF
            CODE    1BD0H     0332H     UNIT         ?CO?KEY
            CODE    1F02H     02D7H     UNIT         ?CO?DECODER
            CODE    21D9H     02D6H     UNIT         ?C_INITSEG
            CODE    24AFH     02D2H     UNIT         ?CO?AT24C256
            CODE    2781H     02B4H     UNIT         ?PR?RF_DECODE_MAIN_SJZ_TEST?EV1527
            CODE    2A35H     021FH     UNIT         ?PR?_SUBMENUF6_1?GD5800
            CODE    2C54H     0211H     UNIT         ?C?LIB_CODE
            CODE    2E65H     020CH     UNIT         ?PR?_REGISTER_ALARM_FUNCTION?AT24C256
            CODE    3071H     020CH     UNIT         ?PR?_REGISTER_CANCEL_FUNCTION?AT24C256
            CODE    327DH     01E9H     UNIT         ?PR?_REGISTER_CALL_FUNCTION?AT24C256
            CODE    3466H     01DCH     UNIT         ?PR?_DELETE_ALARM_FUNCTION?AT24C256
            CODE    3642H     01DCH     UNIT         ?PR?_DELETE_CANCEL_FUNCTION?AT24C256
            CODE    381EH     01C3H     UNIT         ?PR?_DELETE_CALL_FUNCTION?AT24C256
            CODE    39E1H     01BEH     UNIT         ?PR?_DELETE_HOST_FUNCTION?AT24C256
            CODE    3B9FH     01A8H     UNIT         ?PR?_CANCEL_FUNTION?TM1629
            CODE    3D47H     01A8H     UNIT         ?PR?_REGISTER_HOST_FUNCTION?AT24C256
            CODE    3EEFH     0187H     UNIT         ?PR?RF_DECODE_MAIN?EV1527
            CODE    4076H     0160H     UNIT         ?PR?TM1629_LOAD?TM1629
            CODE    41D6H     013CH     UNIT         ?PR?_SUBMENUF6_1_VOICESELECT?GD5800
            CODE    4312H     0119H     UNIT         ?PR?CYCLEPROCESS?TM1629
            CODE    442BH     0113H     UNIT         ?PR?DISPLAY_TIME?TM1629
            CODE    453EH     00EBH     UNIT         ?PR?TIMER0_ISR?TIMER
            CODE    4629H     00DBH     UNIT         ?PR?_DECODER_TEMP_TO_MCURAM?TM1629
            CODE    4704H     00DAH     UNIT         ?PR?RECEIVE_RF_DECODER?EV1527
            CODE    47DEH     00D8H     UNIT         ?PR?CYCLEUP?TM1629
            CODE    48B6H     00D6H     UNIT         ?PR?CYCLEDOWN?TM1629
            CODE    498CH     00BEH     UNIT         ?PR?_MCURAM_TO_DISPLAYRAM?TM1629
            CODE    4A4AH     00BBH     UNIT         ?PR?LOGOUTPROCESS?TM1629
            CODE    4B05H     00B7H     UNIT         ?CO?MAIN
            CODE    4BBCH     00B3H     UNIT         ?PR?DISPLAY?TM1629
            CODE    4C6FH     009FH     UNIT         ?PR?KEYSCAN?KEY
            CODE    4D0EH     008FH     UNIT         ?PR?DS1302_WRITE_TIME?DS1302
            CODE    4D9DH     008CH     UNIT         ?C_C51STARTUP
            CODE    4E29H     007DH     UNIT         ?PR?_IRCVSTR?AT24C256
            CODE    4EA6H     0078H     UNIT         ?PR?LOGOUT?TM1629
            CODE    4F1EH     0077H     UNIT         ?PR?DS1302_READ_TIME?DS1302
BL51 BANKED LINKER/LOCATER V6.22                                                      10/05/2015  17:39:49  PAGE 3


            CODE    4F95H     006BH     UNIT         ?PR?MAIN?MAIN
            CODE    5000H     0064H     UNIT         ?PR?_ISENDSTR?AT24C256
            CODE    5064H     0061H     UNIT         ?PR?KEYDECODER?KEY
            CODE    50C5H     0059H     UNIT         ?PR?_SHOW_FOUR_NUMBER?TM1629
            CODE    511EH     0055H     UNIT         ?PR?_UART_PRINTF?USART
            CODE    5173H     0054H     UNIT         ?PR?_MCURAM_TO_MCURAM_DOWN?TM1629
            CODE    51C7H     0054H     UNIT         ?PR?_MCURAM_TO_MCURAM_UP?TM1629
            CODE    521BH     0052H     UNIT         ?PR?DELETE_ALL_DATA?AT24C256
            CODE    526DH     0051H     UNIT         ?PR?TM1629_INIT?TM1629
            CODE    52BEH     0051H     UNIT         ?PR?TIMER1_ISR?TIMER
            CODE    530FH     004AH     UNIT         ?PR?_VSPRINTF?VSPRINTF
            CODE    5359H     003FH     UNIT         ?PR?_DS1302_WRITE_BYTE?DS1302
            CODE    5398H     003FH     UNIT         ?PR?_DS1302_READ_BYTE?DS1302
            CODE    53D7H     003DH     UNIT         ?PR?FUN15?TM1629
            CODE    5414H     003DH     UNIT         ?PR?_SENDBYTE?AT24C256
            CODE    5451H     0035H     UNIT         ?PR?TM1629_AWAIT?TM1629
            CODE    5486H     0035H     UNIT         ?PR?FUN94?TM1629
            CODE    54BBH     0033H     UNIT         ?PR?_USART1_SENDSTRING?USART
            CODE    54EEH     0033H     UNIT         ?PR?_USART2_SENDSTRING?USART
            CODE    5521H     0033H     UNIT         ?PR?_GD5800_SELECT_CHAPTER?GD5800
            CODE    5554H     0030H     UNIT         ?PR?_SHOW_TWO_NUMBER?TM1629
            CODE    5584H     002BH     UNIT         ?PR?_WRITEDATATO1629?TM1629
            CODE    55AFH     002BH     UNIT         ?PR?_WRITEDATATO1629_2?TM1629
            CODE    55DAH     002BH     UNIT         ?PR?_WRITEDATATO1629_3?TM1629
            CODE    5605H     0029H     UNIT         ?PR?TM1629_CLEAR?TM1629
            CODE    562EH     0028H     UNIT         ?PR?FUN16?TM1629
            CODE    5656H     0028H     UNIT         ?PR?FUN17?TM1629
            CODE    567EH     0028H     UNIT         ?PR?FUN20?TM1629
            CODE    56A6H     0028H     UNIT         ?PR?FUN54?TM1629
            CODE    56CEH     0028H     UNIT         ?PR?FUN56?TM1629
            CODE    56F6H     0028H     UNIT         ?PR?FUN57?TM1629
            CODE    571EH     0028H     UNIT         ?PR?FUN58?TM1629
            CODE    5746H     0028H     UNIT         ?PR?FUN60?TM1629
            CODE    576EH     0028H     UNIT         ?PR?FUN61?TM1629
            CODE    5796H     0028H     UNIT         ?PR?FUN62?TM1629
            CODE    57BEH     0028H     UNIT         ?PR?FUN64?TM1629
            CODE    57E6H     0028H     UNIT         ?PR?FUN65?TM1629
            CODE    580EH     0028H     UNIT         ?PR?FUN66?TM1629
            CODE    5836H     0028H     UNIT         ?PR?FUN68?TM1629
            CODE    585EH     0028H     UNIT         ?PR?FUN69?TM1629
            CODE    5886H     0028H     UNIT         ?PR?FUN70?TM1629
            CODE    58AEH     0028H     UNIT         ?PR?FUN72?TM1629
            CODE    58D6H     0028H     UNIT         ?PR?FUN73?TM1629
            CODE    58FEH     0028H     UNIT         ?PR?FUN74?TM1629
            CODE    5926H     0028H     UNIT         ?PR?FUN76?TM1629
            CODE    594EH     0028H     UNIT         ?PR?FUN77?TM1629
            CODE    5976H     0028H     UNIT         ?PR?FUN78?TM1629
            CODE    599EH     0028H     UNIT         ?PR?FUN80?TM1629
            CODE    59C6H     0028H     UNIT         ?PR?FUN81?TM1629
            CODE    59EEH     0028H     UNIT         ?PR?FUN93?TM1629
            CODE    5A16H     0027H     UNIT         ?PR?FUN89?TM1629
            CODE    5A3DH     0027H     UNIT         ?PR?PUTCHAR?PUTCHAR
            CODE    5A64H     0025H     UNIT         ?PR?RCVBYTE?AT24C256
            CODE    5A89H     0024H     UNIT         ?PR?FUN18?TM1629
            CODE    5AADH     0024H     UNIT         ?PR?FUN19?TM1629
            CODE    5AD1H     0023H     UNIT         ?PR?USARTINIT?USART
            CODE    5AF4H     0023H     UNIT         ?PR?FUN55?TM1629
BL51 BANKED LINKER/LOCATER V6.22                                                      10/05/2015  17:39:49  PAGE 4


            CODE    5B17H     0023H     UNIT         ?PR?FUN59?TM1629
            CODE    5B3AH     0023H     UNIT         ?PR?FUN63?TM1629
            CODE    5B5DH     0023H     UNIT         ?PR?FUN67?TM1629
            CODE    5B80H     0023H     UNIT         ?PR?FUN71?TM1629
            CODE    5BA3H     0023H     UNIT         ?PR?FUN75?TM1629
            CODE    5BC6H     0023H     UNIT         ?PR?FUN79?TM1629
            CODE    5BE9H     0022H     UNIT         ?PR?FUN50?TM1629
            CODE    5C0BH     0022H     UNIT         ?PR?FUN52?TM1629
            CODE    5C2DH     0022H     UNIT         ?PR?FUN53?TM1629
            CODE    5C4FH     0021H     UNIT         ?PR?_GD5800_SOUND_VOLUME?GD5800
            CODE    5C70H     001FH     UNIT         ?PR?_TM1629_F?TM1629
            CODE    5C8FH     001FH     UNIT         ?PR?_TM1629_E?TM1629
            CODE    5CAEH     001EH     UNIT         ?PR?UART?USART
            CODE    5CCCH     001DH     UNIT         ?PR?FUN87?TM1629
            CODE    5CE9H     001CH     UNIT         ?PR?RF_INI_RECEIVE?EV1527
            CODE    5D05H     0019H     UNIT         ?PR?GD5800_INITIALIZATION?GD5800
            CODE    5D1EH     0018H     UNIT         ?CO?TM1629
            CODE    5D36H     0017H     UNIT         ?PR?UART2?USART
            CODE    5D4DH     0017H     UNIT         ?PR?_SHOW_ONE_NUMBER?TM1629
            CODE    5D64H     0016H     UNIT         ?PR?SHOW_OFF?TM1629
            CODE    5D7AH     0016H     UNIT         ?PR?START_I2C?AT24C256
            CODE    5D90H     0015H     UNIT         ?PR?_DELAYMS?AT24C256
            CODE    5DA5H     0014H     UNIT         ?PR?SHOW_ON?TM1629
            CODE    5DB9H     0014H     UNIT         ?PR?FUN0?TM1629
            CODE    5DCDH     0014H     UNIT         ?PR?GD5800_STOP_MUSIC?GD5800
            CODE    5DE1H     0014H     UNIT         ?PR?GD5800_PLAY_MUSIC?GD5800
            CODE    5DF5H     0012H     UNIT         ?PR?_TM1629_DELAY?TM1629
            CODE    5E07H     0012H     UNIT         ?PR?FUN21?TM1629
            CODE    5E19H     0012H     UNIT         ?PR?FUN22?TM1629
            CODE    5E2BH     0012H     UNIT         ?PR?FUN23?TM1629
            CODE    5E3DH     0012H     UNIT         ?PR?FUN24?TM1629
            CODE    5E4FH     0012H     UNIT         ?PR?FUN25?TM1629
            CODE    5E61H     0012H     UNIT         ?PR?FUN26?TM1629
            CODE    5E73H     0012H     UNIT         ?PR?FUN27?TM1629
            CODE    5E85H     0012H     UNIT         ?PR?FUN28?TM1629
            CODE    5E97H     0011H     UNIT         ?PR?STOP_I2C?AT24C256
            CODE    5EA8H     0011H     UNIT         ?PR?ACK_I2C?AT24C256
            CODE    5EB9H     0011H     UNIT         ?PR?NOACK_I2C?AT24C256
            CODE    5ECAH     0010H     UNIT         ?PR?INIT_TIMER0?TIMER
            CODE    5EDAH     000EH     UNIT         ?PR?DELAY10MS?KEY
            CODE    5EE8H     000EH     UNIT         ?PR?FUN42?TM1629
            CODE    5EF6H     000EH     UNIT         ?PR?INIT_TIMER1?TIMER
            CODE    5F04H     000DH     UNIT         ?PR?_SEND_COMMAND_2?TM1629
            CODE    5F11H     000DH     UNIT         ?PR?_SEND_COMMAND_3?TM1629
            CODE    5F1EH     000BH     UNIT         ?PR?TM1629_DISPLAY_BUFF_CLEAR?TM1629
            CODE    5F29H     000BH     UNIT         ?PR?DS1302_INIT?DS1302
            CODE    5F34H     0009H     UNIT         ?PR?_USART1_SENDDATA?USART
            CODE    5F3DH     0009H     UNIT         ?PR?_USART2_SENDDATA?USART
            CODE    5F46H     0008H     UNIT         ?PR?FUN31?TM1629
            CODE    5F4EH     0008H     UNIT         ?PR?FUN32?TM1629
            CODE    5F56H     0008H     UNIT         ?PR?FUN47?TM1629
            CODE    5F5EH     0008H     UNIT         ?PR?FUN48?TM1629
            CODE    5F66H     0008H     UNIT         ?PR?FUN82?TM1629
            CODE    5F6EH     0008H     UNIT         ?PR?FUN83?TM1629
            CODE    5F76H     0008H     UNIT         ?PR?FUN84?TM1629
            CODE    5F7EH     0008H     UNIT         ?PR?FUN85?TM1629
            CODE    5F86H     0008H     UNIT         ?PR?FUN86?TM1629
BL51 BANKED LINKER/LOCATER V6.22                                                      10/05/2015  17:39:49  PAGE 5


            CODE    5F8EH     0008H     UNIT         ?PR?FUN88?TM1629
            CODE    5F96H     0008H     UNIT         ?PR?FUN90?TM1629
            CODE    5F9EH     0008H     UNIT         ?PR?FUN91?TM1629
            CODE    5FA6H     0008H     UNIT         ?PR?FUN92?TM1629
            CODE    5FAEH     0008H     UNIT         ?PR?EXINT0?EV1527
            CODE    5FB6H     0007H     UNIT         ?PR?EXINT0_INIT?EV1527
            CODE    5FBDH     0006H     UNIT         ?PR?RETURN_FUNC_INDEX?KEY
            CODE    5FC3H     0006H     UNIT         ?PR?_SET_FUNC_INDEX?KEY
            CODE    5FC9H     0006H     UNIT         ?PR?RETURN_TWO_MENU_F3_E1?KEY
            CODE    5FCFH     0006H     UNIT         ?PR?RETURN_TWO_MENU_F3_E2?KEY
            CODE    5FD5H     0006H     UNIT         ?PR?RETURN_TWO_MENU_F4_E1?KEY
            CODE    5FDBH     0006H     UNIT         ?PR?RETURN_TWO_MENU_F5_E1?KEY
            CODE    5FE1H     0006H     UNIT         ?PR?RETURN_TWO_MENU_F6_E1?KEY
            CODE    5FE7H     0006H     UNIT         ?PR?RETURN_TWO_MENU_F6_E2?KEY
            CODE    5FEDH     0006H     UNIT         ?PR?RETURN_TWO_MENU_F6_E3?KEY
            CODE    5FF3H     0006H     UNIT         ?PR?RETURN_TWO_MENU_F6_E4?KEY
            CODE    5FF9H     0006H     UNIT         ?PR?RETURN_TWO_MENU_F6_E5?KEY
            CODE    5FFFH     0006H     UNIT         ?PR?RETURN_TWO_MENU_F7_E1?KEY
            CODE    6005H     0006H     UNIT         ?PR?RETURN_TWO_MENU_F7_E2?KEY
            CODE    600BH     0006H     UNIT         ?PR?RETURN_TWO_MENU_F7_E3?KEY
            CODE    6011H     0006H     UNIT         ?PR?RETURN_TWO_MENU_F7_E4?KEY
            CODE    6017H     0006H     UNIT         ?PR?RETURN_TWO_MENU_F8_E1?KEY
            CODE    601DH     0006H     UNIT         ?PR?RETURN_TWO_MENU_F8_E2?KEY
            CODE    6023H     0006H     UNIT         ?PR?RETURN_SOUND_TABLE?KEY
            CODE    6029H     0006H     UNIT         ?PR?_SET_SOUND_TABLE?KEY
            CODE    602FH     0006H     UNIT         ?PR?RETURN_TWO_MENU_FC_E1?KEY
            CODE    6035H     0006H     UNIT         ?PR?RETURN_TWO_MENU_FB_E1?KEY
            CODE    603BH     0006H     UNIT         ?PR?FUN95?TM1629
            CODE    6041H     0006H     UNIT         ?PR?RETURN_AWAIT_NUMBER_TABLE?TIMER
            CODE    6047H     0006H     UNIT         ?PR?_SET_AWAIT_NUMBER_TABLE?TIMER
            CODE    604DH     0006H     UNIT         ?PR?_SET_MAIN_PRESS_TIME_TABLE?TIMER
            CODE    6053H     0006H     UNIT         ?PR?RETURN_MAIN_PRESS_TIME?TIMER
            CODE    6059H     0006H     UNIT         ?PR?CLEAR_MAIN_PRESS_TIME?TIMER
            CODE    605FH     0006H     UNIT         ?PR?RETURN_LOGOUT_CYCLE_TABLE?TIMER
            CODE    6065H     0006H     UNIT         ?PR?_SET_LOGOUT_CYCLE_TABLE?TIMER
            CODE    606BH     0006H     UNIT         ?PR?CLEAR_RETURN_STANDBY_TIME?TIMER
            CODE    6071H     0006H     UNIT         ?PR?RETURN_AGAIN_RECEIVE_RF_DECODER_FINISHED?EV1527
            CODE    6077H     0006H     UNIT         ?PR?CLEAR_AGAIN_RECEIVE_RF_DECODER_FINISHED?EV1527
            CODE    607DH     0006H     UNIT         ?PR?RETURN_AGAIN_AND_AGAIN_DECODER_TABLE?EV1527
            CODE    6083H     0006H     UNIT         ?PR?CLEAR_AGAIN_AND_AGAIN_DECODER_TABLE?EV1527
            CODE    6089H     0005H     UNIT         ?PR?FUN3?TM1629
            CODE    608EH     0005H     UNIT         ?PR?FUN4?TM1629
            CODE    6093H     0005H     UNIT         ?PR?FUN5?TM1629
            CODE    6098H     0005H     UNIT         ?PR?FUN6?TM1629
            CODE    609DH     0005H     UNIT         ?PR?FUN7?TM1629
            CODE    60A2H     0005H     UNIT         ?PR?FUN8?TM1629
            CODE    60A7H     0005H     UNIT         ?PR?FUN9?TM1629
            CODE    60ACH     0005H     UNIT         ?PR?FUN10?TM1629
            CODE    60B1H     0005H     UNIT         ?PR?FUN11?TM1629
            CODE    60B6H     0005H     UNIT         ?PR?FUN12?TM1629
            CODE    60BBH     0005H     UNIT         ?PR?FUN13?TM1629
            CODE    60C0H     0005H     UNIT         ?PR?FUN14?TM1629
            CODE    60C5H     0005H     UNIT         ?PR?FUN29?TM1629
            CODE    60CAH     0005H     UNIT         ?PR?FUN30?TM1629
            CODE    60CFH     0005H     UNIT         ?PR?FUN33?TM1629
            CODE    60D4H     0005H     UNIT         ?PR?FUN34?TM1629
            CODE    60D9H     0005H     UNIT         ?PR?FUN35?TM1629
BL51 BANKED LINKER/LOCATER V6.22                                                      10/05/2015  17:39:49  PAGE 6


            CODE    60DEH     0005H     UNIT         ?PR?FUN36?TM1629
            CODE    60E3H     0005H     UNIT         ?PR?FUN37?TM1629
            CODE    60E8H     0005H     UNIT         ?PR?FUN38?TM1629
            CODE    60EDH     0005H     UNIT         ?PR?FUN39?TM1629
            CODE    60F2H     0005H     UNIT         ?PR?FUN40?TM1629
            CODE    60F7H     0005H     UNIT         ?PR?FUN41?TM1629
            CODE    60FCH     0005H     UNIT         ?PR?FUN43?TM1629
            CODE    6101H     0005H     UNIT         ?PR?FUN44?TM1629
            CODE    6106H     0005H     UNIT         ?PR?FUN45?TM1629
            CODE    610BH     0005H     UNIT         ?PR?FUN46?TM1629
            CODE    6110H     0005H     UNIT         ?PR?FUN49?TM1629
            CODE    6115H     0003H     UNIT         ?PR?_DELAYUS2X?AT24C256



OVERLAY MAP OF MODULE:   Receiver_keil (?C_STARTUP)


SEGMENT                                             BIT_GROUP          DATA_GROUP          XDATA_GROUP
  +--> CALLED SEGMENT                            START    LENGTH     START    LENGTH     START    LENGTH
--------------------------------------------------------------------------------------------------------
?C_C51STARTUP                                    -----    -----      -----    -----      -----    -----
  +--> ?PR?MAIN?MAIN
  +--> ?C_INITSEG

?PR?MAIN?MAIN                                    -----    -----      -----    -----      -----    -----
  +--> ?PR?USARTINIT?USART
  +--> ?CO?MAIN
  +--> ?PR?_UART_PRINTF?USART
  +--> ?PR?TM1629_INIT?TM1629
  +--> ?PR?INIT_TIMER0?TIMER
  +--> ?PR?INIT_TIMER1?TIMER
  +--> ?PR?EXINT0_INIT?EV1527
  +--> ?PR?DS1302_INIT?DS1302
  +--> ?PR?GD5800_INITIALIZATION?GD5800
  +--> ?PR?DELAY10MS?KEY
  +--> ?PR?_GD5800_SELECT_CHAPTER?GD5800
  +--> ?PR?KEYPROCESS?KEY
  +--> ?PR?DECODERPROCESS?DECODER

?PR?_UART_PRINTF?USART                           -----    -----      -----    -----      0039H    042EH
  +--> ?PR?_VSPRINTF?VSPRINTF
  +--> ?PR?_USART1_SENDSTRING?USART

?PR?_VSPRINTF?VSPRINTF                           -----    -----      -----    -----      0467H    0006H
  +--> ?PR?PRINTF?PRINTF

?PR?PRINTF?PRINTF                                0020H.0  0001H.1    0008H    0005H      046DH    0028H
  +--> ?PR?PUTCHAR?PUTCHAR

?PR?_USART1_SENDSTRING?USART                     -----    -----      -----    -----      0467H    0003H
  +--> ?PR?_USART1_SENDDATA?USART

?PR?TM1629_INIT?TM1629                           -----    -----      -----    -----      0000H    0001H
  +--> ?PR?DISPLAY?TM1629
  +--> ?PR?_TM1629_DELAY?TM1629

BL51 BANKED LINKER/LOCATER V6.22                                                      10/05/2015  17:39:49  PAGE 7


?PR?DISPLAY?TM1629                               -----    -----      -----    -----      -----    -----
  +--> ?PR?RETURN_TWO_MENU_F6_E5?KEY
  +--> ?PR?_SEND_COMMAND?TM1629
  +--> ?PR?_WRITEDATATO1629?TM1629
  +--> ?PR?_SEND_COMMAND_2?TM1629
  +--> ?PR?_WRITEDATATO1629_2?TM1629
  +--> ?PR?_SEND_COMMAND_3?TM1629
  +--> ?PR?_WRITEDATATO1629_3?TM1629

?PR?_SEND_COMMAND?TM1629                         -----    -----      -----    -----      -----    -----
  +--> ?PR?_WRITEDATATO1629?TM1629

?PR?_SEND_COMMAND_2?TM1629                       -----    -----      -----    -----      -----    -----
  +--> ?PR?_WRITEDATATO1629_2?TM1629

?PR?_SEND_COMMAND_3?TM1629                       -----    -----      -----    -----      -----    -----
  +--> ?PR?_WRITEDATATO1629_3?TM1629

?PR?DS1302_INIT?DS1302                           -----    -----      -----    -----      -----    -----
  +--> ?PR?_DS1302_WRITE_BYTE?DS1302

?PR?GD5800_INITIALIZATION?GD5800                 -----    -----      -----    -----      -----    -----
  +--> ?PR?_USART2_SENDDATA?USART

?PR?_GD5800_SELECT_CHAPTER?GD5800                -----    -----      -----    -----      0048H    0002H
  +--> ?PR?_USART2_SENDDATA?USART

?PR?KEYPROCESS?KEY                               -----    -----      -----    -----      0000H    0001H
  +--> ?PR?KEYDECODER?KEY
  +--> ?PR?RETURN_MAIN_PRESS_TIME?TIMER
  +--> ?PR?_DELETE_CALL_FUNCTION?AT24C256
  +--> ?PR?_DELETE_HOST_FUNCTION?AT24C256
  +--> ?PR?_DELETE_ALARM_FUNCTION?AT24C256
  +--> ?PR?_DELETE_CANCEL_FUNCTION?AT24C256
  +--> ?PR?DELAY10MS?KEY
  +--> ?CO?KEY
  +--> ?PR?CLEAR_MAIN_PRESS_TIME?TIMER
  +--> ?PR?RETURN_TWO_MENU_FB_E1?KEY
  +--> ?PR?LOGOUT?TM1629
  +--> ?PR?CYCLEUP?TM1629
  +--> ?PR?CYCLEDOWN?TM1629

?PR?KEYDECODER?KEY                               -----    -----      -----    -----      0001H    0002H
  +--> ?PR?KEYSCAN?KEY
  +--> ?CO?KEY
  +--> ?PR?_UART_PRINTF?USART

?PR?KEYSCAN?KEY                                  -----    -----      -----    -----      0003H    0002H
  +--> ?PR?DELAY10MS?KEY
  +--> ?PR?CLEAR_RETURN_STANDBY_TIME?TIMER
  +--> ?PR?CLEAR_MAIN_PRESS_TIME?TIMER
  +--> ?PR?_SET_MAIN_PRESS_TIME_TABLE?TIMER
  +--> ?PR?_SET_LOGOUT_CYCLE_TABLE?TIMER

?CO?KEY                                          -----    -----      -----    -----      -----    -----
  +--> ?PR?FUN0?TM1629
  +--> ?PR?FUN1?TM1629
BL51 BANKED LINKER/LOCATER V6.22                                                      10/05/2015  17:39:49  PAGE 8


  +--> ?PR?FUN2?TM1629
  +--> ?PR?FUN3?TM1629
  +--> ?PR?FUN4?TM1629
  +--> ?PR?FUN5?TM1629
  +--> ?PR?FUN6?TM1629
  +--> ?PR?FUN7?TM1629
  +--> ?PR?FUN8?TM1629
  +--> ?PR?FUN9?TM1629
  +--> ?PR?FUN10?TM1629
  +--> ?PR?FUN11?TM1629
  +--> ?PR?FUN12?TM1629
  +--> ?PR?FUN13?TM1629
  +--> ?PR?FUN14?TM1629
  +--> ?PR?FUN15?TM1629
  +--> ?PR?FUN16?TM1629
  +--> ?PR?FUN17?TM1629
  +--> ?PR?FUN18?TM1629
  +--> ?PR?FUN19?TM1629
  +--> ?PR?FUN20?TM1629
  +--> ?PR?FUN21?TM1629
  +--> ?PR?FUN22?TM1629
  +--> ?PR?FUN23?TM1629
  +--> ?PR?FUN24?TM1629
  +--> ?PR?FUN25?TM1629
  +--> ?PR?FUN26?TM1629
  +--> ?PR?FUN27?TM1629
  +--> ?PR?FUN28?TM1629
  +--> ?PR?FUN29?TM1629
  +--> ?PR?FUN30?TM1629
  +--> ?PR?FUN31?TM1629
  +--> ?PR?FUN32?TM1629
  +--> ?PR?FUN33?TM1629
  +--> ?PR?FUN34?TM1629
  +--> ?PR?FUN35?TM1629
  +--> ?PR?FUN36?TM1629
  +--> ?PR?FUN37?TM1629
  +--> ?PR?FUN38?TM1629
  +--> ?PR?FUN39?TM1629
  +--> ?PR?FUN40?TM1629
  +--> ?PR?FUN41?TM1629
  +--> ?PR?FUN42?TM1629
  +--> ?PR?FUN43?TM1629
  +--> ?PR?FUN44?TM1629
  +--> ?PR?FUN45?TM1629
  +--> ?PR?FUN46?TM1629
  +--> ?PR?FUN47?TM1629
  +--> ?PR?FUN48?TM1629
  +--> ?PR?FUN49?TM1629
  +--> ?PR?FUN50?TM1629
  +--> ?PR?FUN51?TM1629
  +--> ?PR?FUN52?TM1629
  +--> ?PR?FUN53?TM1629
  +--> ?PR?FUN54?TM1629
  +--> ?PR?FUN55?TM1629
  +--> ?PR?FUN56?TM1629
  +--> ?PR?FUN57?TM1629
  +--> ?PR?FUN58?TM1629
BL51 BANKED LINKER/LOCATER V6.22                                                      10/05/2015  17:39:49  PAGE 9


  +--> ?PR?FUN59?TM1629
  +--> ?PR?FUN60?TM1629
  +--> ?PR?FUN61?TM1629
  +--> ?PR?FUN62?TM1629
  +--> ?PR?FUN63?TM1629
  +--> ?PR?FUN64?TM1629
  +--> ?PR?FUN65?TM1629
  +--> ?PR?FUN66?TM1629
  +--> ?PR?FUN67?TM1629
  +--> ?PR?FUN68?TM1629
  +--> ?PR?FUN69?TM1629
  +--> ?PR?FUN70?TM1629
  +--> ?PR?FUN71?TM1629
  +--> ?PR?FUN72?TM1629
  +--> ?PR?FUN73?TM1629
  +--> ?PR?FUN74?TM1629
  +--> ?PR?FUN75?TM1629
  +--> ?PR?FUN76?TM1629
  +--> ?PR?FUN77?TM1629
  +--> ?PR?FUN78?TM1629
  +--> ?PR?FUN79?TM1629
  +--> ?PR?FUN80?TM1629
  +--> ?PR?FUN81?TM1629
  +--> ?PR?FUN82?TM1629
  +--> ?PR?FUN83?TM1629
  +--> ?PR?FUN84?TM1629
  +--> ?PR?FUN85?TM1629
  +--> ?PR?FUN86?TM1629
  +--> ?PR?FUN87?TM1629
  +--> ?PR?FUN88?TM1629
  +--> ?PR?FUN89?TM1629
  +--> ?PR?FUN90?TM1629
  +--> ?PR?FUN91?TM1629
  +--> ?PR?FUN92?TM1629
  +--> ?PR?FUN93?TM1629
  +--> ?PR?FUN94?TM1629
  +--> ?PR?FUN95?TM1629

?PR?FUN0?TM1629                                  -----    -----      -----    -----      -----    -----
  +--> ?PR?RETURN_TWO_MENU_FC_E1?KEY
  +--> ?PR?TM1629_AWAIT?TM1629
  +--> ?PR?DISPLAY_TIME?TM1629
  +--> ?PR?TM1629_DISPLAY_BUFF_CLEAR?TM1629

?PR?TM1629_AWAIT?TM1629                          -----    -----      -----    -----      -----    -----
  +--> ?PR?RETURN_AWAIT_NUMBER_TABLE?TIMER
  +--> ?PR?TM1629_CLEAR?TM1629
  +--> ?PR?DISPLAY?TM1629
  +--> ?PR?_SET_AWAIT_NUMBER_TABLE?TIMER

?PR?DISPLAY_TIME?TM1629                          -----    -----      -----    -----      -----    -----
  +--> ?PR?TM1629_CLEAR?TM1629
  +--> ?PR?DS1302_READ_TIME?DS1302
  +--> ?PR?DISPLAY?TM1629

?PR?DS1302_READ_TIME?DS1302                      -----    -----      -----    -----      -----    -----
  +--> ?PR?_DS1302_READ_BYTE?DS1302
BL51 BANKED LINKER/LOCATER V6.22                                                      10/05/2015  17:39:49  PAGE 10



?PR?FUN1?TM1629                                  -----    -----      -----    -----      -----    -----
  +--> ?PR?_TM1629_F?TM1629

?PR?_TM1629_F?TM1629                             -----    -----      -----    -----      -----    -----
  +--> ?PR?TM1629_CLEAR?TM1629
  +--> ?PR?DISPLAY?TM1629

?PR?FUN2?TM1629                                  -----    -----      -----    -----      -----    -----
  +--> ?PR?_TM1629_F?TM1629

?PR?FUN3?TM1629                                  -----    -----      -----    -----      -----    -----
  +--> ?PR?_TM1629_F?TM1629

?PR?FUN4?TM1629                                  -----    -----      -----    -----      -----    -----
  +--> ?PR?_TM1629_F?TM1629

?PR?FUN5?TM1629                                  -----    -----      -----    -----      -----    -----
  +--> ?PR?_TM1629_F?TM1629

?PR?FUN6?TM1629                                  -----    -----      -----    -----      -----    -----
  +--> ?PR?_TM1629_F?TM1629

?PR?FUN7?TM1629                                  -----    -----      -----    -----      -----    -----
  +--> ?PR?_TM1629_F?TM1629

?PR?FUN8?TM1629                                  -----    -----      -----    -----      -----    -----
  +--> ?PR?_TM1629_F?TM1629

?PR?FUN9?TM1629                                  -----    -----      -----    -----      -----    -----
  +--> ?PR?_TM1629_F?TM1629

?PR?FUN10?TM1629                                 -----    -----      -----    -----      -----    -----
  +--> ?PR?_TM1629_F?TM1629

?PR?FUN11?TM1629                                 -----    -----      -----    -----      -----    -----
  +--> ?PR?_TM1629_F?TM1629

?PR?FUN12?TM1629                                 -----    -----      -----    -----      -----    -----
  +--> ?PR?_TM1629_F?TM1629

?PR?FUN13?TM1629                                 -----    -----      -----    -----      -----    -----
  +--> ?PR?_TM1629_F?TM1629

?PR?FUN14?TM1629                                 -----    -----      -----    -----      -----    -----
  +--> ?PR?_TM1629_F?TM1629

?PR?FUN15?TM1629                                 -----    -----      -----    -----      -----    -----
  +--> ?PR?RETURN_TWO_MENU_FC_E1?KEY
  +--> ?PR?_SET_FUNC_INDEX?KEY
  +--> ?PR?RETURN_AWAIT_NUMBER_TABLE?TIMER
  +--> ?PR?DISPLAY_TIME?TM1629
  +--> ?PR?_SET_AWAIT_NUMBER_TABLE?TIMER
  +--> ?PR?DISPLAY?TM1629
  +--> ?PR?DS1302_WRITE_TIME?DS1302

?PR?DS1302_WRITE_TIME?DS1302                     -----    -----      -----    -----      -----    -----
BL51 BANKED LINKER/LOCATER V6.22                                                      10/05/2015  17:39:49  PAGE 11


  +--> ?PR?_DS1302_WRITE_BYTE?DS1302

?PR?FUN16?TM1629                                 -----    -----      -----    -----      -----    -----
  +--> ?PR?RETURN_AWAIT_NUMBER_TABLE?TIMER
  +--> ?PR?DISPLAY_TIME?TM1629
  +--> ?PR?_SET_AWAIT_NUMBER_TABLE?TIMER
  +--> ?PR?DISPLAY?TM1629
  +--> ?PR?DS1302_WRITE_TIME?DS1302

?PR?FUN17?TM1629                                 -----    -----      -----    -----      -----    -----
  +--> ?PR?RETURN_AWAIT_NUMBER_TABLE?TIMER
  +--> ?PR?DISPLAY_TIME?TM1629
  +--> ?PR?_SET_AWAIT_NUMBER_TABLE?TIMER
  +--> ?PR?DISPLAY?TM1629
  +--> ?PR?DS1302_WRITE_TIME?DS1302

?PR?FUN18?TM1629                                 -----    -----      -----    -----      -----    -----
  +--> ?PR?RETURN_AWAIT_NUMBER_TABLE?TIMER
  +--> ?PR?DISPLAY_TIME?TM1629
  +--> ?PR?_SET_AWAIT_NUMBER_TABLE?TIMER
  +--> ?PR?DISPLAY?TM1629
  +--> ?PR?DS1302_WRITE_TIME?DS1302

?PR?FUN19?TM1629                                 -----    -----      -----    -----      -----    -----
  +--> ?PR?RETURN_AWAIT_NUMBER_TABLE?TIMER
  +--> ?PR?DISPLAY_TIME?TM1629
  +--> ?PR?_SET_AWAIT_NUMBER_TABLE?TIMER
  +--> ?PR?DISPLAY?TM1629
  +--> ?PR?DS1302_WRITE_TIME?DS1302

?PR?FUN20?TM1629                                 -----    -----      -----    -----      -----    -----
  +--> ?PR?RETURN_AWAIT_NUMBER_TABLE?TIMER
  +--> ?PR?DISPLAY_TIME?TM1629
  +--> ?PR?_SET_AWAIT_NUMBER_TABLE?TIMER
  +--> ?PR?DISPLAY?TM1629
  +--> ?PR?DS1302_WRITE_TIME?DS1302

?PR?FUN21?TM1629                                 -----    -----      -----    -----      -----    -----
  +--> ?PR?_TM1629_E?TM1629

?PR?_TM1629_E?TM1629                             -----    -----      -----    -----      -----    -----
  +--> ?PR?TM1629_CLEAR?TM1629
  +--> ?PR?DISPLAY?TM1629

?PR?FUN22?TM1629                                 -----    -----      -----    -----      -----    -----
  +--> ?PR?_TM1629_E?TM1629

?PR?FUN23?TM1629                                 -----    -----      -----    -----      -----    -----
  +--> ?PR?_TM1629_E?TM1629

?PR?FUN24?TM1629                                 -----    -----      -----    -----      -----    -----
  +--> ?PR?_TM1629_E?TM1629

?PR?FUN25?TM1629                                 -----    -----      -----    -----      -----    -----
  +--> ?PR?_TM1629_E?TM1629

?PR?FUN26?TM1629                                 -----    -----      -----    -----      -----    -----
BL51 BANKED LINKER/LOCATER V6.22                                                      10/05/2015  17:39:49  PAGE 12


  +--> ?PR?_TM1629_E?TM1629

?PR?FUN27?TM1629                                 -----    -----      -----    -----      -----    -----
  +--> ?PR?_TM1629_E?TM1629

?PR?FUN28?TM1629                                 -----    -----      -----    -----      -----    -----
  +--> ?PR?_TM1629_E?TM1629

?PR?FUN29?TM1629                                 -----    -----      -----    -----      -----    -----
  +--> ?PR?_TM1629_E?TM1629

?PR?FUN30?TM1629                                 -----    -----      -----    -----      -----    -----
  +--> ?PR?_TM1629_E?TM1629

?PR?FUN31?TM1629                                 -----    -----      -----    -----      -----    -----
  +--> ?PR?RETURN_TWO_MENU_F4_E1?KEY
  +--> ?PR?_SHOW_TWO_NUMBER?TM1629

?PR?_SHOW_TWO_NUMBER?TM1629                      -----    -----      -----    -----      -----    -----
  +--> ?PR?TM1629_CLEAR?TM1629
  +--> ?PR?DISPLAY?TM1629

?PR?FUN32?TM1629                                 -----    -----      -----    -----      -----    -----
  +--> ?PR?RETURN_TWO_MENU_F5_E1?KEY
  +--> ?PR?_SHOW_TWO_NUMBER?TM1629

?PR?FUN33?TM1629                                 -----    -----      -----    -----      -----    -----
  +--> ?PR?_TM1629_E?TM1629

?PR?FUN34?TM1629                                 -----    -----      -----    -----      -----    -----
  +--> ?PR?_TM1629_E?TM1629

?PR?FUN35?TM1629                                 -----    -----      -----    -----      -----    -----
  +--> ?PR?_TM1629_E?TM1629

?PR?FUN36?TM1629                                 -----    -----      -----    -----      -----    -----
  +--> ?PR?_TM1629_E?TM1629

?PR?FUN37?TM1629                                 -----    -----      -----    -----      -----    -----
  +--> ?PR?_TM1629_E?TM1629

?PR?FUN38?TM1629                                 -----    -----      -----    -----      -----    -----
  +--> ?PR?_TM1629_E?TM1629

?PR?FUN39?TM1629                                 -----    -----      -----    -----      -----    -----
  +--> ?PR?_TM1629_E?TM1629

?PR?FUN40?TM1629                                 -----    -----      -----    -----      -----    -----
  +--> ?PR?_TM1629_E?TM1629

?PR?FUN41?TM1629                                 -----    -----      -----    -----      -----    -----
  +--> ?PR?_TM1629_E?TM1629

?PR?FUN42?TM1629                                 -----    -----      -----    -----      -----    -----
  +--> ?PR?_TM1629_E?TM1629
  +--> ?PR?RETURN_TWO_MENU_F8_E1?KEY

BL51 BANKED LINKER/LOCATER V6.22                                                      10/05/2015  17:39:49  PAGE 13


?PR?FUN43?TM1629                                 -----    -----      -----    -----      -----    -----
  +--> ?PR?_TM1629_E?TM1629

?PR?FUN44?TM1629                                 -----    -----      -----    -----      -----    -----
  +--> ?PR?_TM1629_E?TM1629

?PR?FUN45?TM1629                                 -----    -----      -----    -----      -----    -----
  +--> ?PR?_TM1629_E?TM1629

?PR?FUN46?TM1629                                 -----    -----      -----    -----      -----    -----
  +--> ?PR?_TM1629_F?TM1629

?PR?FUN47?TM1629                                 -----    -----      -----    -----      -----    -----
  +--> ?PR?RETURN_TWO_MENU_FB_E1?KEY
  +--> ?PR?_SHOW_ONE_NUMBER?TM1629

?PR?_SHOW_ONE_NUMBER?TM1629                      -----    -----      -----    -----      -----    -----
  +--> ?PR?TM1629_CLEAR?TM1629
  +--> ?PR?DISPLAY?TM1629

?PR?FUN48?TM1629                                 -----    -----      -----    -----      -----    -----
  +--> ?PR?RETURN_TWO_MENU_FC_E1?KEY
  +--> ?PR?_SHOW_ONE_NUMBER?TM1629

?PR?FUN49?TM1629                                 -----    -----      -----    -----      -----    -----
  +--> ?PR?_TM1629_F?TM1629

?PR?FUN50?TM1629                                 -----    -----      -----    -----      -----    -----
  +--> ?PR?RETURN_AWAIT_NUMBER_TABLE?TIMER
  +--> ?PR?_SHOW_FOUR_NUMBER?TM1629
  +--> ?PR?_SET_AWAIT_NUMBER_TABLE?TIMER
  +--> ?PR?DISPLAY?TM1629

?PR?_SHOW_FOUR_NUMBER?TM1629                     -----    -----      -----    -----      -----    -----
  +--> ?PR?TM1629_CLEAR?TM1629
  +--> ?PR?DISPLAY?TM1629

?PR?FUN51?TM1629                                 -----    -----      -----    -----      -----    -----
  +--> ?PR?RETURN_AWAIT_NUMBER_TABLE?TIMER
  +--> ?PR?_SHOW_FOUR_NUMBER?TM1629
  +--> ?PR?_SET_AWAIT_NUMBER_TABLE?TIMER
  +--> ?PR?DISPLAY?TM1629

?PR?FUN52?TM1629                                 -----    -----      -----    -----      -----    -----
  +--> ?PR?RETURN_AWAIT_NUMBER_TABLE?TIMER
  +--> ?PR?_SHOW_FOUR_NUMBER?TM1629
  +--> ?PR?_SET_AWAIT_NUMBER_TABLE?TIMER
  +--> ?PR?DISPLAY?TM1629

?PR?FUN53?TM1629                                 -----    -----      -----    -----      -----    -----
  +--> ?PR?RETURN_AWAIT_NUMBER_TABLE?TIMER
  +--> ?PR?_SHOW_FOUR_NUMBER?TM1629
  +--> ?PR?_SET_AWAIT_NUMBER_TABLE?TIMER
  +--> ?PR?DISPLAY?TM1629

?PR?FUN54?TM1629                                 -----    -----      -----    -----      -----    -----
  +--> ?PR?RETURN_AWAIT_NUMBER_TABLE?TIMER
BL51 BANKED LINKER/LOCATER V6.22                                                      10/05/2015  17:39:49  PAGE 14


  +--> ?PR?_SHOW_FOUR_NUMBER?TM1629
  +--> ?PR?_SET_AWAIT_NUMBER_TABLE?TIMER
  +--> ?PR?DISPLAY?TM1629

?PR?FUN55?TM1629                                 -----    -----      -----    -----      -----    -----
  +--> ?PR?RETURN_AWAIT_NUMBER_TABLE?TIMER
  +--> ?PR?_SHOW_FOUR_NUMBER?TM1629
  +--> ?PR?_SET_AWAIT_NUMBER_TABLE?TIMER
  +--> ?PR?DISPLAY?TM1629

?PR?FUN56?TM1629                                 -----    -----      -----    -----      -----    -----
  +--> ?PR?RETURN_AWAIT_NUMBER_TABLE?TIMER
  +--> ?PR?_SHOW_FOUR_NUMBER?TM1629
  +--> ?PR?_SET_AWAIT_NUMBER_TABLE?TIMER
  +--> ?PR?DISPLAY?TM1629

?PR?FUN57?TM1629                                 -----    -----      -----    -----      -----    -----
  +--> ?PR?RETURN_AWAIT_NUMBER_TABLE?TIMER
  +--> ?PR?_SHOW_FOUR_NUMBER?TM1629
  +--> ?PR?_SET_AWAIT_NUMBER_TABLE?TIMER
  +--> ?PR?DISPLAY?TM1629

?PR?FUN58?TM1629                                 -----    -----      -----    -----      -----    -----
  +--> ?PR?RETURN_AWAIT_NUMBER_TABLE?TIMER
  +--> ?PR?_SHOW_FOUR_NUMBER?TM1629
  +--> ?PR?_SET_AWAIT_NUMBER_TABLE?TIMER
  +--> ?PR?DISPLAY?TM1629

?PR?FUN59?TM1629                                 -----    -----      -----    -----      -----    -----
  +--> ?PR?RETURN_AWAIT_NUMBER_TABLE?TIMER
  +--> ?PR?_SHOW_FOUR_NUMBER?TM1629
  +--> ?PR?_SET_AWAIT_NUMBER_TABLE?TIMER
  +--> ?PR?DISPLAY?TM1629

?PR?FUN60?TM1629                                 -----    -----      -----    -----      -----    -----
  +--> ?PR?RETURN_AWAIT_NUMBER_TABLE?TIMER
  +--> ?PR?_SHOW_FOUR_NUMBER?TM1629
  +--> ?PR?_SET_AWAIT_NUMBER_TABLE?TIMER
  +--> ?PR?DISPLAY?TM1629

?PR?FUN61?TM1629                                 -----    -----      -----    -----      -----    -----
  +--> ?PR?RETURN_AWAIT_NUMBER_TABLE?TIMER
  +--> ?PR?_SHOW_FOUR_NUMBER?TM1629
  +--> ?PR?_SET_AWAIT_NUMBER_TABLE?TIMER
  +--> ?PR?DISPLAY?TM1629

?PR?FUN62?TM1629                                 -----    -----      -----    -----      -----    -----
  +--> ?PR?RETURN_AWAIT_NUMBER_TABLE?TIMER
  +--> ?PR?_SHOW_FOUR_NUMBER?TM1629
  +--> ?PR?_SET_AWAIT_NUMBER_TABLE?TIMER
  +--> ?PR?DISPLAY?TM1629

?PR?FUN63?TM1629                                 -----    -----      -----    -----      -----    -----
  +--> ?PR?RETURN_AWAIT_NUMBER_TABLE?TIMER
  +--> ?PR?_SHOW_FOUR_NUMBER?TM1629
  +--> ?PR?_SET_AWAIT_NUMBER_TABLE?TIMER
  +--> ?PR?DISPLAY?TM1629
BL51 BANKED LINKER/LOCATER V6.22                                                      10/05/2015  17:39:49  PAGE 15



?PR?FUN64?TM1629                                 -----    -----      -----    -----      -----    -----
  +--> ?PR?RETURN_AWAIT_NUMBER_TABLE?TIMER
  +--> ?PR?_SHOW_FOUR_NUMBER?TM1629
  +--> ?PR?_SET_AWAIT_NUMBER_TABLE?TIMER
  +--> ?PR?DISPLAY?TM1629

?PR?FUN65?TM1629                                 -----    -----      -----    -----      -----    -----
  +--> ?PR?RETURN_AWAIT_NUMBER_TABLE?TIMER
  +--> ?PR?_SHOW_FOUR_NUMBER?TM1629
  +--> ?PR?_SET_AWAIT_NUMBER_TABLE?TIMER
  +--> ?PR?DISPLAY?TM1629

?PR?FUN66?TM1629                                 -----    -----      -----    -----      -----    -----
  +--> ?PR?RETURN_AWAIT_NUMBER_TABLE?TIMER
  +--> ?PR?_SHOW_FOUR_NUMBER?TM1629
  +--> ?PR?_SET_AWAIT_NUMBER_TABLE?TIMER
  +--> ?PR?DISPLAY?TM1629

?PR?FUN67?TM1629                                 -----    -----      -----    -----      -----    -----
  +--> ?PR?RETURN_AWAIT_NUMBER_TABLE?TIMER
  +--> ?PR?_SHOW_FOUR_NUMBER?TM1629
  +--> ?PR?_SET_AWAIT_NUMBER_TABLE?TIMER
  +--> ?PR?DISPLAY?TM1629

?PR?FUN68?TM1629                                 -----    -----      -----    -----      -----    -----
  +--> ?PR?RETURN_AWAIT_NUMBER_TABLE?TIMER
  +--> ?PR?_SHOW_FOUR_NUMBER?TM1629
  +--> ?PR?_SET_AWAIT_NUMBER_TABLE?TIMER
  +--> ?PR?DISPLAY?TM1629

?PR?FUN69?TM1629                                 -----    -----      -----    -----      -----    -----
  +--> ?PR?RETURN_AWAIT_NUMBER_TABLE?TIMER
  +--> ?PR?_SHOW_FOUR_NUMBER?TM1629
  +--> ?PR?_SET_AWAIT_NUMBER_TABLE?TIMER
  +--> ?PR?DISPLAY?TM1629

?PR?FUN70?TM1629                                 -----    -----      -----    -----      -----    -----
  +--> ?PR?RETURN_AWAIT_NUMBER_TABLE?TIMER
  +--> ?PR?_SHOW_FOUR_NUMBER?TM1629
  +--> ?PR?_SET_AWAIT_NUMBER_TABLE?TIMER
  +--> ?PR?DISPLAY?TM1629

?PR?FUN71?TM1629                                 -----    -----      -----    -----      -----    -----
  +--> ?PR?RETURN_AWAIT_NUMBER_TABLE?TIMER
  +--> ?PR?_SHOW_FOUR_NUMBER?TM1629
  +--> ?PR?_SET_AWAIT_NUMBER_TABLE?TIMER
  +--> ?PR?DISPLAY?TM1629

?PR?FUN72?TM1629                                 -----    -----      -----    -----      -----    -----
  +--> ?PR?RETURN_AWAIT_NUMBER_TABLE?TIMER
  +--> ?PR?_SHOW_FOUR_NUMBER?TM1629
  +--> ?PR?_SET_AWAIT_NUMBER_TABLE?TIMER
  +--> ?PR?DISPLAY?TM1629

?PR?FUN73?TM1629                                 -----    -----      -----    -----      -----    -----
  +--> ?PR?RETURN_AWAIT_NUMBER_TABLE?TIMER
BL51 BANKED LINKER/LOCATER V6.22                                                      10/05/2015  17:39:49  PAGE 16


  +--> ?PR?_SHOW_FOUR_NUMBER?TM1629
  +--> ?PR?_SET_AWAIT_NUMBER_TABLE?TIMER
  +--> ?PR?DISPLAY?TM1629

?PR?FUN74?TM1629                                 -----    -----      -----    -----      -----    -----
  +--> ?PR?RETURN_AWAIT_NUMBER_TABLE?TIMER
  +--> ?PR?_SHOW_FOUR_NUMBER?TM1629
  +--> ?PR?_SET_AWAIT_NUMBER_TABLE?TIMER
  +--> ?PR?DISPLAY?TM1629

?PR?FUN75?TM1629                                 -----    -----      -----    -----      -----    -----
  +--> ?PR?RETURN_AWAIT_NUMBER_TABLE?TIMER
  +--> ?PR?_SHOW_FOUR_NUMBER?TM1629
  +--> ?PR?_SET_AWAIT_NUMBER_TABLE?TIMER
  +--> ?PR?DISPLAY?TM1629

?PR?FUN76?TM1629                                 -----    -----      -----    -----      -----    -----
  +--> ?PR?RETURN_AWAIT_NUMBER_TABLE?TIMER
  +--> ?PR?_SHOW_FOUR_NUMBER?TM1629
  +--> ?PR?_SET_AWAIT_NUMBER_TABLE?TIMER
  +--> ?PR?DISPLAY?TM1629

?PR?FUN77?TM1629                                 -----    -----      -----    -----      -----    -----
  +--> ?PR?RETURN_AWAIT_NUMBER_TABLE?TIMER
  +--> ?PR?_SHOW_FOUR_NUMBER?TM1629
  +--> ?PR?_SET_AWAIT_NUMBER_TABLE?TIMER
  +--> ?PR?DISPLAY?TM1629

?PR?FUN78?TM1629                                 -----    -----      -----    -----      -----    -----
  +--> ?PR?RETURN_AWAIT_NUMBER_TABLE?TIMER
  +--> ?PR?_SHOW_FOUR_NUMBER?TM1629
  +--> ?PR?_SET_AWAIT_NUMBER_TABLE?TIMER
  +--> ?PR?DISPLAY?TM1629

?PR?FUN79?TM1629                                 -----    -----      -----    -----      -----    -----
  +--> ?PR?RETURN_AWAIT_NUMBER_TABLE?TIMER
  +--> ?PR?_SHOW_FOUR_NUMBER?TM1629
  +--> ?PR?_SET_AWAIT_NUMBER_TABLE?TIMER
  +--> ?PR?DISPLAY?TM1629

?PR?FUN80?TM1629                                 -----    -----      -----    -----      -----    -----
  +--> ?PR?RETURN_AWAIT_NUMBER_TABLE?TIMER
  +--> ?PR?_SHOW_FOUR_NUMBER?TM1629
  +--> ?PR?_SET_AWAIT_NUMBER_TABLE?TIMER
  +--> ?PR?DISPLAY?TM1629

?PR?FUN81?TM1629                                 -----    -----      -----    -----      -----    -----
  +--> ?PR?RETURN_AWAIT_NUMBER_TABLE?TIMER
  +--> ?PR?_SHOW_FOUR_NUMBER?TM1629
  +--> ?PR?_SET_AWAIT_NUMBER_TABLE?TIMER
  +--> ?PR?DISPLAY?TM1629

?PR?FUN82?TM1629                                 -----    -----      -----    -----      -----    -----
  +--> ?PR?RETURN_TWO_MENU_F3_E1?KEY
  +--> ?PR?_SHOW_ONE_NUMBER?TM1629

?PR?FUN83?TM1629                                 -----    -----      -----    -----      -----    -----
BL51 BANKED LINKER/LOCATER V6.22                                                      10/05/2015  17:39:49  PAGE 17


  +--> ?PR?RETURN_TWO_MENU_F3_E2?KEY
  +--> ?PR?_SHOW_TWO_NUMBER?TM1629

?PR?FUN84?TM1629                                 -----    -----      -----    -----      -----    -----
  +--> ?PR?RETURN_TWO_MENU_F6_E1?KEY
  +--> ?PR?_SHOW_ONE_NUMBER?TM1629

?PR?FUN85?TM1629                                 -----    -----      -----    -----      -----    -----
  +--> ?PR?RETURN_TWO_MENU_F6_E2?KEY
  +--> ?PR?_SHOW_ONE_NUMBER?TM1629

?PR?FUN86?TM1629                                 -----    -----      -----    -----      -----    -----
  +--> ?PR?RETURN_TWO_MENU_F6_E3?KEY
  +--> ?PR?_SHOW_ONE_NUMBER?TM1629

?PR?FUN87?TM1629                                 -----    -----      -----    -----      0003H    0001H
  +--> ?PR?RETURN_TWO_MENU_F6_E4?KEY
  +--> ?PR?_GD5800_SOUND_VOLUME?GD5800
  +--> ?PR?_SHOW_ONE_NUMBER?TM1629

?PR?_GD5800_SOUND_VOLUME?GD5800                  -----    -----      -----    -----      0004H    0001H
  +--> ?PR?_USART2_SENDDATA?USART

?PR?FUN88?TM1629                                 -----    -----      -----    -----      -----    -----
  +--> ?PR?RETURN_TWO_MENU_F6_E5?KEY
  +--> ?PR?_SHOW_ONE_NUMBER?TM1629

?PR?FUN89?TM1629                                 -----    -----      -----    -----      0003H    0001H
  +--> ?PR?RETURN_TWO_MENU_F7_E1?KEY
  +--> ?PR?_SHOW_ONE_NUMBER?TM1629
  +--> ?PR?SHOW_ON?TM1629
  +--> ?PR?SHOW_OFF?TM1629

?PR?SHOW_ON?TM1629                               -----    -----      -----    -----      -----    -----
  +--> ?PR?TM1629_CLEAR?TM1629
  +--> ?PR?DISPLAY?TM1629

?PR?SHOW_OFF?TM1629                              -----    -----      -----    -----      -----    -----
  +--> ?PR?TM1629_CLEAR?TM1629
  +--> ?PR?DISPLAY?TM1629

?PR?FUN90?TM1629                                 -----    -----      -----    -----      -----    -----
  +--> ?PR?RETURN_TWO_MENU_F7_E2?KEY
  +--> ?PR?_SHOW_ONE_NUMBER?TM1629

?PR?FUN91?TM1629                                 -----    -----      -----    -----      -----    -----
  +--> ?PR?RETURN_TWO_MENU_F7_E3?KEY
  +--> ?PR?_SHOW_ONE_NUMBER?TM1629

?PR?FUN92?TM1629                                 -----    -----      -----    -----      -----    -----
  +--> ?PR?RETURN_TWO_MENU_F7_E4?KEY
  +--> ?PR?_SHOW_ONE_NUMBER?TM1629

?PR?FUN93?TM1629                                 -----    -----      -----    -----      0003H    0001H
  +--> ?PR?RETURN_TWO_MENU_F8_E1?KEY
  +--> ?PR?_SHOW_ONE_NUMBER?TM1629
  +--> ?PR?DELETE_ALL_DATA?AT24C256
BL51 BANKED LINKER/LOCATER V6.22                                                      10/05/2015  17:39:49  PAGE 18



?PR?DELETE_ALL_DATA?AT24C256                     -----    -----      -----    -----      0004H    0022H
  +--> ?CO?AT24C256
  +--> ?PR?_ISENDSTR?AT24C256
  +--> ?PR?DELAY10MS?KEY

?PR?_ISENDSTR?AT24C256                           -----    -----      -----    -----      0039H    0007H
  +--> ?PR?START_I2C?AT24C256
  +--> ?PR?_SENDBYTE?AT24C256
  +--> ?PR?STOP_I2C?AT24C256

?PR?FUN94?TM1629                                 -----    -----      -----    -----      0003H    0001H
  +--> ?PR?RETURN_TWO_MENU_F8_E2?KEY
  +--> ?PR?_SHOW_TWO_NUMBER?TM1629
  +--> ?PR?RETURN_SOUND_TABLE?KEY
  +--> ?PR?DELAY10MS?KEY
  +--> ?PR?GD5800_STOP_MUSIC?GD5800
  +--> ?PR?_GD5800_SELECT_CHAPTER?GD5800
  +--> ?PR?_SET_SOUND_TABLE?KEY

?PR?GD5800_STOP_MUSIC?GD5800                     -----    -----      -----    -----      -----    -----
  +--> ?PR?_USART2_SENDDATA?USART

?PR?FUN95?TM1629                                 -----    -----      -----    -----      -----    -----
  +--> ?PR?TM1629_LOAD?TM1629
  +--> ?PR?DISPLAY?TM1629

?PR?TM1629_LOAD?TM1629                           -----    -----      -----    -----      -----    -----
  +--> ?PR?TM1629_CLEAR?TM1629
  +--> ?PR?_MCURAM_TO_DISPLAYRAM?TM1629

?PR?_MCURAM_TO_DISPLAYRAM?TM1629                 -----    -----      -----    -----      003EH    0006H

?PR?_DELETE_CALL_FUNCTION?AT24C256               -----    -----      -----    -----      0001H    0005H
  +--> ?PR?_IRCVSTR?AT24C256
  +--> ?PR?DELAY10MS?KEY
  +--> ?PR?_ISENDSTR?AT24C256
  +--> ?CO?AT24C256
  +--> ?PR?_UART_PRINTF?USART

?PR?_IRCVSTR?AT24C256                            -----    -----      -----    -----      0039H    0007H
  +--> ?PR?START_I2C?AT24C256
  +--> ?PR?_SENDBYTE?AT24C256
  +--> ?PR?RCVBYTE?AT24C256
  +--> ?PR?ACK_I2C?AT24C256
  +--> ?PR?NOACK_I2C?AT24C256
  +--> ?PR?STOP_I2C?AT24C256

?PR?_DELETE_HOST_FUNCTION?AT24C256               -----    -----      -----    -----      0001H    0005H
  +--> ?PR?_IRCVSTR?AT24C256
  +--> ?PR?DELAY10MS?KEY
  +--> ?CO?AT24C256
  +--> ?PR?_ISENDSTR?AT24C256
  +--> ?PR?_UART_PRINTF?USART

?PR?_DELETE_ALARM_FUNCTION?AT24C256              -----    -----      -----    -----      0001H    0005H
  +--> ?PR?_IRCVSTR?AT24C256
BL51 BANKED LINKER/LOCATER V6.22                                                      10/05/2015  17:39:49  PAGE 19


  +--> ?PR?DELAY10MS?KEY
  +--> ?CO?AT24C256
  +--> ?PR?_ISENDSTR?AT24C256
  +--> ?PR?_UART_PRINTF?USART

?PR?_DELETE_CANCEL_FUNCTION?AT24C256             -----    -----      -----    -----      0001H    0005H
  +--> ?PR?_IRCVSTR?AT24C256
  +--> ?PR?DELAY10MS?KEY
  +--> ?CO?AT24C256
  +--> ?PR?_ISENDSTR?AT24C256
  +--> ?PR?_UART_PRINTF?USART

?PR?LOGOUT?TM1629                                -----    -----      -----    -----      0001H    0002H
  +--> ?PR?RETURN_TWO_MENU_F3_E2?KEY
  +--> ?PR?_MCURAM_TO_MCURAM_UP?TM1629
  +--> ?PR?TM1629_LOAD?TM1629
  +--> ?PR?DISPLAY?TM1629
  +--> ?PR?_SET_FUNC_INDEX?KEY

?PR?CYCLEUP?TM1629                               -----    -----      -----    -----      0001H    0008H
  +--> ?CO?TM1629
  +--> ?PR?RETURN_TWO_MENU_F3_E2?KEY
  +--> ?PR?_MCURAM_TO_MCURAM_UP?TM1629
  +--> ?PR?TM1629_LOAD?TM1629
  +--> ?PR?DISPLAY?TM1629

?PR?CYCLEDOWN?TM1629                             -----    -----      -----    -----      0001H    0008H
  +--> ?CO?TM1629
  +--> ?PR?RETURN_TWO_MENU_F3_E2?KEY
  +--> ?PR?_MCURAM_TO_MCURAM_DOWN?TM1629
  +--> ?PR?TM1629_LOAD?TM1629
  +--> ?PR?DISPLAY?TM1629

?PR?DECODERPROCESS?DECODER                       -----    -----      -----    -----      0000H    0034H
  +--> ?CO?DECODER
  +--> ?PR?RETURN_FUNC_INDEX?KEY
  +--> ?PR?RETURN_TWO_MENU_F8_E1?KEY
  +--> ?PR?RETURN_TWO_MENU_F8_E2?KEY
  +--> ?PR?RETURN_TWO_MENU_F3_E1?KEY
  +--> ?PR?RETURN_TWO_MENU_F3_E2?KEY
  +--> ?PR?RETURN_TWO_MENU_F7_E1?KEY
  +--> ?PR?RETURN_TWO_MENU_F6_E1?KEY
  +--> ?PR?RETURN_TWO_MENU_F6_E2?KEY
  +--> ?PR?RECEIVE_RF_DECODER?EV1527
  +--> ?PR?RETURN_AGAIN_RECEIVE_RF_DECODER_F...
  +--> ?PR?_UART_PRINTF?USART
  +--> ?PR?_SET_LOGOUT_CYCLE_TABLE?TIMER
  +--> ?PR?_SUBMENUF6_1?GD5800
  +--> ?PR?TM1629_CLEAR?TM1629
  +--> ?PR?_DECODER_TEMP_TO_MCURAM?TM1629
  +--> ?PR?TM1629_LOAD?TM1629
  +--> ?PR?DISPLAY?TM1629
  +--> ?PR?_SET_FUNC_INDEX?KEY
  +--> ?PR?_IRCVSTR?AT24C256
  +--> ?PR?DELAY10MS?KEY
  +--> ?PR?_CANCEL_FUNTION?TM1629
  +--> ?PR?CLEAR_AGAIN_RECEIVE_RF_DECODER_FI...
BL51 BANKED LINKER/LOCATER V6.22                                                      10/05/2015  17:39:49  PAGE 20


  +--> ?PR?_MCURAM_TO_MCURAM_DOWN?TM1629
  +--> ?PR?_REGISTER_CALL_FUNCTION?AT24C256
  +--> ?PR?_REGISTER_HOST_FUNCTION?AT24C256
  +--> ?PR?_REGISTER_ALARM_FUNCTION?AT24C256
  +--> ?PR?_REGISTER_CANCEL_FUNCTION?AT24C256
  +--> ?PR?LOGOUTPROCESS?TM1629
  +--> ?PR?CYCLEPROCESS?TM1629

?PR?RECEIVE_RF_DECODER?EV1527                    -----    -----      -----    -----      -----    -----
  +--> ?PR?CLEAR_RETURN_STANDBY_TIME?TIMER
  +--> ?PR?_SET_SOUND_TABLE?KEY

?PR?_SUBMENUF6_1?GD5800                          -----    -----      -----    -----      0034H    0010H
  +--> ?PR?RETURN_TWO_MENU_F7_E1?KEY
  +--> ?PR?_GD5800_SELECT_CHAPTER?GD5800
  +--> ?PR?_SUBMENUF6_1_VOICESELECT?GD5800

?PR?_SUBMENUF6_1_VOICESELECT?GD5800              -----    -----      -----    -----      0044H    0004H
  +--> ?PR?_GD5800_SELECT_CHAPTER?GD5800

?PR?_DECODER_TEMP_TO_MCURAM?TM1629               -----    -----      -----    -----      0034H    0006H

?PR?_CANCEL_FUNTION?TM1629                       -----    -----      -----    -----      0034H    000FH
  +--> ?CO?TM1629
  +--> ?PR?RETURN_TWO_MENU_F3_E2?KEY
  +--> ?PR?_MCURAM_TO_MCURAM_UP?TM1629
  +--> ?PR?_SET_FUNC_INDEX?KEY

?PR?_REGISTER_CALL_FUNCTION?AT24C256             -----    -----      -----    -----      0034H    0005H
  +--> ?PR?_IRCVSTR?AT24C256
  +--> ?PR?DELAY10MS?KEY
  +--> ?CO?AT24C256
  +--> ?PR?_UART_PRINTF?USART
  +--> ?PR?_ISENDSTR?AT24C256

?PR?_REGISTER_HOST_FUNCTION?AT24C256             -----    -----      -----    -----      0034H    0005H
  +--> ?PR?_IRCVSTR?AT24C256
  +--> ?PR?DELAY10MS?KEY
  +--> ?CO?AT24C256
  +--> ?PR?_UART_PRINTF?USART
  +--> ?PR?_ISENDSTR?AT24C256

?PR?_REGISTER_ALARM_FUNCTION?AT24C256            -----    -----      -----    -----      0034H    0005H
  +--> ?PR?_IRCVSTR?AT24C256
  +--> ?PR?DELAY10MS?KEY
  +--> ?CO?AT24C256
  +--> ?PR?_UART_PRINTF?USART
  +--> ?PR?_ISENDSTR?AT24C256

?PR?_REGISTER_CANCEL_FUNCTION?AT24C256           -----    -----      -----    -----      0034H    0005H
  +--> ?PR?_IRCVSTR?AT24C256
  +--> ?PR?DELAY10MS?KEY
  +--> ?CO?AT24C256
  +--> ?PR?_UART_PRINTF?USART
  +--> ?PR?_ISENDSTR?AT24C256

?PR?LOGOUTPROCESS?TM1629                         -----    -----      -----    -----      0034H    0005H
BL51 BANKED LINKER/LOCATER V6.22                                                      10/05/2015  17:39:49  PAGE 21


  +--> ?PR?RETURN_TWO_MENU_F5_E1?KEY
  +--> ?PR?RETURN_TWO_MENU_F4_E1?KEY
  +--> ?PR?RETURN_LOGOUT_CYCLE_TABLE?TIMER
  +--> ?PR?RETURN_TWO_MENU_F3_E2?KEY
  +--> ?PR?_MCURAM_TO_MCURAM_UP?TM1629
  +--> ?PR?TM1629_LOAD?TM1629
  +--> ?PR?DISPLAY?TM1629
  +--> ?PR?_SET_LOGOUT_CYCLE_TABLE?TIMER
  +--> ?PR?_SET_FUNC_INDEX?KEY

?PR?CYCLEPROCESS?TM1629                          -----    -----      -----    -----      0034H    000AH
  +--> ?CO?TM1629
  +--> ?PR?RETURN_TWO_MENU_F5_E1?KEY
  +--> ?PR?RETURN_TWO_MENU_F4_E1?KEY
  +--> ?PR?RETURN_LOGOUT_CYCLE_TABLE?TIMER
  +--> ?PR?_MCURAM_TO_MCURAM_DOWN?TM1629
  +--> ?PR?TM1629_LOAD?TM1629
  +--> ?PR?DISPLAY?TM1629
  +--> ?PR?_SET_LOGOUT_CYCLE_TABLE?TIMER

*** NEW ROOT ***************************************************

?PR?UART?USART                                   -----    -----      -----    -----      0495H    0001H

*** NEW ROOT ***************************************************

?PR?TIMER0_ISR?TIMER                             -----    -----      -----    -----      0496H    0002H
  +--> ?PR?RETURN_FUNC_INDEX?KEY
  +--> ?PR?RETURN_TWO_MENU_FC_E1?KEY
  +--> ?PR?RETURN_AGAIN_AND_AGAIN_DECODER_TA...
  +--> ?PR?CLEAR_AGAIN_AND_AGAIN_DECODER_TAB...
  +--> ?PR?_SET_FUNC_INDEX?KEY

*** NEW ROOT ***************************************************

?PR?TIMER1_ISR?TIMER                             -----    -----      -----    -----      -----    -----
  +--> ?PR?RETURN_FUNC_INDEX?KEY
  +--> ?PR?RF_DECODE_MAIN_SJZ_TEST?EV1527
  +--> ?PR?RF_DECODE_MAIN?EV1527

?PR?RF_DECODE_MAIN_SJZ_TEST?EV1527               -----    -----      -----    -----      -----    -----
  +--> ?PR?RF_INI_RECEIVE?EV1527

?PR?RF_DECODE_MAIN?EV1527                        -----    -----      -----    -----      -----    -----
  +--> ?PR?RF_INI_RECEIVE?EV1527



SYMBOL TABLE OF MODULE:  Receiver_keil (?C_STARTUP)

  VALUE           TYPE          NAME
  ----------------------------------

  -------         MODULE        ?C_STARTUP
  C:4D9DH         SEGMENT       ?C_C51STARTUP
  I:0022H         SEGMENT       ?STACK
  C:0000H         PUBLIC        ?C_STARTUP
BL51 BANKED LINKER/LOCATER V6.22                                                      10/05/2015  17:39:49  PAGE 22


  D:00E0H         SYMBOL        ACC
  D:00F0H         SYMBOL        B
  D:0083H         SYMBOL        DPH
  D:0082H         SYMBOL        DPL
  N:0000H         SYMBOL        IBPSTACK
  N:0100H         SYMBOL        IBPSTACKTOP
  N:0080H         SYMBOL        IDATALEN
  C:4DA0H         SYMBOL        IDATALOOP
  N:0000H         SYMBOL        PBPSTACK
  N:0100H         SYMBOL        PBPSTACKTOP
  N:0000H         SYMBOL        PDATALEN
  N:0000H         SYMBOL        PDATASTART
  N:0000H         SYMBOL        PPAGE
  N:0000H         SYMBOL        PPAGEENABLE
  D:00A0H         SYMBOL        PPAGE_SFR
  D:0081H         SYMBOL        SP
  C:4D9DH         SYMBOL        STARTUP1
  N:0000H         SYMBOL        XBPSTACK
  N:0000H         SYMBOL        XBPSTACKTOP
  N:0000H         SYMBOL        XDATALEN
  N:0000H         SYMBOL        XDATASTART
  C:0000H         LINE#         126
  C:4D9DH         LINE#         133
  C:4D9FH         LINE#         134
  C:4DA0H         LINE#         135
  C:4DA1H         LINE#         136
  C:4DA3H         LINE#         185
  C:4DA6H         LINE#         196
  -------         ENDMOD        ?C_STARTUP

  -------         MODULE        MAIN
  C:0000H         SYMBOL        _ICE_DUMMY_
  D:0080H         PUBLIC        P0
  D:00B2H         PUBLIC        P3M0
  D:0090H         PUBLIC        P1
  D:00B1H         PUBLIC        P3M1
  D:00A0H         PUBLIC        P2
  D:00B0H         PUBLIC        P3
  D:00C0H         PUBLIC        P4
  D:00C8H         PUBLIC        P5
  D:00E8H         PUBLIC        P6
  D:00F8H         PUBLIC        P7
  D:00A8H         PUBLIC        IE
  D:00B8H         PUBLIC        IP
  D:00D8H         PUBLIC        CCON
  C:4F95H         PUBLIC        main
  D:0098H         PUBLIC        SCON
  D:0088H         PUBLIC        TCON
  D:00D0H         PUBLIC        PSW
  -------         PROC          MAIN
  C:4F95H         LINE#         13
  C:4F95H         LINE#         14
  C:4F95H         LINE#         15
  C:4F98H         LINE#         17
  C:4FA1H         LINE#         19
  C:4FA4H         LINE#         21
  C:4FADH         LINE#         23
BL51 BANKED LINKER/LOCATER V6.22                                                      10/05/2015  17:39:49  PAGE 23


  C:4FB0H         LINE#         25
  C:4FB9H         LINE#         27
  C:4FBCH         LINE#         29
  C:4FC5H         LINE#         31
  C:4FC8H         LINE#         33
  C:4FD1H         LINE#         35
  C:4FD4H         LINE#         37
  C:4FDDH         LINE#         39
  C:4FE0H         LINE#         40
  C:4FE3H         LINE#         42
  C:4FECH         LINE#         46
  C:4FEFH         LINE#         47
  C:4FF2H         LINE#         49
  C:4FF8H         LINE#         51
  C:4FF8H         LINE#         52
  C:4FF8H         LINE#         53
  C:4FFBH         LINE#         54
  C:4FFEH         LINE#         55
  -------         ENDPROC       MAIN
  -------         ENDMOD        MAIN

  -------         MODULE        USART
  C:0000H         SYMBOL        _ICE_DUMMY_
  D:0080H         PUBLIC        P0
  D:0090H         PUBLIC        P1
  D:00A0H         PUBLIC        P2
  D:00B0H         PUBLIC        P3
  D:00C0H         PUBLIC        P4
  D:00C8H         PUBLIC        P5
  B:00A8H.7       PUBLIC        EA
  D:00E8H         PUBLIC        P6
  D:00F8H         PUBLIC        P7
  D:00A2H         PUBLIC        P_SW1
  D:00BAH         PUBLIC        P_SW2
  D:00A8H         PUBLIC        IE
  B:00A8H.4       PUBLIC        ES
  D:00B8H         PUBLIC        IP
  B:0098H.0       PUBLIC        RI
  B:0098H.1       PUBLIC        TI
  C:5CAEH         PUBLIC        Uart
  D:00D8H         PUBLIC        CCON
  C:5AD1H         PUBLIC        UsartInit
  C:54BBH         PUBLIC        _Usart1_SendString
  C:54EEH         PUBLIC        _Usart2_SendString
  C:5F34H         PUBLIC        _Usart1_SendData
  C:5F3DH         PUBLIC        _Usart2_SendData
  D:0099H         PUBLIC        SBUF
  D:0098H         PUBLIC        SCON
  D:0088H         PUBLIC        TCON
  C:511EH         PUBLIC        _uart_printf
  D:00AFH         PUBLIC        IE2
  D:008EH         PUBLIC        AUXR
  B:0021H.1       PUBLIC        busy
  D:00E0H         PUBLIC        ACC
  D:00D6H         PUBLIC        T2H
  B:00D0H.0       PUBLIC        P
  C:5D36H         PUBLIC        Uart2
BL51 BANKED LINKER/LOCATER V6.22                                                      10/05/2015  17:39:49  PAGE 24


  D:00D7H         PUBLIC        T2L
  D:009BH         PUBLIC        S2BUF
  D:009AH         PUBLIC        S2CON
  D:00D0H         PUBLIC        PSW
  -------         PROC          UART
  -------         DO            
  X:0495H         SYMBOL        temp
  -------         ENDDO         
  C:5CAEH         LINE#         9
  C:5CB4H         LINE#         11
  C:5CB9H         LINE#         12
  C:5CBCH         LINE#         13
  C:5CBCH         LINE#         14
  C:5CBEH         LINE#         18
  C:5CBEH         LINE#         19
  C:5CC1H         LINE#         20
  C:5CC1H         LINE#         21
  C:5CC3H         LINE#         22
  C:5CC5H         LINE#         23
  C:5CC5H         LINE#         24
  -------         ENDPROC       UART
  -------         PROC          UART2
  C:5D36H         LINE#         29
  C:5D38H         LINE#         31
  C:5D3DH         LINE#         32
  C:5D3DH         LINE#         33
  C:5D40H         LINE#         36
  C:5D40H         LINE#         37
  C:5D45H         LINE#         38
  C:5D45H         LINE#         39
  C:5D48H         LINE#         40
  C:5D4AH         LINE#         41
  C:5D4AH         LINE#         42
  -------         ENDPROC       UART2
  -------         PROC          _USART1_SENDDATA
  D:0007H         SYMBOL        dat
  C:5F34H         LINE#         47
  C:5F34H         LINE#         48
  C:5F34H         LINE#         49
  C:5F37H         LINE#         50
  C:5F38H         LINE#         51
  C:5F38H         LINE#         52
  C:5F38H         LINE#         58
  C:5F38H         LINE#         60
  C:5F38H         LINE#         66
  C:5F38H         LINE#         67
  C:5F3AH         LINE#         68
  C:5F3CH         LINE#         69
  -------         ENDPROC       _USART1_SENDDATA
  -------         PROC          _USART1_SENDSTRING
  X:0467H         SYMBOL        s
  C:54BBH         LINE#         74
  C:54C6H         LINE#         75
  C:54C6H         LINE#         76
  C:54D6H         LINE#         77
  C:54D6H         LINE#         78
  C:54EBH         LINE#         79
BL51 BANKED LINKER/LOCATER V6.22                                                      10/05/2015  17:39:49  PAGE 25


  C:54EDH         LINE#         80
  -------         ENDPROC       _USART1_SENDSTRING
  -------         PROC          _USART2_SENDDATA
  D:0007H         SYMBOL        dat
  C:5F3DH         LINE#         85
  C:5F3DH         LINE#         86
  C:5F3DH         LINE#         87
  C:5F40H         LINE#         88
  C:5F41H         LINE#         89
  C:5F41H         LINE#         90
  C:5F41H         LINE#         96
  C:5F41H         LINE#         98
  C:5F41H         LINE#         104
  C:5F41H         LINE#         105
  C:5F43H         LINE#         106
  C:5F45H         LINE#         107
  -------         ENDPROC       _USART2_SENDDATA
  -------         PROC          _USART2_SENDSTRING
  X:069DH         SYMBOL        s
  C:54EEH         LINE#         112
  C:54F9H         LINE#         113
  C:54F9H         LINE#         114
  C:5509H         LINE#         115
  C:5509H         LINE#         116
  C:551EH         LINE#         117
  C:5520H         LINE#         118
  -------         ENDPROC       _USART2_SENDSTRING
  -------         PROC          USARTINIT
  C:5AD1H         LINE#         122
  C:5AD1H         LINE#         123
  C:5AD1H         LINE#         124
  C:5AD3H         LINE#         125
  C:5AD5H         LINE#         126
  C:5AD7H         LINE#         138
  C:5ADAH         LINE#         142
  C:5ADDH         LINE#         150
  C:5AE0H         LINE#         158
  C:5AE3H         LINE#         159
  C:5AE6H         LINE#         160
  C:5AE9H         LINE#         161
  C:5AECH         LINE#         162
  C:5AEEH         LINE#         163
  C:5AF1H         LINE#         164
  C:5AF3H         LINE#         169
  -------         ENDPROC       USARTINIT
  -------         PROC          _UART_PRINTF
  X:0039H         SYMBOL        fmt
  -------         DO            
  X:003CH         SYMBOL        ellipsis_40
  X:0064H         SYMBOL        ap
  X:0067H         SYMBOL        string
  -------         ENDDO         
  C:511EH         LINE#         171
  C:5129H         LINE#         172
  C:5129H         LINE#         176
  C:5137H         LINE#         177
  C:516AH         LINE#         178
BL51 BANKED LINKER/LOCATER V6.22                                                      10/05/2015  17:39:49  PAGE 26


  -------         ENDPROC       _UART_PRINTF
  -------         ENDMOD        USART

  -------         MODULE        KEY
  C:0000H         SYMBOL        _ICE_DUMMY_
  D:0080H         PUBLIC        P0
  D:0090H         PUBLIC        P1
  D:00A0H         PUBLIC        P2
  D:00B0H         PUBLIC        P3
  D:00C0H         PUBLIC        P4
  D:00C8H         PUBLIC        P5
  D:00E8H         PUBLIC        P6
  D:00F8H         PUBLIC        P7
  C:1BE2H         PUBLIC        table
  D:00A8H         PUBLIC        IE
  C:0E1AH         PUBLIC        KeyProcess
  X:05F9H         PUBLIC        Two_Menu_Fb_E1
  X:05FAH         PUBLIC        Two_Menu_Fd_E1
  X:05FBH         PUBLIC        sound_table
  C:6035H         PUBLIC        return_Two_Menu_Fb_E1
  D:00B8H         PUBLIC        IP
  C:6023H         PUBLIC        return_sound_table
  D:00D8H         PUBLIC        CCON
  X:05FCH         PUBLIC        func_index
  C:5FBDH         PUBLIC        return_func_index
  C:4C6FH         PUBLIC        KeyScan
  D:0098H         PUBLIC        SCON
  D:0088H         PUBLIC        TCON
  X:05FDH         PUBLIC        current_operation_index
  C:6029H         PUBLIC        _set_sound_table
  C:5EDAH         PUBLIC        delay10ms
  C:5FC3H         PUBLIC        _set_func_index
  X:0600H         PUBLIC        Two_Menu_F1_E1
  X:0604H         PUBLIC        Two_Menu_F2_E1
  X:0608H         PUBLIC        Two_Menu_F1_E2
  X:060CH         PUBLIC        Two_Menu_F3_E1
  X:060DH         PUBLIC        Two_Menu_F2_E2
  X:0611H         PUBLIC        Two_Menu_F1_E3
  X:0615H         PUBLIC        Two_Menu_F4_E1
  X:0616H         PUBLIC        Two_Menu_F3_E2
  X:0617H         PUBLIC        Two_Menu_F2_E3
  X:061BH         PUBLIC        Two_Menu_F1_E4
  X:061FH         PUBLIC        Two_Menu_F5_E1
  C:5064H         PUBLIC        KeyDecoder
  X:0620H         PUBLIC        Two_Menu_F2_E4
  X:0624H         PUBLIC        Two_Menu_F6_E1
  X:0625H         PUBLIC        Two_Menu_F7_E1
  X:0626H         PUBLIC        Two_Menu_F6_E2
  X:0627H         PUBLIC        Two_Menu_F8_E1
  X:0628H         PUBLIC        Two_Menu_F7_E2
  X:0629H         PUBLIC        Two_Menu_F6_E3
  C:5FC9H         PUBLIC        return_Two_Menu_F3_E1
  X:062AH         PUBLIC        Two_Menu_F8_E2
  X:062BH         PUBLIC        Two_Menu_F7_E3
  X:062CH         PUBLIC        Two_Menu_F6_E4
  C:5FD5H         PUBLIC        return_Two_Menu_F4_E1
  C:5FCFH         PUBLIC        return_Two_Menu_F3_E2
BL51 BANKED LINKER/LOCATER V6.22                                                      10/05/2015  17:39:49  PAGE 27


  X:062DH         PUBLIC        Two_Menu_F7_E4
  X:062EH         PUBLIC        Two_Menu_F6_E5
  C:5FDBH         PUBLIC        return_Two_Menu_F5_E1
  C:5FE1H         PUBLIC        return_Two_Menu_F6_E1
  C:5FFFH         PUBLIC        return_Two_Menu_F7_E1
  C:5FE7H         PUBLIC        return_Two_Menu_F6_E2
  C:6017H         PUBLIC        return_Two_Menu_F8_E1
  C:6005H         PUBLIC        return_Two_Menu_F7_E2
  C:5FEDH         PUBLIC        return_Two_Menu_F6_E3
  C:601DH         PUBLIC        return_Two_Menu_F8_E2
  C:600BH         PUBLIC        return_Two_Menu_F7_E3
  C:5FF3H         PUBLIC        return_Two_Menu_F6_E4
  C:6011H         PUBLIC        return_Two_Menu_F7_E4
  C:5FF9H         PUBLIC        return_Two_Menu_F6_E5
  X:062FH         PUBLIC        Two_Menu_FC_E1
  C:602FH         PUBLIC        return_Two_Menu_FC_E1
  D:00D0H         PUBLIC        PSW
  -------         PROC          KEYSCAN
  -------         DO            
  X:0003H         SYMBOL        Val
  -------         ENDDO         
  C:4C6FH         LINE#         173
  C:4C6FH         LINE#         174
  C:4C6FH         LINE#         175
  C:4C76H         LINE#         176
  C:4C79H         LINE#         177
  C:4C7CH         LINE#         178
  C:4C87H         LINE#         179
  C:4C87H         LINE#         180
  C:4C8AH         LINE#         181
  C:4C92H         LINE#         182
  C:4C92H         LINE#         183
  C:4C95H         LINE#         185
  C:4C98H         LINE#         186
  C:4C9BH         LINE#         187
  C:4C9EH         LINE#         188
  C:4CA6H         LINE#         189
  C:4CA6H         LINE#         191
  C:4CACH         LINE#         192
  C:4CB9H         LINE#         193
  C:4CC2H         LINE#         194
  C:4CD2H         LINE#         195
  C:4CDBH         LINE#         196
  C:4CDBH         LINE#         197
  C:4CDEH         LINE#         198
  C:4CE3H         LINE#         199
  C:4CE3H         LINE#         200
  C:4CEBH         LINE#         201
  C:4CEEH         LINE#         202
  C:4CF6H         LINE#         203
  C:4CFBH         LINE#         204
  C:4D00H         LINE#         205
  C:4D09H         LINE#         206
  C:4D09H         LINE#         207
  C:4D09H         LINE#         208
  C:4D09H         LINE#         209
  C:4D0DH         LINE#         210
BL51 BANKED LINKER/LOCATER V6.22                                                      10/05/2015  17:39:49  PAGE 28


  -------         ENDPROC       KEYSCAN
  -------         PROC          KEYDECODER
  -------         DO            
  X:0001H         SYMBOL        key_val
  -------         ENDDO         
  C:5064H         LINE#         212
  C:5064H         LINE#         213
  C:5064H         LINE#         214
  C:506BH         LINE#         216
  C:5076H         LINE#         254
  C:507EH         LINE#         255
  C:5096H         LINE#         257
  C:50B6H         LINE#         258
  C:50B6H         LINE#         259
  C:50B9H         LINE#         260
  C:50BCH         LINE#         261
  C:50BFH         LINE#         262
  C:50C2H         LINE#         263
  C:50C4H         LINE#         264
  C:50C4H         LINE#         265
  -------         ENDPROC       KEYDECODER
  -------         PROC          KEYPROCESS
  -------         DO            
  D:0007H         SYMBOL        key_value
  X:0000H         SYMBOL        main_press_time_temp
  -------         ENDDO         
  C:0E1AH         LINE#         267
  C:0E1AH         LINE#         268
  C:0E1AH         LINE#         269
  C:0E20H         LINE#         270
  C:0E23H         LINE#         271
  C:0E3DH         LINE#         272
  C:0E3DH         LINE#         273
  C:0E3DH         LINE#         274
  C:0E47H         LINE#         275
  C:0E47H         LINE#         276
  C:0E4FH         LINE#         277
  C:0E57H         LINE#         278
  C:0E57H         LINE#         279
  C:0E5CH         LINE#         280
  C:0E5CH         LINE#         281
  C:0E5CH         LINE#         282
  C:0E5FH         LINE#         283
  C:0E77H         LINE#         284
  C:0E77H         LINE#         285
  C:0E7FH         LINE#         286
  C:0E84H         LINE#         287
  C:0E84H         LINE#         288
  C:0E8DH         LINE#         289
  C:0E8DH         LINE#         290
  C:0E8DH         LINE#         298
  C:0E90H         LINE#         302
  C:0EA8H         LINE#         303
  C:0EA8H         LINE#         304
  C:0EB0H         LINE#         305
  C:0EB5H         LINE#         306
  C:0EB5H         LINE#         307
BL51 BANKED LINKER/LOCATER V6.22                                                      10/05/2015  17:39:49  PAGE 29


  C:0EBEH         LINE#         308
  C:0EBEH         LINE#         309
  C:0EBEH         LINE#         317
  C:0EC0H         LINE#         319
  C:0EC0H         LINE#         320
  C:0EC2H         LINE#         321
  C:0EDAH         LINE#         322
  C:0EDAH         LINE#         323
  C:0EE2H         LINE#         324
  C:0EE7H         LINE#         325
  C:0EE7H         LINE#         326
  C:0EF0H         LINE#         327
  C:0EF0H         LINE#         328
  C:0EF0H         LINE#         336
  C:0EF2H         LINE#         338
  C:0EF2H         LINE#         339
  C:0EF4H         LINE#         340
  C:0F0CH         LINE#         341
  C:0F0CH         LINE#         342
  C:0F14H         LINE#         343
  C:0F19H         LINE#         344
  C:0F19H         LINE#         345
  C:0F22H         LINE#         346
  C:0F25H         LINE#         347
  C:0F25H         LINE#         355
  C:0F27H         LINE#         357
  C:0F37H         LINE#         358
  C:0F3AH         LINE#         360
  C:0F3AH         LINE#         361
  C:0F52H         LINE#         362
  C:0F55H         LINE#         363
  C:0F55H         LINE#         364
  C:0F58H         LINE#         365
  C:0F58H         LINE#         366
  C:0F65H         LINE#         367
  C:0F65H         LINE#         368
  C:0F68H         LINE#         369
  C:0F6BH         LINE#         371
  C:0F7BH         LINE#         372
  C:0F7EH         LINE#         373
  C:0F7EH         LINE#         374
  C:1031H         LINE#         375
  C:1031H         LINE#         376
  C:1031H         LINE#         377
  C:103DH         LINE#         378
  C:1040H         LINE#         379
  C:1043H         LINE#         380
  C:1043H         LINE#         381
  C:104DH         LINE#         382
  C:1050H         LINE#         383
  C:1053H         LINE#         384
  C:1053H         LINE#         385
  C:105DH         LINE#         386
  C:1060H         LINE#         387
  C:1063H         LINE#         388
  C:1063H         LINE#         389
  C:106DH         LINE#         390
BL51 BANKED LINKER/LOCATER V6.22                                                      10/05/2015  17:39:49  PAGE 30


  C:1070H         LINE#         391
  C:1073H         LINE#         392
  C:1073H         LINE#         393
  C:107FH         LINE#         394
  C:1082H         LINE#         395
  C:1085H         LINE#         396
  C:1085H         LINE#         397
  C:1091H         LINE#         398
  C:1094H         LINE#         399
  C:1097H         LINE#         400
  C:1097H         LINE#         401
  C:10A3H         LINE#         402
  C:10A6H         LINE#         403
  C:10A9H         LINE#         404
  C:10A9H         LINE#         405
  C:10B5H         LINE#         406
  C:10B8H         LINE#         407
  C:10BBH         LINE#         408
  C:10BBH         LINE#         409
  C:10C7H         LINE#         410
  C:10CAH         LINE#         411
  C:10CDH         LINE#         412
  C:10CDH         LINE#         413
  C:10D9H         LINE#         414
  C:10DCH         LINE#         415
  C:10DFH         LINE#         416
  C:10DFH         LINE#         417
  C:10EBH         LINE#         418
  C:10EEH         LINE#         419
  C:10F1H         LINE#         420
  C:10F1H         LINE#         421
  C:10FDH         LINE#         422
  C:1100H         LINE#         423
  C:1103H         LINE#         424
  C:1103H         LINE#         425
  C:110FH         LINE#         426
  C:1112H         LINE#         427
  C:1115H         LINE#         428
  C:1115H         LINE#         429
  C:1121H         LINE#         430
  C:1124H         LINE#         431
  C:1127H         LINE#         432
  C:1127H         LINE#         433
  C:1133H         LINE#         434
  C:1136H         LINE#         435
  C:1139H         LINE#         436
  C:1139H         LINE#         437
  C:1145H         LINE#         438
  C:1148H         LINE#         439
  C:114BH         LINE#         440
  C:114BH         LINE#         441
  C:1157H         LINE#         442
  C:115AH         LINE#         443
  C:115DH         LINE#         444
  C:115DH         LINE#         445
  C:1169H         LINE#         446
  C:116CH         LINE#         447
BL51 BANKED LINKER/LOCATER V6.22                                                      10/05/2015  17:39:49  PAGE 31


  C:116FH         LINE#         448
  C:116FH         LINE#         449
  C:117BH         LINE#         450
  C:117EH         LINE#         451
  C:1181H         LINE#         452
  C:1181H         LINE#         453
  C:118DH         LINE#         454
  C:1190H         LINE#         455
  C:1193H         LINE#         456
  C:1193H         LINE#         457
  C:119FH         LINE#         458
  C:11A2H         LINE#         459
  C:11A5H         LINE#         460
  C:11A5H         LINE#         461
  C:11B1H         LINE#         462
  C:11B4H         LINE#         463
  C:11B7H         LINE#         464
  C:11B7H         LINE#         465
  C:11C3H         LINE#         466
  C:11C6H         LINE#         467
  C:11C9H         LINE#         468
  C:11C9H         LINE#         469
  C:11D5H         LINE#         470
  C:11D8H         LINE#         471
  C:11DBH         LINE#         472
  C:11DBH         LINE#         473
  C:11E7H         LINE#         474
  C:11EAH         LINE#         475
  C:11EDH         LINE#         476
  C:11EDH         LINE#         477
  C:11F9H         LINE#         478
  C:11FCH         LINE#         479
  C:11FFH         LINE#         480
  C:11FFH         LINE#         481
  C:120BH         LINE#         482
  C:120EH         LINE#         483
  C:1211H         LINE#         484
  C:1211H         LINE#         485
  C:121DH         LINE#         486
  C:1220H         LINE#         487
  C:1223H         LINE#         488
  C:1223H         LINE#         489
  C:122FH         LINE#         490
  C:1232H         LINE#         491
  C:1235H         LINE#         492
  C:1235H         LINE#         493
  C:1241H         LINE#         494
  C:1244H         LINE#         495
  C:1247H         LINE#         496
  C:1247H         LINE#         497
[...]
  C:382CH         LINE#         556
  C:382EH         LINE#         558
  C:383FH         LINE#         559
  C:383FH         LINE#         560
  C:3842H         LINE#         561
  C:3845H         LINE#         562
  C:3857H         LINE#         563
  C:3857H         LINE#         564
  C:387FH         LINE#         565
  C:387FH         LINE#         566
  C:388CH         LINE#         568
  C:388DH         LINE#         570
  C:3890H         LINE#         571
  C:38A4H         LINE#         572
  C:38A4H         LINE#         573
  C:38D6H         LINE#         574
  C:38D9H         LINE#         575
  C:3925H         LINE#         576
  C:3925H         LINE#         577
  C:3935H         LINE#         578
  C:3943H         LINE#         579
  C:3946H         LINE#         582
  C:3976H         LINE#         583
  C:39B3H         LINE#         584
  C:39BCH         LINE#         586
  C:39BCH         LINE#         588
  C:39BCH         LINE#         589
  C:39C5H         LINE#         590
  C:39D3H         LINE#         592
  C:39D6H         LINE#         593
  C:39DFH         LINE#         594
  C:39E0H         LINE#         595
  -------         ENDPROC       _DELETE_CALL_FUNCTION
BL51 BANKED LINKER/LOCATER V6.22                                                      10/05/2015  17:39:49  PAGE 107


  -------         PROC          _DELETE_HOST_FUNCTION
  X:0001H         SYMBOL        buf
  -------         DO            
  X:0004H         SYMBOL        base_address
  X:0005H         SYMBOL        offset_address
  -------         ENDDO         
  C:39E1H         LINE#         597
  C:39ECH         LINE#         598
  C:39ECH         LINE#         599
  C:39EFH         LINE#         600
  C:39F1H         LINE#         602
  C:3A02H         LINE#         603
  C:3A02H         LINE#         604
  C:3A12H         LINE#         605
  C:3A15H         LINE#         606
  C:3A27H         LINE#         607
  C:3A27H         LINE#         608
  C:3A4FH         LINE#         609
  C:3A4FH         LINE#         610
  C:3A5CH         LINE#         612
  C:3A61H         LINE#         614
  C:3A64H         LINE#         615
  C:3A78H         LINE#         616
  C:3A78H         LINE#         617
  C:3AAAH         LINE#         618
  C:3AADH         LINE#         619
  C:3AF9H         LINE#         620
  C:3AF9H         LINE#         621
  C:3B09H         LINE#         622
  C:3B0CH         LINE#         623
  C:3B0FH         LINE#         626
  C:3B3FH         LINE#         627
  C:3B7CH         LINE#         628
  C:3B85H         LINE#         630
  C:3B85H         LINE#         632
  C:3B85H         LINE#         633
  C:3B8EH         LINE#         634
  C:3B91H         LINE#         636
  C:3B94H         LINE#         637
  C:3B9DH         LINE#         638
  C:3B9EH         LINE#         639
  -------         ENDPROC       _DELETE_HOST_FUNCTION
  -------         PROC          _DELETE_ALARM_FUNCTION
  X:0001H         SYMBOL        buf
  -------         DO            
  X:0004H         SYMBOL        base_address
  X:0005H         SYMBOL        offset_address
  -------         ENDDO         
  C:3466H         LINE#         641
  C:3471H         LINE#         642
  C:3471H         LINE#         643
  C:3474H         LINE#         644
  C:3476H         LINE#         646
  C:3487H         LINE#         647
  C:3487H         LINE#         648
  C:3497H         LINE#         649
  C:349AH         LINE#         650
BL51 BANKED LINKER/LOCATER V6.22                                                      10/05/2015  17:39:49  PAGE 108


  C:34ACH         LINE#         651
  C:34ACH         LINE#         652
  C:34D4H         LINE#         653
  C:34D4H         LINE#         654
  C:34E1H         LINE#         656
  C:34E6H         LINE#         658
  C:34E9H         LINE#         659
  C:34FDH         LINE#         660
  C:34FDH         LINE#         661
  C:352FH         LINE#         662
  C:3532H         LINE#         663
  C:357EH         LINE#         664
  C:357EH         LINE#         665
  C:358EH         LINE#         666
  C:35A0H         LINE#         667
  C:35A3H         LINE#         670
  C:35D3H         LINE#         671
  C:3610H         LINE#         672
  C:3619H         LINE#         674
  C:3619H         LINE#         676
  C:3619H         LINE#         677
  C:3622H         LINE#         678
  C:3634H         LINE#         680
  C:3637H         LINE#         681
  C:3640H         LINE#         682
  C:3641H         LINE#         683
  -------         ENDPROC       _DELETE_ALARM_FUNCTION
  -------         PROC          _DELETE_CANCEL_FUNCTION
  X:0001H         SYMBOL        buf
  -------         DO            
  X:0004H         SYMBOL        base_address
  X:0005H         SYMBOL        offset_address
  -------         ENDDO         
  C:3642H         LINE#         685
  C:364DH         LINE#         686
  C:364DH         LINE#         687
  C:3650H         LINE#         688
  C:3652H         LINE#         690
  C:3663H         LINE#         691
  C:3663H         LINE#         692
  C:3673H         LINE#         693
  C:3676H         LINE#         694
  C:3688H         LINE#         695
  C:3688H         LINE#         696
  C:36B0H         LINE#         697
  C:36B0H         LINE#         698
  C:36BDH         LINE#         700
  C:36C2H         LINE#         702
  C:36C5H         LINE#         703
  C:36D9H         LINE#         704
  C:36D9H         LINE#         705
  C:370BH         LINE#         706
  C:370EH         LINE#         707
  C:375AH         LINE#         708
  C:375AH         LINE#         709
  C:376AH         LINE#         710
  C:377CH         LINE#         711
BL51 BANKED LINKER/LOCATER V6.22                                                      10/05/2015  17:39:49  PAGE 109


  C:377FH         LINE#         714
  C:37AFH         LINE#         715
  C:37ECH         LINE#         716
  C:37F5H         LINE#         718
  C:37F5H         LINE#         720
  C:37F5H         LINE#         721
  C:37FEH         LINE#         722
  C:3810H         LINE#         724
  C:3813H         LINE#         725
  C:381CH         LINE#         726
  C:381DH         LINE#         727
  -------         ENDPROC       _DELETE_CANCEL_FUNCTION
  -------         PROC          DELETE_ALL_DATA
  -------         DO            
  X:0004H         SYMBOL        dofly
  X:0024H         SYMBOL        k
  -------         ENDDO         
  C:521BH         LINE#         729
  C:521BH         LINE#         730
  C:521BH         LINE#         731
  C:522EH         LINE#         733
  C:5245H         LINE#         734
  C:5245H         LINE#         735
  C:5259H         LINE#         736
  C:525CH         LINE#         737
  C:526CH         LINE#         738
  -------         ENDPROC       DELETE_ALL_DATA
  -------         ENDMOD        AT24C256

  -------         MODULE        GD5800
  C:0000H         SYMBOL        _ICE_DUMMY_
  D:0080H         PUBLIC        P0
  D:0090H         PUBLIC        P1
  D:00A0H         PUBLIC        P2
  D:00B0H         PUBLIC        P3
  D:00C0H         PUBLIC        P4
  D:00C8H         PUBLIC        P5
  D:00E8H         PUBLIC        P6
  D:00F8H         PUBLIC        P7
  C:5DCDH         PUBLIC        GD5800_stop_music
  C:5527H         PUBLIC        _GD5800_select_chapter
  D:00A8H         PUBLIC        IE
  D:00B8H         PUBLIC        IP
  D:00D8H         PUBLIC        CCON
  C:5D05H         PUBLIC        GD5800_initialization
  C:41E5H         PUBLIC        _submenuf6_1_voiceselect
  C:2A35H         PUBLIC        _submenuf6_1
  D:0098H         PUBLIC        SCON
  D:0088H         PUBLIC        TCON
  C:5C4FH         PUBLIC        _GD5800_sound_volume
  C:5DE1H         PUBLIC        GD5800_play_music
  D:00D0H         PUBLIC        PSW
  -------         PROC          GD5800_INITIALIZATION
  C:5D05H         LINE#         6
  C:5D05H         LINE#         7
  C:5D05H         LINE#         9
  C:5D0AH         LINE#         10
BL51 BANKED LINKER/LOCATER V6.22                                                      10/05/2015  17:39:49  PAGE 110


  C:5D0FH         LINE#         11
  C:5D14H         LINE#         12
  C:5D19H         LINE#         13
  -------         ENDPROC       GD5800_INITIALIZATION
  -------         PROC          L?0097
  -------         ENDPROC       L?0097
  -------         PROC          _GD5800_SELECT_CHAPTER
  X:0048H         SYMBOL        chapter_number
  C:5527H         LINE#         17
  C:552FH         LINE#         18
  C:552FH         LINE#         19
  C:5534H         LINE#         20
  C:5539H         LINE#         21
  C:553EH         LINE#         22
  C:5546H         LINE#         23
  C:554FH         LINE#         24
  -------         ENDPROC       _GD5800_SELECT_CHAPTER
  -------         PROC          _GD5800_SOUND_VOLUME
  X:0004H         SYMBOL        volume
  C:5C4FH         LINE#         28
  C:5C54H         LINE#         29
  C:5C54H         LINE#         30
  C:5C59H         LINE#         31
  C:5C5EH         LINE#         32
  C:5C63H         LINE#         33
  C:5C6BH         LINE#         34
  -------         ENDPROC       _GD5800_SOUND_VOLUME
  -------         PROC          GD5800_STOP_MUSIC
  C:5DCDH         LINE#         38
  C:5DCDH         LINE#         39
  C:5DCDH         LINE#         40
  C:5DD2H         LINE#         41
  C:5DD7H         LINE#         42
  C:5DDCH         LINE#         43
  -------         ENDPROC       GD5800_STOP_MUSIC
  -------         PROC          GD5800_PLAY_MUSIC
  C:5DE1H         LINE#         46
  C:5DE1H         LINE#         47
  C:5DE1H         LINE#         48
  C:5DE6H         LINE#         49
  C:5DEBH         LINE#         50
  C:5DF0H         LINE#         51
  -------         ENDPROC       GD5800_PLAY_MUSIC
  -------         PROC          L?0096
  -------         ENDPROC       L?0096
  -------         PROC          _SUBMENUF6_1_VOICESELECT
  X:0044H         SYMBOL        report_mode
  D:0001H         SYMBOL        report_number
  -------         DO            
  X:0045H         SYMBOL        number
  -------         ENDDO         
  C:41E5H         LINE#         54
  C:41EAH         LINE#         55
  C:41EAH         LINE#         57
  C:41F3H         LINE#         58
  C:41FCH         LINE#         59
  C:41FCH         LINE#         60
BL51 BANKED LINKER/LOCATER V6.22                                                      10/05/2015  17:39:49  PAGE 111


  C:4204H         LINE#         61
  C:4204H         LINE#         62
  C:4219H         LINE#         63
  C:421BH         LINE#         65
  C:421BH         LINE#         66
  C:422EH         LINE#         67
  C:422EH         LINE#         68
  C:4231H         LINE#         69
  C:4238H         LINE#         70
  C:423FH         LINE#         71
  C:423FH         LINE#         72
  C:423FH         LINE#         74
  C:4247H         LINE#         75
  C:4247H         LINE#         76
  C:4258H         LINE#         77
  C:425AH         LINE#         79
  C:425AH         LINE#         80
  C:426DH         LINE#         81
  C:426DH         LINE#         82
  C:4271H         LINE#         83
  C:4271H         LINE#         84
  C:4279H         LINE#         85
  C:4279H         LINE#         86
  C:427BH         LINE#         87
  C:427DH         LINE#         89
  C:427DH         LINE#         90
  C:4293H         LINE#         91
  C:4293H         LINE#         92
  C:4295H         LINE#         94
  C:4295H         LINE#         95
  C:42AFH         LINE#         96
  C:42AFH         LINE#         97
  C:42AFH         LINE#         98
  C:42AFH         LINE#         100
  C:42B7H         LINE#         101
  C:42B7H         LINE#         102
  C:42C6H         LINE#         103
  C:42C8H         LINE#         105
  C:42C8H         LINE#         106
  C:42E6H         LINE#         107
  C:42E6H         LINE#         108
  C:42EDH         LINE#         110
  C:42EDH         LINE#         111
  C:42EDH         LINE#         112
  C:42EFH         LINE#         115
  C:42EFH         LINE#         116
  C:42FEH         LINE#         117
  C:42FEH         LINE#         118
  C:42FEH         LINE#         119
  C:4302H         LINE#         120
  C:4304H         LINE#         121
  C:4304H         LINE#         122
  C:4308H         LINE#         123
  C:430AH         LINE#         124
  C:430AH         LINE#         125
  C:4311H         LINE#         126
  C:4311H         LINE#         127
BL51 BANKED LINKER/LOCATER V6.22                                                      10/05/2015  17:39:49  PAGE 112


  C:4311H         LINE#         128
  C:4311H         LINE#         129
  C:4311H         LINE#         130
  -------         ENDPROC       _SUBMENUF6_1_VOICESELECT
  -------         PROC          _SUBMENUF6_1
  X:0034H         SYMBOL        report_mode
  X:0035H         SYMBOL        report_number
  X:0038H         SYMBOL        call_type
  X:003AH         SYMBOL        key_value
  -------         DO            
  X:003BH         SYMBOL        mode
  X:003DH         SYMBOL        number
  X:0040H         SYMBOL        type
  X:0042H         SYMBOL        key
  X:0043H         SYMBOL        Two_Menu_F7_E1_temp
  -------         ENDDO         
  C:2A35H         LINE#         150
  C:2A43H         LINE#         151
  C:2A43H         LINE#         156
  C:2A48H         LINE#         157
  C:2A50H         LINE#         158
  C:2A5FH         LINE#         159
  C:2A74H         LINE#         160
  C:2A83H         LINE#         161
  C:2A8BH         LINE#         162
  C:2A97H         LINE#         163
  C:2A97H         LINE#         164
  C:2A9CH         LINE#         165
  C:2AA7H         LINE#         166
  C:2AA7H         LINE#         167
  C:2AAEH         LINE#         168
  C:2AB9H         LINE#         169
  C:2AB9H         LINE#         170
  C:2AD0H         LINE#         171
  C:2AD0H         LINE#         172
  C:2ADCH         LINE#         173
  C:2ADCH         LINE#         174
  C:2ADFH         LINE#         175
  C:2AE1H         LINE#         177
  C:2AE1H         LINE#         178
  C:2AF4H         LINE#         179
  C:2AF4H         LINE#         180
  C:2AF7H         LINE#         181
  C:2AF9H         LINE#         182
  C:2AF9H         LINE#         183
  C:2AF9H         LINE#         185
  C:2AFBH         LINE#         186
  C:2B18H         LINE#         187
  C:2B18H         LINE#         188
  C:2B1FH         LINE#         189
  C:2B21H         LINE#         191
  C:2B21H         LINE#         192
  C:2B43H         LINE#         193
  C:2B43H         LINE#         194
  C:2B49H         LINE#         195
  C:2B4FH         LINE#         196
  C:2B55H         LINE#         197
BL51 BANKED LINKER/LOCATER V6.22                                                      10/05/2015  17:39:49  PAGE 113


  C:2B5BH         LINE#         198
  C:2B61H         LINE#         199
  C:2B61H         LINE#         200
  C:2B61H         LINE#         201
  C:2B61H         LINE#         202
  C:2B61H         LINE#         203
  C:2B61H         LINE#         205
  C:2B61H         LINE#         206
  C:2B68H         LINE#         207
  C:2B68H         LINE#         208
  C:2B6BH         LINE#         210
  C:2B76H         LINE#         211
  C:2B76H         LINE#         212
  C:2B7FH         LINE#         213
  C:2B7FH         LINE#         214
  C:2B85H         LINE#         215
  C:2B9CH         LINE#         216
  C:2B9CH         LINE#         217
  C:2B9FH         LINE#         218
  C:2BA1H         LINE#         219
  C:2BB8H         LINE#         220
  C:2BB8H         LINE#         221
  C:2BBFH         LINE#         222
  C:2BC1H         LINE#         224
  C:2BC1H         LINE#         225
  C:2BE3H         LINE#         226
  C:2BE3H         LINE#         227
  C:2BE9H         LINE#         228
  C:2BEFH         LINE#         229
  C:2BF5H         LINE#         230
  C:2BFBH         LINE#         231
  C:2C02H         LINE#         232
  C:2C02H         LINE#         233
  C:2C02H         LINE#         234
  C:2C02H         LINE#         235
  C:2C06H         LINE#         236
  C:2C06H         LINE#         238
  C:2C08H         LINE#         239
  C:2C14H         LINE#         240
  C:2C14H         LINE#         241
  C:2C24H         LINE#         242
  C:2C24H         LINE#         243
  C:2C2BH         LINE#         244
  C:2C2DH         LINE#         245
  C:2C39H         LINE#         246
  C:2C39H         LINE#         247
  C:2C3CH         LINE#         248
  C:2C3CH         LINE#         249
  C:2C3CH         LINE#         250
  C:2C3EH         LINE#         252
  C:2C3EH         LINE#         253
  C:2C4AH         LINE#         254
  C:2C4AH         LINE#         255
  C:2C50H         LINE#         256
  C:2C50H         LINE#         258
  C:2C50H         LINE#         259
  C:2C53H         LINE#         260
BL51 BANKED LINKER/LOCATER V6.22                                                      10/05/2015  17:39:49  PAGE 114


  C:2C53H         LINE#         261
  C:2C53H         LINE#         262
  -------         ENDPROC       _SUBMENUF6_1
  -------         ENDMOD        GD5800

  -------         MODULE        ?C?COPY
  C:2D24H         PUBLIC        ?C?COPY
  -------         ENDMOD        ?C?COPY

  -------         MODULE        ?C?CLDPTR
  C:2D4AH         PUBLIC        ?C?CLDPTR
  -------         ENDMOD        ?C?CLDPTR

  -------         MODULE        ?C?CLDOPTR
  C:2D63H         PUBLIC        ?C?CLDOPTR
  -------         ENDMOD        ?C?CLDOPTR

  -------         MODULE        ?C?CSTPTR
  C:2D90H         PUBLIC        ?C?CSTPTR
  -------         ENDMOD        ?C?CSTPTR

  -------         MODULE        ?C?CSTOPTR
  C:2DA2H         PUBLIC        ?C?CSTOPTR
  -------         ENDMOD        ?C?CSTOPTR

  -------         MODULE        ?C?IMUL
  C:2DC4H         PUBLIC        ?C?IMUL
  -------         ENDMOD        ?C?IMUL

  -------         MODULE        ?C?ILDIX
  C:2DD6H         PUBLIC        ?C?ILDIX
  -------         ENDMOD        ?C?ILDIX

  -------         MODULE        ?C?CCASE
  C:2DECH         PUBLIC        ?C?CCASE
  -------         ENDMOD        ?C?CCASE

  -------         MODULE        ?C?ICASE
  C:2E12H         PUBLIC        ?C?ICASE
  -------         ENDMOD        ?C?ICASE

  -------         MODULE        ?C?ICALL
  C:2E3FH         PUBLIC        ?C?ICALL
  C:2E43H         PUBLIC        ?C?ICALL2
  -------         ENDMOD        ?C?ICALL

  -------         MODULE        VSPRINTF
  X:0464H         PUBLIC        ?_VSPRINTF?BYTE
  C:530FH         PUBLIC        _VSPRINTF
  -------         ENDMOD        VSPRINTF

  -------         MODULE        PRINTF
  X:046DH         PUBLIC        ?_PRINTF517?BYTE
  X:046DH         PUBLIC        ?_PRINTF?BYTE
  X:046DH         PUBLIC        ?_SPRINTF517?BYTE
  X:046DH         PUBLIC        ?_SPRINTF?BYTE
  C:18D6H         PUBLIC        _PRINTF
BL51 BANKED LINKER/LOCATER V6.22                                                      10/05/2015  17:39:49  PAGE 115


  C:18D6H         PUBLIC        _PRINTF517
  C:18D0H         PUBLIC        _SPRINTF
  C:18D0H         PUBLIC        _SPRINTF517
  -------         ENDMOD        PRINTF

  -------         MODULE        ?C?PLDIXDATA
  C:2E45H         PUBLIC        ?C?PLDIXDATA
  -------         ENDMOD        ?C?PLDIXDATA

  -------         MODULE        ?C?PSTXDATA
  C:2E5CH         PUBLIC        ?C?PSTXDATA
  -------         ENDMOD        ?C?PSTXDATA

  -------         MODULE        PUTCHAR
  C:5A3DH         PUBLIC        _PUTCHAR
  -------         ENDMOD        PUTCHAR

*** WARNING L16: UNCALLED SEGMENT, IGNORED FOR OVERLAY PROCESS
    SEGMENT: ?PR?_USART2_SENDSTRING?USART

*** WARNING L16: UNCALLED SEGMENT, IGNORED FOR OVERLAY PROCESS
    SEGMENT: ?PR?_DELAYMS?AT24C256

*** WARNING L16: UNCALLED SEGMENT, IGNORED FOR OVERLAY PROCESS
    SEGMENT: ?PR?GD5800_PLAY_MUSIC?GD5800

Program Size: data=15.3 xdata=1696 code=24856
LINK/LOCATE RUN COMPLETE.  3 WARNING(S),  0 ERROR(S)
