BL51 BANKED LINKER/LOCATER V6.22                                                        11/07/2015  09:59:59  PAGE 1


BL51 BANKED LINKER/LOCATER V6.22, INVOKED BY:
C:\KEIL\C51\BIN\BL51.EXE STARTUP.obj, main.obj, usart.obj, key.obj, tm1629.obj, timer.obj, ds1302.obj, ev1527.obj, decod
>> er.obj, at24c256.obj, gd5800.obj, com.obj TO Receiver_keil RAMSIZE (256)


MEMORY MODEL: LARGE


INPUT MODULES INCLUDED:
  STARTUP.obj (?C_STARTUP)
  main.obj (MAIN)
  usart.obj (USART)
  key.obj (KEY)
  tm1629.obj (TM1629)
  timer.obj (TIMER)
  ds1302.obj (DS1302)
  ev1527.obj (EV1527)
  decoder.obj (DECODER)
  at24c256.obj (AT24C256)
  gd5800.obj (GD5800)
  com.obj (COM)
  C:\KEIL\C51\LIB\C51L.LIB (?C_INIT)
  C:\KEIL\C51\LIB\C51L.LIB (?C?COPY)
  C:\KEIL\C51\LIB\C51L.LIB (?C?CLDPTR)
  C:\KEIL\C51\LIB\C51L.LIB (?C?CLDOPTR)
  C:\KEIL\C51\LIB\C51L.LIB (?C?CSTPTR)
  C:\KEIL\C51\LIB\C51L.LIB (?C?CSTOPTR)
  C:\KEIL\C51\LIB\C51L.LIB (?C?IMUL)
  C:\KEIL\C51\LIB\C51L.LIB (?C?UIDIV)
  C:\KEIL\C51\LIB\C51L.LIB (?C?ILDIX)
  C:\KEIL\C51\LIB\C51L.LIB (?C?ULCMP)
  C:\KEIL\C51\LIB\C51L.LIB (?C?LSHL)
  C:\KEIL\C51\LIB\C51L.LIB (?C?LLDPTR)
  C:\KEIL\C51\LIB\C51L.LIB (?C?LLDOPTR)
  C:\KEIL\C51\LIB\C51L.LIB (?C?LSTPTR)
  C:\KEIL\C51\LIB\C51L.LIB (?C?LSTXDATA)
  C:\KEIL\C51\LIB\C51L.LIB (?C?CCASE)
  C:\KEIL\C51\LIB\C51L.LIB (?C?ICALL)
  C:\KEIL\C51\LIB\C51L.LIB (?C?STRCMP)
  C:\KEIL\C51\LIB\C51L.LIB (?C?MEMSET)
  C:\KEIL\C51\LIB\C51L.LIB (VSPRINTF)
  C:\KEIL\C51\LIB\C51L.LIB (?C?LLDIDATA)
  C:\KEIL\C51\LIB\C51L.LIB (?C?LLDXDATA)
  C:\KEIL\C51\LIB\C51L.LIB (?C?LLDPDATA)
  C:\KEIL\C51\LIB\C51L.LIB (?C?LLDCODE)
  C:\KEIL\C51\LIB\C51L.LIB (?C?LSTIDATA)
  C:\KEIL\C51\LIB\C51L.LIB (?C?LSTPDATA)
  C:\KEIL\C51\LIB\C51L.LIB (PRINTF)
  C:\KEIL\C51\LIB\C51L.LIB (?C?PLDIXDATA)
  C:\KEIL\C51\LIB\C51L.LIB (?C?PSTXDATA)
  C:\KEIL\C51\LIB\C51L.LIB (PUTCHAR)


LINK MAP OF MODULE:  Receiver_keil (?C_STARTUP)


            TYPE    BASE      LENGTH    RELOCATION   SEGMENT NAME
            -----------------------------------------------------
BL51 BANKED LINKER/LOCATER V6.22                                                      11/07/2015  09:59:59  PAGE 2



            * * * * * * *   D A T A   M E M O R Y   * * * * * * *
            REG     0000H     0008H     ABSOLUTE     "REG BANK 0"
            REG     0008H     0008H     ABSOLUTE     "REG BANK 1"
            DATA    0010H     0005H     UNIT         ?DT?PRINTF?PRINTF
                    0015H     000BH                  *** GAP ***
            BIT     0020H.0   0001H.1   UNIT         ?BI?PRINTF?PRINTF
            BIT     0021H.1   0000H.1   UNIT         ?BI?USART
            BIT     0021H.2   0000H.1   UNIT         ?BI?AT24C256
                    0021H.3   0000H.5                *** GAP ***
            IDATA   0022H     0001H     UNIT         ?STACK

            * * * * * * *  X D A T A   M E M O R Y  * * * * * * *
            XDATA   0000H     0391H     UNIT         ?XD?TM1629
            XDATA   0391H     012EH     UNIT         ?XD?_UART_PRINTF?USART
            XDATA   04BFH     007BH     UNIT         _XDATA_GROUP_
            XDATA   053AH     0042H     UNIT         ?XD?KEY
            XDATA   057CH     0028H     UNIT         ?XD?PRINTF?PRINTF
            XDATA   05A4H     0025H     UNIT         ?XD?EV1527
            XDATA   05C9H     0011H     UNIT         ?XD?USART
            XDATA   05DAH     0010H     UNIT         ?XD?DS1302
            XDATA   05EAH     000FH     UNIT         ?XD?AT24C256
            XDATA   05F9H     000EH     UNIT         ?XD?TIMER
            XDATA   0607H     000EH     UNIT         ?XD?DECODER
            XDATA   0615H     0006H     UNIT         ?XD?_VSPRINTF?VSPRINTF
            XDATA   061BH     0003H     UNIT         ?XD?_USART1_SENDSTRING?USART
            XDATA   061EH     0003H     UNIT         ?XD?_USART2_SENDSTRING?USART

            * * * * * * *   C O D E   M E M O R Y   * * * * * * *
            CODE    0000H     0003H     ABSOLUTE     
            CODE    0003H     0003H     ABSOLUTE     
            CODE    0006H     0005H     UNIT         ?PR?FUN1?TM1629
            CODE    000BH     0003H     ABSOLUTE     
            CODE    000EH     000DH     UNIT         ?PR?FUN14?TM1629
            CODE    001BH     0003H     ABSOLUTE     
            CODE    001EH     0005H     UNIT         ?PR?FUN11?TM1629
            CODE    0023H     0003H     ABSOLUTE     
            CODE    0026H     001DH     UNIT         ?PR?FUN51?TM1629
            CODE    0043H     0003H     ABSOLUTE     
            CODE    0046H     0E60H     UNIT         ?PR?DECODERPROCESS?DECODER
            CODE    0EA6H     0C28H     UNIT         ?PR?KEYPROCESS?KEY
            CODE    1ACEH     053BH     UNIT         ?C_INITSEG
            CODE    2009H     04E6H     UNIT         ?C?LIB_CODE
            CODE    24EFH     0365H     UNIT         ?PR?PRINTF?PRINTF
            CODE    2854H     0320H     UNIT         ?CO?KEY
            CODE    2B74H     02AEH     UNIT         ?PR?RF_DECODE_MAIN_SJZ_TEST?EV1527
            CODE    2E22H     0229H     UNIT         ?PR?_CANCEL_FUNTION?TM1629
            CODE    304BH     01D5H     UNIT         ?PR?_MCURAM_TO_DISPLAYRAM?TM1629
            CODE    3220H     01CAH     UNIT         ?PR?_MCU_TO_COMPUTER?COM
            CODE    33EAH     01C9H     UNIT         ?PR?_SUBMENUF6_1?GD5800
            CODE    35B3H     019CH     UNIT         ?PR?ENV_INIT?KEY
            CODE    374FH     017CH     UNIT         ?PR?CYCLEPROCESS?TM1629
            CODE    38CBH     0170H     UNIT         ?PR?_SEARCH_FUNTION?TM1629
            CODE    3A3BH     016FH     UNIT         ?PR?TM1629_LOAD?TM1629
            CODE    3BAAH     014BH     UNIT         ?PR?RECEIVE_RF_DECODER?EV1527
            CODE    3CF5H     0147H     UNIT         ?PR?_SUBMENUF6_1_VOICESELECT?GD5800
            CODE    3E3CH     0138H     UNIT         ?PR?_REGISTER_ALARM_FUNCTION?AT24C256
BL51 BANKED LINKER/LOCATER V6.22                                                      11/07/2015  09:59:59  PAGE 3


            CODE    3F74H     0138H     UNIT         ?PR?_REGISTER_CANCEL_FUNCTION?AT24C256
            CODE    40ACH     0137H     UNIT         ?PR?RF_DECODE_MAIN?EV1527
            CODE    41E3H     0131H     UNIT         ?PR?_REGISTER_HOST_FUNCTION?AT24C256
            CODE    4314H     0130H     UNIT         ?PR?TIMER0_ISR?TIMER
            CODE    4444H     012BH     UNIT         ?PR?_DELETE_ALARM_FUNCTION?AT24C256
            CODE    456FH     012BH     UNIT         ?PR?_DELETE_CANCEL_FUNCTION?AT24C256
            CODE    469AH     0126H     UNIT         ?PR?_REGISTER_CALL_FUNCTION?AT24C256
            CODE    47C0H     0124H     UNIT         ?PR?_DELETE_HOST_FUNCTION?AT24C256
            CODE    48E4H     011FH     UNIT         ?PR?LOGOUTPROCESS?TM1629
            CODE    4A03H     010AH     UNIT         ?PR?_DELETE_CALL_FUNCTION?AT24C256
            CODE    4B0DH     0107H     UNIT         ?PR?DISPLAY_TIME?TM1629
            CODE    4C14H     0105H     UNIT         ?PR?KEYDECODER?KEY
            CODE    4D19H     00F9H     UNIT         ?PR?CYCLEDOWN?TM1629
            CODE    4E12H     00DBH     UNIT         ?PR?_DECODER_TEMP_TO_MCURAM?TM1629
            CODE    4EEDH     00D3H     UNIT         ?PR?_FIND_RF_EEPROM_HOST?AT24C256
            CODE    4FC0H     00D3H     UNIT         ?PR?_FIND_RF_EEPROM_ALARM?AT24C256
            CODE    5093H     00D3H     UNIT         ?PR?_FIND_RF_EEPROM_CANCEL?AT24C256
            CODE    5166H     00CCH     UNIT         ?PR?_FIND_RF_EEPROM_CALL?AT24C256
            CODE    5232H     00B8H     UNIT         ?PR?CYCLEUP?TM1629
            CODE    52EAH     00A0H     UNIT         ?PR?KEYSCAN?KEY
            CODE    538AH     00A0H     UNIT         ?CO?AT24C256
            CODE    542AH     0094H     UNIT         ?PR?LOGOUT?TM1629
            CODE    54BEH     0092H     UNIT         ?PR?DISPLAY?TM1629
            CODE    5550H     0090H     UNIT         ?PR?ENV_LOAD?KEY
            CODE    55E0H     008FH     UNIT         ?PR?DS1302_WRITE_TIME?DS1302
            CODE    566FH     008CH     UNIT         ?C_C51STARTUP
            CODE    56FBH     008CH     UNIT         ?PR?UART2?USART
            CODE    5787H     0077H     UNIT         ?PR?DS1302_READ_TIME?DS1302
            CODE    57FEH     0076H     UNIT         ?PR?_IRCVSTR?AT24C256
            CODE    5874H     0069H     UNIT         ?PR?_FIND_RF_EEPROM?AT24C256
            CODE    58DDH     005FH     UNIT         ?PR?_SHOW_THREE_NUMBER?TM1629
            CODE    593CH     005CH     UNIT         ?PR?DELETE_ALL_DATA?AT24C256
            CODE    5998H     0059H     UNIT         ?PR?_SHOW_FOUR_NUMBER?TM1629
            CODE    59F1H     0055H     UNIT         ?PR?_UART_PRINTF?USART
            CODE    5A46H     0055H     UNIT         ?PR?_ISENDSTR?AT24C256
            CODE    5A9BH     0053H     UNIT         ?PR?_MCURAM_TO_MCURAM_UP?TM1629
            CODE    5AEEH     0051H     UNIT         ?PR?VAR_INIT?KEY
            CODE    5B3FH     0051H     UNIT         ?PR?TM1629_INIT?TM1629
            CODE    5B90H     0051H     UNIT         ?PR?TIMER1_ISR?TIMER
            CODE    5BE1H     0050H     UNIT         ?PR?FUN49?TM1629
            CODE    5C31H     004EH     UNIT         ?PR?_MCURAM_TO_MCURAM_DOWN?TM1629
            CODE    5C7FH     004AH     UNIT         ?PR?_VSPRINTF?VSPRINTF
            CODE    5CC9H     0048H     UNIT         ?PR?_DISPLAY_LIGHT?TM1629
            CODE    5D11H     003FH     UNIT         ?PR?_DS1302_WRITE_BYTE?DS1302
            CODE    5D50H     003FH     UNIT         ?PR?_DS1302_READ_BYTE?DS1302
            CODE    5D8FH     003DH     UNIT         ?PR?FUN15?TM1629
            CODE    5DCCH     003DH     UNIT         ?PR?_SENDBYTE?AT24C256
            CODE    5E09H     003CH     UNIT         ?PR?KEY_INIT?KEY
            CODE    5E45H     003AH     UNIT         ?PR?FUN93?TM1629
            CODE    5E7FH     003AH     UNIT         ?PR?_GD5800_SELECT_CHAPTER_NEW?GD5800
            CODE    5EB9H     0036H     UNIT         ?PR?FUN94?TM1629
            CODE    5EEFH     0035H     UNIT         ?PR?TM1629_AWAIT?TM1629
            CODE    5F24H     0033H     UNIT         ?PR?_USART1_SENDSTRING?USART
            CODE    5F57H     0033H     UNIT         ?PR?_USART2_SENDSTRING?USART
            CODE    5F8AH     0033H     UNIT         ?PR?_GD5800_SELECT_CHAPTER?GD5800
            CODE    5FBDH     0030H     UNIT         ?PR?_SHOW_TWO_NUMBER?TM1629
            CODE    5FEDH     002FH     UNIT         ?PR?MAIN?MAIN
BL51 BANKED LINKER/LOCATER V6.22                                                      11/07/2015  09:59:59  PAGE 4


            CODE    601CH     002BH     UNIT         ?PR?_WRITEDATATO1629?TM1629
            CODE    6047H     002BH     UNIT         ?PR?_WRITEDATATO1629_2?TM1629
            CODE    6072H     002BH     UNIT         ?PR?_WRITEDATATO1629_3?TM1629
            CODE    609DH     0029H     UNIT         ?PR?TM1629_CLEAR?TM1629
            CODE    60C6H     0028H     UNIT         ?PR?FUN16?TM1629
            CODE    60EEH     0028H     UNIT         ?PR?FUN17?TM1629
            CODE    6116H     0028H     UNIT         ?PR?FUN20?TM1629
            CODE    613EH     0028H     UNIT         ?PR?FUN54?TM1629
            CODE    6166H     0028H     UNIT         ?PR?FUN56?TM1629
            CODE    618EH     0028H     UNIT         ?PR?FUN57?TM1629
            CODE    61B6H     0028H     UNIT         ?PR?FUN58?TM1629
            CODE    61DEH     0028H     UNIT         ?PR?FUN60?TM1629
            CODE    6206H     0028H     UNIT         ?PR?FUN61?TM1629
            CODE    622EH     0028H     UNIT         ?PR?FUN62?TM1629
            CODE    6256H     0028H     UNIT         ?PR?FUN64?TM1629
            CODE    627EH     0028H     UNIT         ?PR?FUN65?TM1629
            CODE    62A6H     0028H     UNIT         ?PR?FUN66?TM1629
            CODE    62CEH     0028H     UNIT         ?PR?FUN68?TM1629
            CODE    62F6H     0028H     UNIT         ?PR?FUN69?TM1629
            CODE    631EH     0028H     UNIT         ?PR?FUN70?TM1629
            CODE    6346H     0028H     UNIT         ?PR?FUN72?TM1629
            CODE    636EH     0028H     UNIT         ?PR?FUN73?TM1629
            CODE    6396H     0028H     UNIT         ?PR?FUN74?TM1629
            CODE    63BEH     0028H     UNIT         ?PR?FUN76?TM1629
            CODE    63E6H     0028H     UNIT         ?PR?FUN77?TM1629
            CODE    640EH     0028H     UNIT         ?PR?FUN78?TM1629
            CODE    6436H     0028H     UNIT         ?PR?FUN80?TM1629
            CODE    645EH     0028H     UNIT         ?PR?FUN81?TM1629
            CODE    6486H     0027H     UNIT         ?PR?PUTCHAR?PUTCHAR
            CODE    64ADH     0025H     UNIT         ?PR?RCVBYTE?AT24C256
            CODE    64D2H     0024H     UNIT         ?PR?FUN18?TM1629
            CODE    64F6H     0024H     UNIT         ?PR?FUN19?TM1629
            CODE    651AH     0023H     UNIT         ?PR?USARTINIT?USART
            CODE    653DH     0023H     UNIT         ?PR?FUN55?TM1629
            CODE    6560H     0023H     UNIT         ?PR?FUN59?TM1629
            CODE    6583H     0023H     UNIT         ?PR?FUN63?TM1629
            CODE    65A6H     0023H     UNIT         ?PR?FUN67?TM1629
            CODE    65C9H     0023H     UNIT         ?PR?FUN71?TM1629
            CODE    65ECH     0023H     UNIT         ?PR?FUN75?TM1629
            CODE    660FH     0023H     UNIT         ?PR?FUN79?TM1629
            CODE    6632H     0022H     UNIT         ?PR?FUN0?TM1629
            CODE    6654H     0022H     UNIT         ?PR?FUN50?TM1629
            CODE    6676H     0022H     UNIT         ?PR?FUN52?TM1629
            CODE    6698H     0022H     UNIT         ?PR?FUN53?TM1629
            CODE    66BAH     0021H     UNIT         ?PR?FUN95?TM1629
            CODE    66DBH     0021H     UNIT         ?PR?_GD5800_SOUND_VOLUME?GD5800
            CODE    66FCH     0020H     UNIT         ?PR?FUN2?TM1629
            CODE    671CH     0020H     UNIT         ?CO?TM1629
            CODE    673CH     001FH     UNIT         ?PR?_TM1629_F?TM1629
            CODE    675BH     001FH     UNIT         ?PR?_TM1629_E?TM1629
            CODE    677AH     001EH     UNIT         ?PR?UART?USART
            CODE    6798H     001EH     UNIT         ?PR?FUN3?TM1629
            CODE    67B6H     001EH     UNIT         ?PR?FUN4?TM1629
            CODE    67D4H     001EH     UNIT         ?PR?FUN5?TM1629
            CODE    67F2H     001EH     UNIT         ?PR?FUN6?TM1629
            CODE    6810H     001EH     UNIT         ?PR?FUN7?TM1629
            CODE    682EH     001EH     UNIT         ?PR?FUN8?TM1629
BL51 BANKED LINKER/LOCATER V6.22                                                      11/07/2015  09:59:59  PAGE 5


            CODE    684CH     001EH     UNIT         ?PR?FUN9?TM1629
            CODE    686AH     001EH     UNIT         ?PR?FUN10?TM1629
            CODE    6888H     001DH     UNIT         ?PR?FUN87?TM1629
            CODE    68A5H     001CH     UNIT         ?PR?RF_INI_RECEIVE?EV1527
            CODE    68C1H     001AH     UNIT         ?PR?FUN46?TM1629
            CODE    68DBH     0019H     UNIT         ?PR?_SEND_COMMAND_2?TM1629
            CODE    68F4H     0019H     UNIT         ?PR?_SEND_COMMAND_3?TM1629
            CODE    690DH     0019H     UNIT         ?PR?GD5800_INITIALIZATION?GD5800
            CODE    6926H     0017H     UNIT         ?PR?_SHOW_ONE_NUMBER?TM1629
            CODE    693DH     0016H     UNIT         ?PR?_SEND_COMMAND?TM1629
            CODE    6953H     0016H     UNIT         ?PR?SHOW_OFF?TM1629
            CODE    6969H     0016H     UNIT         ?PR?START_I2C?AT24C256
            CODE    697FH     0015H     UNIT         ?PR?_DELAYMS?AT24C256
            CODE    6994H     0014H     UNIT         ?PR?SHOW_ON?TM1629
            CODE    69A8H     0014H     UNIT         ?PR?GD5800_STOP_MUSIC?GD5800
            CODE    69BCH     0014H     UNIT         ?PR?GD5800_PLAY_MUSIC?GD5800
            CODE    69D0H     0012H     UNIT         ?PR?_TM1629_DELAY?TM1629
            CODE    69E2H     0012H     UNIT         ?PR?FUN21?TM1629
            CODE    69F4H     0012H     UNIT         ?PR?FUN22?TM1629
            CODE    6A06H     0012H     UNIT         ?PR?FUN23?TM1629
            CODE    6A18H     0012H     UNIT         ?PR?FUN24?TM1629
            CODE    6A2AH     0012H     UNIT         ?PR?FUN25?TM1629
            CODE    6A3CH     0012H     UNIT         ?PR?FUN26?TM1629
            CODE    6A4EH     0012H     UNIT         ?PR?FUN27?TM1629
            CODE    6A60H     0012H     UNIT         ?PR?FUN28?TM1629
            CODE    6A72H     0012H     UNIT         ?PR?FUN89?TM1629
            CODE    6A84H     0011H     UNIT         ?PR?STOP_I2C?AT24C256
            CODE    6A95H     0011H     UNIT         ?PR?ACK_I2C?AT24C256
            CODE    6AA6H     0011H     UNIT         ?PR?NOACK_I2C?AT24C256
            CODE    6AB7H     0010H     UNIT         ?CO?USART
            CODE    6AC7H     0010H     UNIT         ?PR?INIT_TIMER0?TIMER
            CODE    6AD7H     000EH     UNIT         ?PR?DELAY10MS?KEY
            CODE    6AE5H     000EH     UNIT         ?PR?FUN42?TM1629
            CODE    6AF3H     000EH     UNIT         ?PR?INIT_TIMER1?TIMER
            CODE    6B01H     000BH     UNIT         ?PR?TM1629_DISPLAY_BUFF_CLEAR?TM1629
            CODE    6B0CH     000BH     UNIT         ?PR?_SET_FD_TABLE?TIMER
            CODE    6B17H     000BH     UNIT         ?PR?_SET_FILTER_MAIN?TIMER
            CODE    6B22H     000BH     UNIT         ?PR?DS1302_INIT?DS1302
            CODE    6B2DH     0009H     UNIT         ?PR?_USART1_SENDDATA?USART
            CODE    6B36H     0009H     UNIT         ?PR?_USART2_SENDDATA?USART
            CODE    6B3FH     0009H     UNIT         ?PR?RETURN_RF_TRANS_COUNT?EV1527
            CODE    6B48H     0008H     UNIT         ?PR?FUN31?TM1629
            CODE    6B50H     0008H     UNIT         ?PR?FUN32?TM1629
            CODE    6B58H     0008H     UNIT         ?PR?FUN47?TM1629
            CODE    6B60H     0008H     UNIT         ?PR?FUN48?TM1629
            CODE    6B68H     0008H     UNIT         ?PR?FUN82?TM1629
            CODE    6B70H     0008H     UNIT         ?PR?FUN83?TM1629
            CODE    6B78H     0008H     UNIT         ?PR?FUN84?TM1629
            CODE    6B80H     0008H     UNIT         ?PR?FUN85?TM1629
            CODE    6B88H     0008H     UNIT         ?PR?FUN86?TM1629
            CODE    6B90H     0008H     UNIT         ?PR?FUN88?TM1629
            CODE    6B98H     0008H     UNIT         ?PR?FUN90?TM1629
            CODE    6BA0H     0008H     UNIT         ?PR?FUN91?TM1629
            CODE    6BA8H     0008H     UNIT         ?PR?FUN92?TM1629
            CODE    6BB0H     0008H     UNIT         ?PR?FUN97?TM1629
            CODE    6BB8H     0008H     UNIT         ?PR?FUN99?TM1629
            CODE    6BC0H     0008H     UNIT         ?PR?EXINT0?EV1527
BL51 BANKED LINKER/LOCATER V6.22                                                      11/07/2015  09:59:59  PAGE 6


            CODE    6BC8H     0007H     UNIT         ?PR?EXINT0_INIT?EV1527
            CODE    6BCFH     0006H     UNIT         ?PR?RETURN_FUNC_INDEX?KEY
            CODE    6BD5H     0006H     UNIT         ?PR?_SET_FUNC_INDEX?KEY
            CODE    6BDBH     0006H     UNIT         ?PR?RETURN_TWO_MENU_F3_E1?KEY
            CODE    6BE1H     0006H     UNIT         ?PR?RETURN_TWO_MENU_F3_E2?KEY
            CODE    6BE7H     0006H     UNIT         ?PR?RETURN_TWO_MENU_F4_E1?KEY
            CODE    6BEDH     0006H     UNIT         ?PR?RETURN_TWO_MENU_F5_E1?KEY
            CODE    6BF3H     0006H     UNIT         ?PR?RETURN_TWO_MENU_F6_E1?KEY
            CODE    6BF9H     0006H     UNIT         ?PR?RETURN_TWO_MENU_F6_E2?KEY
            CODE    6BFFH     0006H     UNIT         ?PR?RETURN_TWO_MENU_F6_E3?KEY
            CODE    6C05H     0006H     UNIT         ?PR?RETURN_TWO_MENU_F6_E4?KEY
            CODE    6C0BH     0006H     UNIT         ?PR?RETURN_TWO_MENU_F6_E5?KEY
            CODE    6C11H     0006H     UNIT         ?PR?RETURN_TWO_MENU_F6_E6?KEY
            CODE    6C17H     0006H     UNIT         ?PR?RETURN_TWO_MENU_F6_E7?KEY
            CODE    6C1DH     0006H     UNIT         ?PR?RETURN_TWO_MENU_F7_E1?KEY
            CODE    6C23H     0006H     UNIT         ?PR?RETURN_TWO_MENU_F7_E2?KEY
            CODE    6C29H     0006H     UNIT         ?PR?RETURN_TWO_MENU_F7_E3?KEY
            CODE    6C2FH     0006H     UNIT         ?PR?RETURN_TWO_MENU_F7_E4?KEY
            CODE    6C35H     0006H     UNIT         ?PR?RETURN_TWO_MENU_F8_E1?KEY
            CODE    6C3BH     0006H     UNIT         ?PR?RETURN_TWO_MENU_F8_E2?KEY
            CODE    6C41H     0006H     UNIT         ?PR?RETURN_SOUND_TABLE?KEY
            CODE    6C47H     0006H     UNIT         ?PR?_SET_SOUND_TABLE?KEY
            CODE    6C4DH     0006H     UNIT         ?PR?RETURN_TWO_MENU_FC_E1?KEY
            CODE    6C53H     0006H     UNIT         ?PR?RETURN_TWO_MENU_FB_E1?KEY
            CODE    6C59H     0006H     UNIT         ?PR?RETURN_AWAIT_NUMBER_TABLE?TIMER
            CODE    6C5FH     0006H     UNIT         ?PR?_SET_AWAIT_NUMBER_TABLE?TIMER
            CODE    6C65H     0006H     UNIT         ?PR?_SET_MAIN_PRESS_TIME_TABLE?TIMER
            CODE    6C6BH     0006H     UNIT         ?PR?RETURN_MAIN_PRESS_TIME?TIMER
            CODE    6C71H     0006H     UNIT         ?PR?CLEAR_MAIN_PRESS_TIME?TIMER
            CODE    6C77H     0006H     UNIT         ?PR?RETURN_LOGOUT_CYCLE_TABLE?TIMER
            CODE    6C7DH     0006H     UNIT         ?PR?_SET_LOGOUT_CYCLE_TABLE?TIMER
            CODE    6C83H     0006H     UNIT         ?PR?CLEAR_RETURN_STANDBY_TIME?TIMER
            CODE    6C89H     0006H     UNIT         ?PR?_SET_MAIN_PRESS_TIME?TIMER
            CODE    6C8FH     0006H     UNIT         ?PR?RETURN_FD_TABLE?TIMER
            CODE    6C95H     0006H     UNIT         ?PR?RETURN_FILTER_MAIN?TIMER
            CODE    6C9BH     0006H     UNIT         ?PR?RETURN_FILTER_OTHER?TIMER
            CODE    6CA1H     0006H     UNIT         ?PR?_SET_FILTER_OTHER?TIMER
            CODE    6CA7H     0006H     UNIT         ?PR?CLEAR_AGAIN_AND_AGAIN_TIME?TIMER
            CODE    6CADH     0006H     UNIT         ?PR?CLEAR_SECOND_FILTER_TIME?TIMER
            CODE    6CB3H     0006H     UNIT         ?PR?_SET_SECOND_FILTER_TABLE?TIMER
            CODE    6CB9H     0006H     UNIT         ?PR?RETURN_SECOND_FILTER_TABLE?TIMER
            CODE    6CBFH     0006H     UNIT         ?PR?RETURN_AGAIN_RECEIVE_RF_DECODER_FINISHED?EV1527
            CODE    6CC5H     0006H     UNIT         ?PR?CLEAR_AGAIN_RECEIVE_RF_DECODER_FINISHED?EV1527
            CODE    6CCBH     0006H     UNIT         ?PR?RETURN_AGAIN_AND_AGAIN_DECODER_TABLE?EV1527
            CODE    6CD1H     0006H     UNIT         ?PR?CLEAR_AGAIN_AND_AGAIN_DECODER_TABLE?EV1527
            CODE    6CD7H     0006H     UNIT         ?PR?RETURN_REGISTER_MANAGER?EV1527
            CODE    6CDDH     0006H     UNIT         ?PR?CLEAR_REGISTER_MANAGER?EV1527
            CODE    6CE3H     0006H     UNIT         ?PR?RETURN_TWO_MENU_SET_SUCCESS?DECODER
            CODE    6CE9H     0006H     UNIT         ?PR?_SET_TWO_MENU_SET_SUCCESS?DECODER
            CODE    6CEFH     0005H     UNIT         ?PR?FUN12?TM1629
            CODE    6CF4H     0005H     UNIT         ?PR?FUN13?TM1629
            CODE    6CF9H     0005H     UNIT         ?PR?FUN29?TM1629
            CODE    6CFEH     0005H     UNIT         ?PR?FUN30?TM1629
            CODE    6D03H     0005H     UNIT         ?PR?FUN33?TM1629
            CODE    6D08H     0005H     UNIT         ?PR?FUN34?TM1629
            CODE    6D0DH     0005H     UNIT         ?PR?FUN35?TM1629
            CODE    6D12H     0005H     UNIT         ?PR?FUN36?TM1629
BL51 BANKED LINKER/LOCATER V6.22                                                      11/07/2015  09:59:59  PAGE 7


            CODE    6D17H     0005H     UNIT         ?PR?FUN37?TM1629
            CODE    6D1CH     0005H     UNIT         ?PR?FUN38?TM1629
            CODE    6D21H     0005H     UNIT         ?PR?FUN39?TM1629
            CODE    6D26H     0005H     UNIT         ?PR?FUN40?TM1629
            CODE    6D2BH     0005H     UNIT         ?PR?FUN41?TM1629
            CODE    6D30H     0005H     UNIT         ?PR?FUN43?TM1629
            CODE    6D35H     0005H     UNIT         ?PR?FUN44?TM1629
            CODE    6D3AH     0005H     UNIT         ?PR?FUN45?TM1629
            CODE    6D3FH     0005H     UNIT         ?PR?FUN96?TM1629
            CODE    6D44H     0005H     UNIT         ?PR?FUN98?TM1629
            CODE    6D49H     0003H     UNIT         ?PR?_DELAYUS2X?AT24C256



OVERLAY MAP OF MODULE:   Receiver_keil (?C_STARTUP)


SEGMENT                                            XDATA_GROUP
  +--> CALLED SEGMENT                            START    LENGTH
----------------------------------------------------------------
?C_C51STARTUP                                    -----    -----
  +--> ?PR?MAIN?MAIN
  +--> ?C_INITSEG

?PR?MAIN?MAIN                                    -----    -----
  +--> ?PR?USARTINIT?USART
  +--> ?PR?TM1629_INIT?TM1629
  +--> ?PR?INIT_TIMER0?TIMER
  +--> ?PR?INIT_TIMER1?TIMER
  +--> ?PR?EXINT0_INIT?EV1527
  +--> ?PR?DS1302_INIT?DS1302
  +--> ?PR?GD5800_INITIALIZATION?GD5800
  +--> ?PR?DELAY10MS?KEY
  +--> ?PR?_GD5800_SELECT_CHAPTER?GD5800
  +--> ?PR?ENV_INIT?KEY
  +--> ?PR?KEYPROCESS?KEY
  +--> ?PR?DECODERPROCESS?DECODER

?PR?TM1629_INIT?TM1629                           04BFH    0001H
  +--> ?PR?DISPLAY?TM1629
  +--> ?PR?_TM1629_DELAY?TM1629

?PR?DISPLAY?TM1629                               -----    -----
  +--> ?PR?RETURN_TWO_MENU_F6_E5?KEY
  +--> ?PR?_SEND_COMMAND?TM1629
  +--> ?PR?_WRITEDATATO1629?TM1629
  +--> ?PR?_SEND_COMMAND_2?TM1629
  +--> ?PR?_WRITEDATATO1629_2?TM1629
  +--> ?PR?_SEND_COMMAND_3?TM1629
  +--> ?PR?_WRITEDATATO1629_3?TM1629

?PR?_SEND_COMMAND?TM1629                         -----    -----
  +--> ?PR?_WRITEDATATO1629?TM1629

?PR?_SEND_COMMAND_2?TM1629                       -----    -----
  +--> ?PR?_SEND_COMMAND?TM1629
  +--> ?PR?_WRITEDATATO1629_2?TM1629
BL51 BANKED LINKER/LOCATER V6.22                                                      11/07/2015  09:59:59  PAGE 8



?PR?_SEND_COMMAND_3?TM1629                       -----    -----
  +--> ?PR?_SEND_COMMAND_2?TM1629
  +--> ?PR?_WRITEDATATO1629_3?TM1629

?PR?DS1302_INIT?DS1302                           -----    -----
  +--> ?PR?_DS1302_WRITE_BYTE?DS1302

?PR?GD5800_INITIALIZATION?GD5800                 -----    -----
  +--> ?PR?_USART2_SENDDATA?USART

?PR?_GD5800_SELECT_CHAPTER?GD5800                050DH    0002H
  +--> ?PR?_USART2_SENDDATA?USART

?PR?ENV_INIT?KEY                                 -----    -----
  +--> ?PR?_IRCVSTR?AT24C256
  +--> ?PR?DELAY10MS?KEY

?PR?_IRCVSTR?AT24C256                            0530H    0007H
  +--> ?PR?START_I2C?AT24C256
  +--> ?PR?_SENDBYTE?AT24C256
  +--> ?PR?RCVBYTE?AT24C256
  +--> ?PR?ACK_I2C?AT24C256
  +--> ?PR?NOACK_I2C?AT24C256
  +--> ?PR?STOP_I2C?AT24C256

?PR?KEYPROCESS?KEY                               04BFH    0001H
  +--> ?PR?KEYDECODER?KEY
  +--> ?PR?RETURN_TWO_MENU_FB_E1?KEY
  +--> ?PR?RETURN_MAIN_PRESS_TIME?TIMER
  +--> ?PR?_DELETE_CALL_FUNCTION?AT24C256
  +--> ?PR?RETURN_SOUND_TABLE?KEY
  +--> ?PR?_GD5800_SELECT_CHAPTER?GD5800
  +--> ?PR?_SET_SOUND_TABLE?KEY
  +--> ?PR?_DELETE_HOST_FUNCTION?AT24C256
  +--> ?PR?_DELETE_ALARM_FUNCTION?AT24C256
  +--> ?PR?_DELETE_CANCEL_FUNCTION?AT24C256
  +--> ?PR?DELAY10MS?KEY
  +--> ?CO?KEY
  +--> ?PR?_SET_FILTER_MAIN?TIMER
  +--> ?PR?VAR_INIT?KEY
  +--> ?PR?ENV_LOAD?KEY
  +--> ?PR?KEY_INIT?KEY
  +--> ?PR?_ISENDSTR?AT24C256
  +--> ?PR?DELETE_ALL_DATA?AT24C256
  +--> ?PR?CLEAR_MAIN_PRESS_TIME?TIMER
  +--> ?PR?LOGOUT?TM1629
  +--> ?PR?CYCLEUP?TM1629
  +--> ?PR?CYCLEDOWN?TM1629

?PR?KEYDECODER?KEY                               04C0H    0002H
  +--> ?PR?KEYSCAN?KEY
  +--> ?PR?RETURN_REGISTER_MANAGER?EV1527
  +--> ?PR?_SET_MAIN_PRESS_TIME?TIMER
  +--> ?PR?CLEAR_REGISTER_MANAGER?EV1527
  +--> ?PR?RETURN_FILTER_OTHER?TIMER
  +--> ?PR?RETURN_FILTER_MAIN?TIMER
BL51 BANKED LINKER/LOCATER V6.22                                                      11/07/2015  09:59:59  PAGE 9


  +--> ?PR?_SET_FILTER_OTHER?TIMER

?PR?KEYSCAN?KEY                                  04C2H    0002H
  +--> ?PR?DELAY10MS?KEY
  +--> ?PR?CLEAR_RETURN_STANDBY_TIME?TIMER
  +--> ?PR?CLEAR_MAIN_PRESS_TIME?TIMER
  +--> ?PR?_SET_MAIN_PRESS_TIME_TABLE?TIMER
  +--> ?PR?_SET_LOGOUT_CYCLE_TABLE?TIMER
  +--> ?PR?RETURN_TWO_MENU_F6_E6?KEY
  +--> ?PR?_GD5800_SELECT_CHAPTER_NEW?GD5800

?PR?_GD5800_SELECT_CHAPTER_NEW?GD5800            04FBH    0002H
  +--> ?PR?_GD5800_SELECT_CHAPTER?GD5800
  +--> ?PR?DELAY10MS?KEY
  +--> ?PR?_SET_SOUND_TABLE?KEY

?PR?_DELETE_CALL_FUNCTION?AT24C256               04C0H    002FH
  +--> ?CO?AT24C256
  +--> ?PR?_ISENDSTR?AT24C256
  +--> ?PR?DELAY10MS?KEY
  +--> ?PR?_IRCVSTR?AT24C256

?PR?_ISENDSTR?AT24C256                           04FBH    0007H
  +--> ?PR?START_I2C?AT24C256
  +--> ?PR?_SENDBYTE?AT24C256
  +--> ?PR?STOP_I2C?AT24C256

?PR?_DELETE_HOST_FUNCTION?AT24C256               04C0H    002FH
  +--> ?CO?AT24C256
  +--> ?PR?_ISENDSTR?AT24C256
  +--> ?PR?DELAY10MS?KEY
  +--> ?PR?_IRCVSTR?AT24C256

?PR?_DELETE_ALARM_FUNCTION?AT24C256              04C0H    002FH
  +--> ?CO?AT24C256
  +--> ?PR?_ISENDSTR?AT24C256
  +--> ?PR?DELAY10MS?KEY
  +--> ?PR?_IRCVSTR?AT24C256

?PR?_DELETE_CANCEL_FUNCTION?AT24C256             04C0H    002FH
  +--> ?CO?AT24C256
  +--> ?PR?_ISENDSTR?AT24C256
  +--> ?PR?DELAY10MS?KEY
  +--> ?PR?_IRCVSTR?AT24C256

?CO?KEY                                          -----    -----
  +--> ?PR?FUN0?TM1629
  +--> ?PR?FUN1?TM1629
  +--> ?PR?FUN2?TM1629
  +--> ?PR?FUN3?TM1629
  +--> ?PR?FUN4?TM1629
  +--> ?PR?FUN5?TM1629
  +--> ?PR?FUN6?TM1629
  +--> ?PR?FUN7?TM1629
  +--> ?PR?FUN8?TM1629
  +--> ?PR?FUN9?TM1629
  +--> ?PR?FUN10?TM1629
BL51 BANKED LINKER/LOCATER V6.22                                                      11/07/2015  09:59:59  PAGE 10


  +--> ?PR?FUN11?TM1629
  +--> ?PR?FUN12?TM1629
  +--> ?PR?FUN13?TM1629
  +--> ?PR?FUN14?TM1629
  +--> ?PR?FUN15?TM1629
  +--> ?PR?FUN16?TM1629
  +--> ?PR?FUN17?TM1629
  +--> ?PR?FUN18?TM1629
  +--> ?PR?FUN19?TM1629
  +--> ?PR?FUN20?TM1629
  +--> ?PR?FUN21?TM1629
  +--> ?PR?FUN22?TM1629
  +--> ?PR?FUN23?TM1629
  +--> ?PR?FUN24?TM1629
  +--> ?PR?FUN25?TM1629
  +--> ?PR?FUN26?TM1629
  +--> ?PR?FUN27?TM1629
  +--> ?PR?FUN28?TM1629
  +--> ?PR?FUN29?TM1629
  +--> ?PR?FUN30?TM1629
  +--> ?PR?FUN31?TM1629
  +--> ?PR?FUN32?TM1629
  +--> ?PR?FUN33?TM1629
  +--> ?PR?FUN34?TM1629
  +--> ?PR?FUN35?TM1629
  +--> ?PR?FUN36?TM1629
  +--> ?PR?FUN37?TM1629
  +--> ?PR?FUN38?TM1629
  +--> ?PR?FUN39?TM1629
  +--> ?PR?FUN40?TM1629
  +--> ?PR?FUN41?TM1629
  +--> ?PR?FUN42?TM1629
  +--> ?PR?FUN43?TM1629
  +--> ?PR?FUN44?TM1629
  +--> ?PR?FUN45?TM1629
  +--> ?PR?FUN46?TM1629
  +--> ?PR?FUN47?TM1629
  +--> ?PR?FUN48?TM1629
  +--> ?PR?FUN49?TM1629
  +--> ?PR?FUN50?TM1629
  +--> ?PR?FUN51?TM1629
  +--> ?PR?FUN52?TM1629
  +--> ?PR?FUN53?TM1629
  +--> ?PR?FUN54?TM1629
  +--> ?PR?FUN55?TM1629
  +--> ?PR?FUN56?TM1629
  +--> ?PR?FUN57?TM1629
  +--> ?PR?FUN58?TM1629
  +--> ?PR?FUN59?TM1629
  +--> ?PR?FUN60?TM1629
  +--> ?PR?FUN61?TM1629
  +--> ?PR?FUN62?TM1629
  +--> ?PR?FUN63?TM1629
  +--> ?PR?FUN64?TM1629
  +--> ?PR?FUN65?TM1629
  +--> ?PR?FUN66?TM1629
  +--> ?PR?FUN67?TM1629
BL51 BANKED LINKER/LOCATER V6.22                                                      11/07/2015  09:59:59  PAGE 11


  +--> ?PR?FUN68?TM1629
  +--> ?PR?FUN69?TM1629
  +--> ?PR?FUN70?TM1629
  +--> ?PR?FUN71?TM1629
  +--> ?PR?FUN72?TM1629
  +--> ?PR?FUN73?TM1629
  +--> ?PR?FUN74?TM1629
  +--> ?PR?FUN75?TM1629
  +--> ?PR?FUN76?TM1629
  +--> ?PR?FUN77?TM1629
  +--> ?PR?FUN78?TM1629
  +--> ?PR?FUN79?TM1629
  +--> ?PR?FUN80?TM1629
  +--> ?PR?FUN81?TM1629
  +--> ?PR?FUN82?TM1629
  +--> ?PR?FUN83?TM1629
  +--> ?PR?FUN84?TM1629
  +--> ?PR?FUN85?TM1629
  +--> ?PR?FUN86?TM1629
  +--> ?PR?FUN87?TM1629
  +--> ?PR?FUN88?TM1629
  +--> ?PR?FUN89?TM1629
  +--> ?PR?FUN90?TM1629
  +--> ?PR?FUN91?TM1629
  +--> ?PR?FUN92?TM1629
  +--> ?PR?FUN93?TM1629
  +--> ?PR?FUN94?TM1629
  +--> ?PR?FUN95?TM1629
  +--> ?PR?FUN96?TM1629
  +--> ?PR?FUN97?TM1629
  +--> ?PR?FUN98?TM1629
  +--> ?PR?FUN99?TM1629

?PR?FUN0?TM1629                                  -----    -----
  +--> ?PR?RETURN_TWO_MENU_FC_E1?KEY
  +--> ?PR?TM1629_AWAIT?TM1629
  +--> ?PR?DISPLAY_TIME?TM1629
  +--> ?PR?RETURN_TWO_MENU_FB_E1?KEY
  +--> ?PR?TM1629_DISPLAY_BUFF_CLEAR?TM1629

?PR?TM1629_AWAIT?TM1629                          -----    -----
  +--> ?PR?RETURN_AWAIT_NUMBER_TABLE?TIMER
  +--> ?PR?TM1629_CLEAR?TM1629
  +--> ?PR?DISPLAY?TM1629
  +--> ?PR?_SET_AWAIT_NUMBER_TABLE?TIMER

?PR?DISPLAY_TIME?TM1629                          -----    -----
  +--> ?PR?TM1629_CLEAR?TM1629
  +--> ?PR?DS1302_READ_TIME?DS1302
  +--> ?PR?DISPLAY?TM1629

?PR?DS1302_READ_TIME?DS1302                      -----    -----
  +--> ?PR?_DS1302_READ_BYTE?DS1302

?PR?FUN1?TM1629                                  -----    -----
  +--> ?PR?_TM1629_F?TM1629

BL51 BANKED LINKER/LOCATER V6.22                                                      11/07/2015  09:59:59  PAGE 12


?PR?_TM1629_F?TM1629                             -----    -----
  +--> ?PR?TM1629_CLEAR?TM1629
  +--> ?PR?DISPLAY?TM1629

?PR?FUN2?TM1629                                  -----    -----
  +--> ?PR?_TM1629_F?TM1629
  +--> ?PR?RETURN_SOUND_TABLE?KEY
  +--> ?PR?RETURN_TWO_MENU_F6_E6?KEY
  +--> ?PR?_GD5800_SELECT_CHAPTER?GD5800
  +--> ?PR?_SET_SOUND_TABLE?KEY

?PR?FUN3?TM1629                                  -----    -----
  +--> ?PR?_TM1629_F?TM1629
  +--> ?PR?RETURN_SOUND_TABLE?KEY
  +--> ?PR?RETURN_TWO_MENU_F6_E6?KEY
  +--> ?PR?_GD5800_SELECT_CHAPTER_NEW?GD5800
  +--> ?PR?_SET_SOUND_TABLE?KEY

?PR?FUN4?TM1629                                  -----    -----
  +--> ?PR?_TM1629_F?TM1629
  +--> ?PR?RETURN_SOUND_TABLE?KEY
  +--> ?PR?RETURN_TWO_MENU_F6_E6?KEY
  +--> ?PR?_GD5800_SELECT_CHAPTER_NEW?GD5800
  +--> ?PR?_SET_SOUND_TABLE?KEY

?PR?FUN5?TM1629                                  -----    -----
  +--> ?PR?_TM1629_F?TM1629
  +--> ?PR?RETURN_SOUND_TABLE?KEY
  +--> ?PR?RETURN_TWO_MENU_F6_E6?KEY
  +--> ?PR?_GD5800_SELECT_CHAPTER_NEW?GD5800
  +--> ?PR?_SET_SOUND_TABLE?KEY

?PR?FUN6?TM1629                                  -----    -----
  +--> ?PR?_TM1629_F?TM1629
  +--> ?PR?RETURN_SOUND_TABLE?KEY
  +--> ?PR?RETURN_TWO_MENU_F6_E6?KEY
  +--> ?PR?_GD5800_SELECT_CHAPTER_NEW?GD5800
  +--> ?PR?_SET_SOUND_TABLE?KEY

?PR?FUN7?TM1629                                  -----    -----
  +--> ?PR?_TM1629_F?TM1629
  +--> ?PR?RETURN_SOUND_TABLE?KEY
  +--> ?PR?RETURN_TWO_MENU_F6_E6?KEY
  +--> ?PR?_GD5800_SELECT_CHAPTER_NEW?GD5800
  +--> ?PR?_SET_SOUND_TABLE?KEY

?PR?FUN8?TM1629                                  -----    -----
  +--> ?PR?_TM1629_F?TM1629
  +--> ?PR?RETURN_SOUND_TABLE?KEY
  +--> ?PR?RETURN_TWO_MENU_F6_E6?KEY
  +--> ?PR?_GD5800_SELECT_CHAPTER_NEW?GD5800
  +--> ?PR?_SET_SOUND_TABLE?KEY

?PR?FUN9?TM1629                                  -----    -----
  +--> ?PR?_TM1629_F?TM1629
  +--> ?PR?RETURN_SOUND_TABLE?KEY
  +--> ?PR?RETURN_TWO_MENU_F6_E6?KEY
BL51 BANKED LINKER/LOCATER V6.22                                                      11/07/2015  09:59:59  PAGE 13


  +--> ?PR?_GD5800_SELECT_CHAPTER_NEW?GD5800
  +--> ?PR?_SET_SOUND_TABLE?KEY

?PR?FUN10?TM1629                                 -----    -----
  +--> ?PR?_TM1629_F?TM1629
  +--> ?PR?RETURN_SOUND_TABLE?KEY
  +--> ?PR?RETURN_TWO_MENU_F6_E6?KEY
  +--> ?PR?_GD5800_SELECT_CHAPTER_NEW?GD5800
  +--> ?PR?_SET_SOUND_TABLE?KEY

?PR?FUN11?TM1629                                 -----    -----
  +--> ?PR?_TM1629_F?TM1629

?PR?FUN12?TM1629                                 -----    -----
  +--> ?PR?_TM1629_F?TM1629

?PR?FUN13?TM1629                                 -----    -----
  +--> ?PR?_TM1629_F?TM1629

?PR?FUN14?TM1629                                 -----    -----
  +--> ?PR?_TM1629_F?TM1629
  +--> ?PR?_SET_FD_TABLE?TIMER

?PR?FUN15?TM1629                                 -----    -----
  +--> ?PR?RETURN_TWO_MENU_FC_E1?KEY
  +--> ?PR?_SET_FUNC_INDEX?KEY
  +--> ?PR?RETURN_AWAIT_NUMBER_TABLE?TIMER
  +--> ?PR?DISPLAY_TIME?TM1629
  +--> ?PR?_SET_AWAIT_NUMBER_TABLE?TIMER
  +--> ?PR?DISPLAY?TM1629
  +--> ?PR?DS1302_WRITE_TIME?DS1302

?PR?DS1302_WRITE_TIME?DS1302                     -----    -----
  +--> ?PR?_DS1302_WRITE_BYTE?DS1302

?PR?FUN16?TM1629                                 -----    -----
  +--> ?PR?RETURN_AWAIT_NUMBER_TABLE?TIMER
  +--> ?PR?DISPLAY_TIME?TM1629
  +--> ?PR?_SET_AWAIT_NUMBER_TABLE?TIMER
  +--> ?PR?DISPLAY?TM1629
  +--> ?PR?DS1302_WRITE_TIME?DS1302

?PR?FUN17?TM1629                                 -----    -----
  +--> ?PR?RETURN_AWAIT_NUMBER_TABLE?TIMER
  +--> ?PR?DISPLAY_TIME?TM1629
  +--> ?PR?_SET_AWAIT_NUMBER_TABLE?TIMER
  +--> ?PR?DISPLAY?TM1629
  +--> ?PR?DS1302_WRITE_TIME?DS1302

?PR?FUN18?TM1629                                 -----    -----
  +--> ?PR?RETURN_AWAIT_NUMBER_TABLE?TIMER
  +--> ?PR?DISPLAY_TIME?TM1629
  +--> ?PR?_SET_AWAIT_NUMBER_TABLE?TIMER
  +--> ?PR?DISPLAY?TM1629
  +--> ?PR?DS1302_WRITE_TIME?DS1302

?PR?FUN19?TM1629                                 -----    -----
BL51 BANKED LINKER/LOCATER V6.22                                                      11/07/2015  09:59:59  PAGE 14


  +--> ?PR?RETURN_AWAIT_NUMBER_TABLE?TIMER
  +--> ?PR?DISPLAY_TIME?TM1629
  +--> ?PR?_SET_AWAIT_NUMBER_TABLE?TIMER
  +--> ?PR?DISPLAY?TM1629
  +--> ?PR?DS1302_WRITE_TIME?DS1302

?PR?FUN20?TM1629                                 -----    -----
  +--> ?PR?RETURN_AWAIT_NUMBER_TABLE?TIMER
  +--> ?PR?DISPLAY_TIME?TM1629
  +--> ?PR?_SET_AWAIT_NUMBER_TABLE?TIMER
  +--> ?PR?DISPLAY?TM1629
  +--> ?PR?DS1302_WRITE_TIME?DS1302

?PR?FUN21?TM1629                                 -----    -----
  +--> ?PR?_TM1629_E?TM1629

?PR?_TM1629_E?TM1629                             -----    -----
  +--> ?PR?TM1629_CLEAR?TM1629
  +--> ?PR?DISPLAY?TM1629

?PR?FUN22?TM1629                                 -----    -----
  +--> ?PR?_TM1629_E?TM1629

?PR?FUN23?TM1629                                 -----    -----
  +--> ?PR?_TM1629_E?TM1629

?PR?FUN24?TM1629                                 -----    -----
  +--> ?PR?_TM1629_E?TM1629

?PR?FUN25?TM1629                                 -----    -----
  +--> ?PR?_TM1629_E?TM1629

?PR?FUN26?TM1629                                 -----    -----
  +--> ?PR?_TM1629_E?TM1629

?PR?FUN27?TM1629                                 -----    -----
  +--> ?PR?_TM1629_E?TM1629

?PR?FUN28?TM1629                                 -----    -----
  +--> ?PR?_TM1629_E?TM1629

?PR?FUN29?TM1629                                 -----    -----
  +--> ?PR?_TM1629_E?TM1629

?PR?FUN30?TM1629                                 -----    -----
  +--> ?PR?_TM1629_E?TM1629

?PR?FUN31?TM1629                                 -----    -----
  +--> ?PR?RETURN_TWO_MENU_F4_E1?KEY
  +--> ?PR?_SHOW_TWO_NUMBER?TM1629

?PR?_SHOW_TWO_NUMBER?TM1629                      -----    -----
  +--> ?PR?TM1629_CLEAR?TM1629
  +--> ?PR?DISPLAY?TM1629

?PR?FUN32?TM1629                                 -----    -----
  +--> ?PR?RETURN_TWO_MENU_F5_E1?KEY
BL51 BANKED LINKER/LOCATER V6.22                                                      11/07/2015  09:59:59  PAGE 15


  +--> ?PR?_SHOW_TWO_NUMBER?TM1629

?PR?FUN33?TM1629                                 -----    -----
  +--> ?PR?_TM1629_E?TM1629

?PR?FUN34?TM1629                                 -----    -----
  +--> ?PR?_TM1629_E?TM1629

?PR?FUN35?TM1629                                 -----    -----
  +--> ?PR?_TM1629_E?TM1629

?PR?FUN36?TM1629                                 -----    -----
  +--> ?PR?_TM1629_E?TM1629

?PR?FUN37?TM1629                                 -----    -----
  +--> ?PR?_TM1629_E?TM1629

?PR?FUN38?TM1629                                 -----    -----
  +--> ?PR?_TM1629_E?TM1629

?PR?FUN39?TM1629                                 -----    -----
  +--> ?PR?_TM1629_E?TM1629

?PR?FUN40?TM1629                                 -----    -----
  +--> ?PR?_TM1629_E?TM1629

?PR?FUN41?TM1629                                 -----    -----
  +--> ?PR?_TM1629_E?TM1629

?PR?FUN42?TM1629                                 -----    -----
  +--> ?PR?_TM1629_E?TM1629
  +--> ?PR?RETURN_TWO_MENU_F8_E1?KEY

?PR?FUN43?TM1629                                 -----    -----
  +--> ?PR?_TM1629_E?TM1629

?PR?FUN44?TM1629                                 -----    -----
  +--> ?PR?_TM1629_E?TM1629

?PR?FUN45?TM1629                                 -----    -----
  +--> ?PR?_TM1629_E?TM1629

?PR?FUN46?TM1629                                 -----    -----
  +--> ?PR?RETURN_RF_TRANS_COUNT?EV1527
  +--> ?PR?_SHOW_THREE_NUMBER?TM1629

?PR?_SHOW_THREE_NUMBER?TM1629                    -----    -----
  +--> ?PR?TM1629_CLEAR?TM1629
  +--> ?PR?DISPLAY?TM1629

?PR?FUN47?TM1629                                 -----    -----
  +--> ?PR?RETURN_TWO_MENU_FB_E1?KEY
  +--> ?PR?_SHOW_ONE_NUMBER?TM1629

?PR?_SHOW_ONE_NUMBER?TM1629                      -----    -----
  +--> ?PR?TM1629_CLEAR?TM1629
  +--> ?PR?DISPLAY?TM1629
BL51 BANKED LINKER/LOCATER V6.22                                                      11/07/2015  09:59:59  PAGE 16



?PR?FUN48?TM1629                                 -----    -----
  +--> ?PR?RETURN_TWO_MENU_FC_E1?KEY
  +--> ?PR?_SHOW_ONE_NUMBER?TM1629

?PR?FUN49?TM1629                                 04C0H    0001H
  +--> ?PR?RETURN_FD_TABLE?TIMER
  +--> ?PR?_DISPLAY_LIGHT?TM1629
  +--> ?PR?_GD5800_SELECT_CHAPTER?GD5800
  +--> ?PR?TM1629_CLEAR?TM1629
  +--> ?PR?DISPLAY?TM1629

?PR?_DISPLAY_LIGHT?TM1629                        -----    -----
  +--> ?PR?_SEND_COMMAND?TM1629
  +--> ?PR?_WRITEDATATO1629?TM1629
  +--> ?PR?_SEND_COMMAND_2?TM1629
  +--> ?PR?_WRITEDATATO1629_2?TM1629
  +--> ?PR?_SEND_COMMAND_3?TM1629
  +--> ?PR?_WRITEDATATO1629_3?TM1629

?PR?FUN50?TM1629                                 -----    -----
  +--> ?PR?RETURN_AWAIT_NUMBER_TABLE?TIMER
  +--> ?PR?_SHOW_FOUR_NUMBER?TM1629
  +--> ?PR?_SET_AWAIT_NUMBER_TABLE?TIMER
  +--> ?PR?DISPLAY?TM1629

?PR?_SHOW_FOUR_NUMBER?TM1629                     -----    -----
  +--> ?PR?TM1629_CLEAR?TM1629
  +--> ?PR?DISPLAY?TM1629

?PR?FUN51?TM1629                                 -----    -----
  +--> ?PR?RETURN_AWAIT_NUMBER_TABLE?TIMER
  +--> ?PR?_SHOW_FOUR_NUMBER?TM1629
  +--> ?PR?_SET_AWAIT_NUMBER_TABLE?TIMER
  +--> ?PR?DISPLAY?TM1629

?PR?FUN52?TM1629                                 -----    -----
  +--> ?PR?RETURN_AWAIT_NUMBER_TABLE?TIMER
  +--> ?PR?_SHOW_FOUR_NUMBER?TM1629
  +--> ?PR?_SET_AWAIT_NUMBER_TABLE?TIMER
  +--> ?PR?DISPLAY?TM1629

?PR?FUN53?TM1629                                 -----    -----
  +--> ?PR?RETURN_AWAIT_NUMBER_TABLE?TIMER
  +--> ?PR?_SHOW_FOUR_NUMBER?TM1629
  +--> ?PR?_SET_AWAIT_NUMBER_TABLE?TIMER
  +--> ?PR?DISPLAY?TM1629

?PR?FUN54?TM1629                                 -----    -----
  +--> ?PR?RETURN_AWAIT_NUMBER_TABLE?TIMER
  +--> ?PR?_SHOW_FOUR_NUMBER?TM1629
  +--> ?PR?_SET_AWAIT_NUMBER_TABLE?TIMER
  +--> ?PR?DISPLAY?TM1629

?PR?FUN55?TM1629                                 -----    -----
  +--> ?PR?RETURN_AWAIT_NUMBER_TABLE?TIMER
  +--> ?PR?_SHOW_FOUR_NUMBER?TM1629
BL51 BANKED LINKER/LOCATER V6.22                                                      11/07/2015  09:59:59  PAGE 17


  +--> ?PR?_SET_AWAIT_NUMBER_TABLE?TIMER
  +--> ?PR?DISPLAY?TM1629

?PR?FUN56?TM1629                                 -----    -----
  +--> ?PR?RETURN_AWAIT_NUMBER_TABLE?TIMER
  +--> ?PR?_SHOW_FOUR_NUMBER?TM1629
  +--> ?PR?_SET_AWAIT_NUMBER_TABLE?TIMER
  +--> ?PR?DISPLAY?TM1629

?PR?FUN57?TM1629                                 -----    -----
  +--> ?PR?RETURN_AWAIT_NUMBER_TABLE?TIMER
  +--> ?PR?_SHOW_FOUR_NUMBER?TM1629
  +--> ?PR?_SET_AWAIT_NUMBER_TABLE?TIMER
  +--> ?PR?DISPLAY?TM1629

?PR?FUN58?TM1629                                 -----    -----
  +--> ?PR?RETURN_AWAIT_NUMBER_TABLE?TIMER
  +--> ?PR?_SHOW_FOUR_NUMBER?TM1629
  +--> ?PR?_SET_AWAIT_NUMBER_TABLE?TIMER
  +--> ?PR?DISPLAY?TM1629

?PR?FUN59?TM1629                                 -----    -----
  +--> ?PR?RETURN_AWAIT_NUMBER_TABLE?TIMER
  +--> ?PR?_SHOW_FOUR_NUMBER?TM1629
  +--> ?PR?_SET_AWAIT_NUMBER_TABLE?TIMER
  +--> ?PR?DISPLAY?TM1629

?PR?FUN60?TM1629                                 -----    -----
  +--> ?PR?RETURN_AWAIT_NUMBER_TABLE?TIMER
  +--> ?PR?_SHOW_FOUR_NUMBER?TM1629
  +--> ?PR?_SET_AWAIT_NUMBER_TABLE?TIMER
  +--> ?PR?DISPLAY?TM1629

?PR?FUN61?TM1629                                 -----    -----
  +--> ?PR?RETURN_AWAIT_NUMBER_TABLE?TIMER
  +--> ?PR?_SHOW_FOUR_NUMBER?TM1629
  +--> ?PR?_SET_AWAIT_NUMBER_TABLE?TIMER
  +--> ?PR?DISPLAY?TM1629

?PR?FUN62?TM1629                                 -----    -----
  +--> ?PR?RETURN_AWAIT_NUMBER_TABLE?TIMER
  +--> ?PR?_SHOW_FOUR_NUMBER?TM1629
  +--> ?PR?_SET_AWAIT_NUMBER_TABLE?TIMER
  +--> ?PR?DISPLAY?TM1629

?PR?FUN63?TM1629                                 -----    -----
  +--> ?PR?RETURN_AWAIT_NUMBER_TABLE?TIMER
  +--> ?PR?_SHOW_FOUR_NUMBER?TM1629
  +--> ?PR?_SET_AWAIT_NUMBER_TABLE?TIMER
  +--> ?PR?DISPLAY?TM1629

?PR?FUN64?TM1629                                 -----    -----
  +--> ?PR?RETURN_AWAIT_NUMBER_TABLE?TIMER
  +--> ?PR?_SHOW_FOUR_NUMBER?TM1629
  +--> ?PR?_SET_AWAIT_NUMBER_TABLE?TIMER
  +--> ?PR?DISPLAY?TM1629

BL51 BANKED LINKER/LOCATER V6.22                                                      11/07/2015  09:59:59  PAGE 18


?PR?FUN65?TM1629                                 -----    -----
  +--> ?PR?RETURN_AWAIT_NUMBER_TABLE?TIMER
  +--> ?PR?_SHOW_FOUR_NUMBER?TM1629
  +--> ?PR?_SET_AWAIT_NUMBER_TABLE?TIMER
  +--> ?PR?DISPLAY?TM1629

?PR?FUN66?TM1629                                 -----    -----
  +--> ?PR?RETURN_AWAIT_NUMBER_TABLE?TIMER
  +--> ?PR?_SHOW_FOUR_NUMBER?TM1629
  +--> ?PR?_SET_AWAIT_NUMBER_TABLE?TIMER
  +--> ?PR?DISPLAY?TM1629

?PR?FUN67?TM1629                                 -----    -----
  +--> ?PR?RETURN_AWAIT_NUMBER_TABLE?TIMER
  +--> ?PR?_SHOW_FOUR_NUMBER?TM1629
  +--> ?PR?_SET_AWAIT_NUMBER_TABLE?TIMER
  +--> ?PR?DISPLAY?TM1629

?PR?FUN68?TM1629                                 -----    -----
  +--> ?PR?RETURN_AWAIT_NUMBER_TABLE?TIMER
  +--> ?PR?_SHOW_FOUR_NUMBER?TM1629
  +--> ?PR?_SET_AWAIT_NUMBER_TABLE?TIMER
  +--> ?PR?DISPLAY?TM1629

?PR?FUN69?TM1629                                 -----    -----
  +--> ?PR?RETURN_AWAIT_NUMBER_TABLE?TIMER
  +--> ?PR?_SHOW_FOUR_NUMBER?TM1629
  +--> ?PR?_SET_AWAIT_NUMBER_TABLE?TIMER
  +--> ?PR?DISPLAY?TM1629

?PR?FUN70?TM1629                                 -----    -----
  +--> ?PR?RETURN_AWAIT_NUMBER_TABLE?TIMER
  +--> ?PR?_SHOW_FOUR_NUMBER?TM1629
  +--> ?PR?_SET_AWAIT_NUMBER_TABLE?TIMER
  +--> ?PR?DISPLAY?TM1629

?PR?FUN71?TM1629                                 -----    -----
  +--> ?PR?RETURN_AWAIT_NUMBER_TABLE?TIMER
  +--> ?PR?_SHOW_FOUR_NUMBER?TM1629
  +--> ?PR?_SET_AWAIT_NUMBER_TABLE?TIMER
  +--> ?PR?DISPLAY?TM1629

?PR?FUN72?TM1629                                 -----    -----
  +--> ?PR?RETURN_AWAIT_NUMBER_TABLE?TIMER
  +--> ?PR?_SHOW_FOUR_NUMBER?TM1629
  +--> ?PR?_SET_AWAIT_NUMBER_TABLE?TIMER
  +--> ?PR?DISPLAY?TM1629

?PR?FUN73?TM1629                                 -----    -----
  +--> ?PR?RETURN_AWAIT_NUMBER_TABLE?TIMER
  +--> ?PR?_SHOW_FOUR_NUMBER?TM1629
  +--> ?PR?_SET_AWAIT_NUMBER_TABLE?TIMER
  +--> ?PR?DISPLAY?TM1629

?PR?FUN74?TM1629                                 -----    -----
  +--> ?PR?RETURN_AWAIT_NUMBER_TABLE?TIMER
  +--> ?PR?_SHOW_FOUR_NUMBER?TM1629
BL51 BANKED LINKER/LOCATER V6.22                                                      11/07/2015  09:59:59  PAGE 19


  +--> ?PR?_SET_AWAIT_NUMBER_TABLE?TIMER
  +--> ?PR?DISPLAY?TM1629

?PR?FUN75?TM1629                                 -----    -----
  +--> ?PR?RETURN_AWAIT_NUMBER_TABLE?TIMER
  +--> ?PR?_SHOW_FOUR_NUMBER?TM1629
  +--> ?PR?_SET_AWAIT_NUMBER_TABLE?TIMER
  +--> ?PR?DISPLAY?TM1629

?PR?FUN76?TM1629                                 -----    -----
  +--> ?PR?RETURN_AWAIT_NUMBER_TABLE?TIMER
  +--> ?PR?_SHOW_FOUR_NUMBER?TM1629
  +--> ?PR?_SET_AWAIT_NUMBER_TABLE?TIMER
  +--> ?PR?DISPLAY?TM1629

?PR?FUN77?TM1629                                 -----    -----
  +--> ?PR?RETURN_AWAIT_NUMBER_TABLE?TIMER
  +--> ?PR?_SHOW_FOUR_NUMBER?TM1629
  +--> ?PR?_SET_AWAIT_NUMBER_TABLE?TIMER
  +--> ?PR?DISPLAY?TM1629

?PR?FUN78?TM1629                                 -----    -----
  +--> ?PR?RETURN_AWAIT_NUMBER_TABLE?TIMER
  +--> ?PR?_SHOW_FOUR_NUMBER?TM1629
  +--> ?PR?_SET_AWAIT_NUMBER_TABLE?TIMER
  +--> ?PR?DISPLAY?TM1629

?PR?FUN79?TM1629                                 -----    -----
  +--> ?PR?RETURN_AWAIT_NUMBER_TABLE?TIMER
  +--> ?PR?_SHOW_FOUR_NUMBER?TM1629
  +--> ?PR?_SET_AWAIT_NUMBER_TABLE?TIMER
  +--> ?PR?DISPLAY?TM1629

?PR?FUN80?TM1629                                 -----    -----
  +--> ?PR?RETURN_AWAIT_NUMBER_TABLE?TIMER
  +--> ?PR?_SHOW_FOUR_NUMBER?TM1629
  +--> ?PR?_SET_AWAIT_NUMBER_TABLE?TIMER
  +--> ?PR?DISPLAY?TM1629

?PR?FUN81?TM1629                                 -----    -----
  +--> ?PR?RETURN_AWAIT_NUMBER_TABLE?TIMER
  +--> ?PR?_SHOW_FOUR_NUMBER?TM1629
  +--> ?PR?_SET_AWAIT_NUMBER_TABLE?TIMER
  +--> ?PR?DISPLAY?TM1629

?PR?FUN82?TM1629                                 -----    -----
  +--> ?PR?RETURN_TWO_MENU_F3_E1?KEY
  +--> ?PR?_SHOW_ONE_NUMBER?TM1629

?PR?FUN83?TM1629                                 -----    -----
  +--> ?PR?RETURN_TWO_MENU_F3_E2?KEY
  +--> ?PR?_SHOW_TWO_NUMBER?TM1629

?PR?FUN84?TM1629                                 -----    -----
  +--> ?PR?RETURN_TWO_MENU_F6_E1?KEY
  +--> ?PR?_SHOW_ONE_NUMBER?TM1629

BL51 BANKED LINKER/LOCATER V6.22                                                      11/07/2015  09:59:59  PAGE 20


?PR?FUN85?TM1629                                 -----    -----
  +--> ?PR?RETURN_TWO_MENU_F6_E2?KEY
  +--> ?PR?_SHOW_ONE_NUMBER?TM1629

?PR?FUN86?TM1629                                 -----    -----
  +--> ?PR?RETURN_TWO_MENU_F6_E3?KEY
  +--> ?PR?_SHOW_ONE_NUMBER?TM1629

?PR?FUN87?TM1629                                 04C0H    0001H
  +--> ?PR?RETURN_TWO_MENU_F6_E4?KEY
  +--> ?PR?_GD5800_SOUND_VOLUME?GD5800
  +--> ?PR?_SHOW_ONE_NUMBER?TM1629

?PR?_GD5800_SOUND_VOLUME?GD5800                  04C1H    0001H
  +--> ?PR?_USART2_SENDDATA?USART

?PR?FUN88?TM1629                                 -----    -----
  +--> ?PR?RETURN_TWO_MENU_F6_E5?KEY
  +--> ?PR?_SHOW_ONE_NUMBER?TM1629

?PR?FUN89?TM1629                                 -----    -----
  +--> ?PR?RETURN_TWO_MENU_F7_E1?KEY
  +--> ?PR?_SHOW_ONE_NUMBER?TM1629
  +--> ?PR?SHOW_OFF?TM1629

?PR?SHOW_OFF?TM1629                              -----    -----
  +--> ?PR?TM1629_CLEAR?TM1629
  +--> ?PR?DISPLAY?TM1629

?PR?FUN90?TM1629                                 -----    -----
  +--> ?PR?RETURN_TWO_MENU_F7_E2?KEY
  +--> ?PR?_SHOW_ONE_NUMBER?TM1629

?PR?FUN91?TM1629                                 -----    -----
  +--> ?PR?RETURN_TWO_MENU_F7_E3?KEY
  +--> ?PR?_SHOW_ONE_NUMBER?TM1629

?PR?FUN92?TM1629                                 -----    -----
  +--> ?PR?RETURN_TWO_MENU_F7_E4?KEY
  +--> ?PR?_SHOW_ONE_NUMBER?TM1629

?PR?FUN93?TM1629                                 04C0H    0001H
  +--> ?PR?RETURN_TWO_MENU_F8_E1?KEY
  +--> ?PR?_SHOW_ONE_NUMBER?TM1629
  +--> ?PR?DELETE_ALL_DATA?AT24C256
  +--> ?PR?RETURN_SOUND_TABLE?KEY
  +--> ?PR?_GD5800_SELECT_CHAPTER?GD5800
  +--> ?PR?_SET_SOUND_TABLE?KEY

?PR?DELETE_ALL_DATA?AT24C256                     04C1H    0022H
  +--> ?CO?AT24C256
  +--> ?PR?_ISENDSTR?AT24C256
  +--> ?PR?DELAY10MS?KEY

?PR?FUN94?TM1629                                 04C0H    0001H
  +--> ?PR?RETURN_TWO_MENU_F8_E2?KEY
  +--> ?PR?_SHOW_TWO_NUMBER?TM1629
BL51 BANKED LINKER/LOCATER V6.22                                                      11/07/2015  09:59:59  PAGE 21


  +--> ?PR?RETURN_SOUND_TABLE?KEY
  +--> ?PR?_GD5800_SELECT_CHAPTER_NEW?GD5800
  +--> ?PR?RETURN_TWO_MENU_SET_SUCCESS?DECODER
  +--> ?PR?_SET_TWO_MENU_SET_SUCCESS?DECODER

?PR?FUN95?TM1629                                 04C0H    0001H
  +--> ?PR?RETURN_TWO_MENU_F6_E1?KEY
  +--> ?PR?_GD5800_SELECT_CHAPTER?GD5800

?PR?FUN96?TM1629                                 -----    -----
  +--> ?PR?_TM1629_E?TM1629

?PR?FUN97?TM1629                                 -----    -----
  +--> ?PR?RETURN_TWO_MENU_F6_E6?KEY
  +--> ?PR?_SHOW_ONE_NUMBER?TM1629

?PR?FUN98?TM1629                                 -----    -----
  +--> ?PR?_TM1629_E?TM1629

?PR?FUN99?TM1629                                 -----    -----
  +--> ?PR?RETURN_TWO_MENU_F6_E7?KEY
  +--> ?PR?_SHOW_ONE_NUMBER?TM1629

?PR?ENV_LOAD?KEY                                 -----    -----
  +--> ?PR?_ISENDSTR?AT24C256
  +--> ?PR?DELAY10MS?KEY

?PR?LOGOUT?TM1629                                04C0H    0001H
  +--> ?PR?RETURN_TWO_MENU_F3_E2?KEY
  +--> ?PR?_MCURAM_TO_MCURAM_UP?TM1629
  +--> ?PR?TM1629_LOAD?TM1629
  +--> ?PR?DISPLAY?TM1629
  +--> ?PR?_SET_FUNC_INDEX?KEY

?PR?TM1629_LOAD?TM1629                           -----    -----
  +--> ?PR?TM1629_CLEAR?TM1629
  +--> ?PR?_MCURAM_TO_DISPLAYRAM?TM1629

?PR?_MCURAM_TO_DISPLAYRAM?TM1629                 04F8H    0006H

?PR?CYCLEUP?TM1629                               04C0H    0007H
  +--> ?CO?TM1629
  +--> ?PR?RETURN_TWO_MENU_F3_E2?KEY
  +--> ?PR?_MCURAM_TO_MCURAM_UP?TM1629
  +--> ?PR?TM1629_LOAD?TM1629
  +--> ?PR?DISPLAY?TM1629

?PR?CYCLEDOWN?TM1629                             04C0H    0008H
  +--> ?CO?TM1629
  +--> ?PR?RETURN_TWO_MENU_F3_E2?KEY
  +--> ?PR?_MCURAM_TO_MCURAM_DOWN?TM1629
  +--> ?PR?TM1629_LOAD?TM1629
  +--> ?PR?DISPLAY?TM1629

?PR?DECODERPROCESS?DECODER                       04BFH    002BH
  +--> ?PR?RETURN_FUNC_INDEX?KEY
  +--> ?PR?RETURN_TWO_MENU_F8_E1?KEY
BL51 BANKED LINKER/LOCATER V6.22                                                      11/07/2015  09:59:59  PAGE 22


  +--> ?PR?RETURN_TWO_MENU_F8_E2?KEY
  +--> ?PR?RETURN_TWO_MENU_F3_E1?KEY
  +--> ?PR?RETURN_TWO_MENU_F3_E2?KEY
  +--> ?PR?RETURN_TWO_MENU_F7_E1?KEY
  +--> ?PR?RETURN_TWO_MENU_F6_E1?KEY
  +--> ?PR?RETURN_TWO_MENU_F6_E2?KEY
  +--> ?PR?RECEIVE_RF_DECODER?EV1527
  +--> ?PR?RETURN_AGAIN_RECEIVE_RF_DECODER_F...
  +--> ?PR?_SET_LOGOUT_CYCLE_TABLE?TIMER
  +--> ?PR?_SUBMENUF6_1?GD5800
  +--> ?PR?_CANCEL_FUNTION?TM1629
  +--> ?PR?_MCU_TO_COMPUTER?COM
  +--> ?PR?TM1629_CLEAR?TM1629
  +--> ?PR?_DECODER_TEMP_TO_MCURAM?TM1629
  +--> ?PR?TM1629_LOAD?TM1629
  +--> ?PR?DISPLAY?TM1629
  +--> ?PR?_SET_FUNC_INDEX?KEY
  +--> ?PR?_FIND_RF_EEPROM?AT24C256
  +--> ?PR?RETURN_SECOND_FILTER_TABLE?TIMER
  +--> ?PR?CLEAR_SECOND_FILTER_TIME?TIMER
  +--> ?PR?_SET_SECOND_FILTER_TABLE?TIMER
  +--> ?PR?_SEARCH_FUNTION?TM1629
  +--> ?PR?_MCURAM_TO_MCURAM_DOWN?TM1629
  +--> ?PR?CLEAR_AGAIN_RECEIVE_RF_DECODER_FI...
  +--> ?PR?_REGISTER_CALL_FUNCTION?AT24C256
  +--> ?PR?DELAY10MS?KEY
  +--> ?PR?_REGISTER_HOST_FUNCTION?AT24C256
  +--> ?PR?_REGISTER_ALARM_FUNCTION?AT24C256
  +--> ?PR?_REGISTER_CANCEL_FUNCTION?AT24C256
  +--> ?PR?_SET_SOUND_TABLE?KEY
  +--> ?PR?_ISENDSTR?AT24C256
  +--> ?PR?LOGOUTPROCESS?TM1629
  +--> ?PR?CYCLEPROCESS?TM1629

?PR?RECEIVE_RF_DECODER?EV1527                    04EAH    0033H
  +--> ?PR?RETURN_FUNC_INDEX?KEY
  +--> ?PR?CLEAR_AGAIN_AND_AGAIN_TIME?TIMER
  +--> ?PR?CLEAR_RETURN_STANDBY_TIME?TIMER
  +--> ?PR?_FIND_RF_EEPROM_HOST?AT24C256
  +--> ?PR?_SET_SOUND_TABLE?KEY

?PR?_FIND_RF_EEPROM_HOST?AT24C256                051DH    0013H
  +--> ?PR?_IRCVSTR?AT24C256
  +--> ?PR?RETURN_TWO_MENU_F8_E1?KEY

?PR?_SUBMENUF6_1?GD5800                          04F8H    0011H
  +--> ?PR?RETURN_TWO_MENU_F7_E1?KEY
  +--> ?PR?RETURN_TWO_MENU_F6_E7?KEY
  +--> ?PR?_GD5800_SELECT_CHAPTER?GD5800
  +--> ?PR?_SUBMENUF6_1_VOICESELECT?GD5800

?PR?_SUBMENUF6_1_VOICESELECT?GD5800              0509H    0004H
  +--> ?PR?_GD5800_SELECT_CHAPTER?GD5800

?PR?_CANCEL_FUNTION?TM1629                       04EAH    0012H
  +--> ?CO?TM1629
  +--> ?PR?RETURN_TWO_MENU_F3_E2?KEY
BL51 BANKED LINKER/LOCATER V6.22                                                      11/07/2015  09:59:59  PAGE 23


  +--> ?PR?GD5800_STOP_MUSIC?GD5800
  +--> ?PR?_MCURAM_TO_MCURAM_UP?TM1629
  +--> ?PR?_SET_FUNC_INDEX?KEY

?PR?GD5800_STOP_MUSIC?GD5800                     -----    -----
  +--> ?PR?_USART2_SENDDATA?USART

?PR?_MCU_TO_COMPUTER?COM                         04EAH    000BH
  +--> ?PR?DS1302_READ_TIME?DS1302
  +--> ?PR?_USART1_SENDDATA?USART

?PR?_DECODER_TEMP_TO_MCURAM?TM1629               04EAH    0006H

?PR?_FIND_RF_EEPROM?AT24C256                     04EAH    0007H
  +--> ?PR?_FIND_RF_EEPROM_CANCEL?AT24C256
  +--> ?PR?_FIND_RF_EEPROM_ALARM?AT24C256
  +--> ?PR?_FIND_RF_EEPROM_CALL?AT24C256

?PR?_FIND_RF_EEPROM_CANCEL?AT24C256              04F1H    0013H
  +--> ?PR?_IRCVSTR?AT24C256
  +--> ?PR?RETURN_TWO_MENU_F8_E1?KEY

?PR?_FIND_RF_EEPROM_ALARM?AT24C256               04F1H    0013H
  +--> ?PR?_IRCVSTR?AT24C256
  +--> ?PR?RETURN_TWO_MENU_F8_E1?KEY

?PR?_FIND_RF_EEPROM_CALL?AT24C256                04F1H    0013H
  +--> ?PR?_IRCVSTR?AT24C256
  +--> ?PR?RETURN_TWO_MENU_F8_E1?KEY

?PR?_SEARCH_FUNTION?TM1629                       04EAH    000DH
  +--> ?CO?TM1629
  +--> ?PR?RETURN_TWO_MENU_F3_E2?KEY
  +--> ?PR?_MCURAM_TO_MCURAM_UP?TM1629

?PR?_REGISTER_CALL_FUNCTION?AT24C256             04EAH    0011H
  +--> ?PR?_IRCVSTR?AT24C256
  +--> ?PR?RETURN_TWO_MENU_F8_E1?KEY
  +--> ?PR?_ISENDSTR?AT24C256
  +--> ?PR?_GD5800_SELECT_CHAPTER_NEW?GD5800

?PR?_REGISTER_HOST_FUNCTION?AT24C256             04EAH    0011H
  +--> ?PR?_IRCVSTR?AT24C256
  +--> ?PR?RETURN_TWO_MENU_F8_E1?KEY
  +--> ?PR?_GD5800_SELECT_CHAPTER?GD5800
  +--> ?PR?_ISENDSTR?AT24C256
  +--> ?PR?_GD5800_SELECT_CHAPTER_NEW?GD5800

?PR?_REGISTER_ALARM_FUNCTION?AT24C256            04EAH    0011H
  +--> ?PR?_IRCVSTR?AT24C256
  +--> ?PR?RETURN_TWO_MENU_F8_E1?KEY
  +--> ?PR?_GD5800_SELECT_CHAPTER?GD5800
  +--> ?PR?_ISENDSTR?AT24C256
  +--> ?PR?_GD5800_SELECT_CHAPTER_NEW?GD5800

?PR?_REGISTER_CANCEL_FUNCTION?AT24C256           04EAH    0011H
  +--> ?PR?_IRCVSTR?AT24C256
BL51 BANKED LINKER/LOCATER V6.22                                                      11/07/2015  09:59:59  PAGE 24


  +--> ?PR?RETURN_TWO_MENU_F8_E1?KEY
  +--> ?PR?_GD5800_SELECT_CHAPTER?GD5800
  +--> ?PR?_ISENDSTR?AT24C256
  +--> ?PR?_GD5800_SELECT_CHAPTER_NEW?GD5800

?PR?LOGOUTPROCESS?TM1629                         04EAH    0008H
  +--> ?PR?RETURN_TWO_MENU_F5_E1?KEY
  +--> ?PR?RETURN_TWO_MENU_F4_E1?KEY
  +--> ?PR?RETURN_LOGOUT_CYCLE_TABLE?TIMER
  +--> ?PR?RETURN_TWO_MENU_F3_E2?KEY
  +--> ?PR?RETURN_TWO_MENU_F3_E1?KEY
  +--> ?PR?RETURN_TWO_MENU_F6_E2?KEY
  +--> ?PR?_MCURAM_TO_MCURAM_UP?TM1629
  +--> ?PR?TM1629_LOAD?TM1629
  +--> ?PR?DISPLAY?TM1629
  +--> ?PR?_SET_LOGOUT_CYCLE_TABLE?TIMER
  +--> ?PR?_SET_FUNC_INDEX?KEY
  +--> ?PR?_SUBMENUF6_1?GD5800

?PR?CYCLEPROCESS?TM1629                          04EAH    000EH
  +--> ?CO?TM1629
  +--> ?PR?RETURN_TWO_MENU_F6_E3?KEY
  +--> ?PR?RETURN_TWO_MENU_F6_E1?KEY
  +--> ?PR?RETURN_TWO_MENU_F5_E1?KEY
  +--> ?PR?RETURN_TWO_MENU_F4_E1?KEY
  +--> ?PR?RETURN_LOGOUT_CYCLE_TABLE?TIMER
  +--> ?PR?_MCURAM_TO_MCURAM_DOWN?TM1629
  +--> ?PR?TM1629_LOAD?TM1629
  +--> ?PR?DISPLAY?TM1629
  +--> ?PR?_SET_LOGOUT_CYCLE_TABLE?TIMER
  +--> ?PR?_SUBMENUF6_1?GD5800

?C_INITSEG                                       -----    -----
  +--> ?CO?USART

*** NEW ROOT ***************************************************

?PR?UART?USART                                   0537H    0001H

*** NEW ROOT ***************************************************

?PR?TIMER0_ISR?TIMER                             0538H    0002H
  +--> ?PR?RETURN_FUNC_INDEX?KEY
  +--> ?PR?RETURN_TWO_MENU_FC_E1?KEY
  +--> ?PR?RETURN_AGAIN_AND_AGAIN_DECODER_TA...
  +--> ?PR?CLEAR_AGAIN_AND_AGAIN_DECODER_TAB...
  +--> ?PR?_SET_FUNC_INDEX?KEY

*** NEW ROOT ***************************************************

?PR?TIMER1_ISR?TIMER                             -----    -----
  +--> ?PR?RETURN_FUNC_INDEX?KEY
  +--> ?PR?RF_DECODE_MAIN_SJZ_TEST?EV1527
  +--> ?PR?RF_DECODE_MAIN?EV1527

?PR?RF_DECODE_MAIN_SJZ_TEST?EV1527               -----    -----
  +--> ?PR?RF_INI_RECEIVE?EV1527
BL51 BANKED LINKER/LOCATER V6.22                                                      11/07/2015  09:59:59  PAGE 25



?PR?RF_DECODE_MAIN?EV1527                        -----    -----
  +--> ?PR?RF_INI_RECEIVE?EV1527



SYMBOL TABLE OF MODULE:  Receiver_keil (?C_STARTUP)

  VALUE           TYPE          NAME
  ----------------------------------

  -------         MODULE        ?C_STARTUP
  C:566FH         SEGMENT       ?C_C51STARTUP
  I:0022H         SEGMENT       ?STACK
  C:0000H         PUBLIC        ?C_STARTUP
  D:00E0H         SYMBOL        ACC
  D:00F0H         SYMBOL        B
  D:0083H         SYMBOL        DPH
  D:0082H         SYMBOL        DPL
  N:0000H         SYMBOL        IBPSTACK
  N:0100H         SYMBOL        IBPSTACKTOP
  N:0080H         SYMBOL        IDATALEN
  C:5672H         SYMBOL        IDATALOOP
  N:0000H         SYMBOL        PBPSTACK
  N:0100H         SYMBOL        PBPSTACKTOP
  N:0000H         SYMBOL        PDATALEN
  N:0000H         SYMBOL        PDATASTART
  N:0000H         SYMBOL        PPAGE
  N:0000H         SYMBOL        PPAGEENABLE
  D:00A0H         SYMBOL        PPAGE_SFR
  D:0081H         SYMBOL        SP
  C:566FH         SYMBOL        STARTUP1
  N:0000H         SYMBOL        XBPSTACK
  N:0000H         SYMBOL        XBPSTACKTOP
  N:0000H         SYMBOL        XDATALEN
  N:0000H         SYMBOL        XDATASTART
  C:0000H         LINE#         126
  C:566FH         LINE#         133
  C:5671H         LINE#         134
  C:5672H         LINE#         135
  C:5673H         LINE#         136
  C:5675H         LINE#         185
  C:5678H         LINE#         196
  -------         ENDMOD        ?C_STARTUP

  -------         MODULE        MAIN
  C:0000H         SYMBOL        _ICE_DUMMY_
  D:0080H         PUBLIC        P0
  D:00B2H         PUBLIC        P3M0
  D:0090H         PUBLIC        P1
  D:00B1H         PUBLIC        P3M1
  D:00A0H         PUBLIC        P2
  D:00B0H         PUBLIC        P3
  D:00C0H         PUBLIC        P4
  D:00C8H         PUBLIC        P5
  D:00E8H         PUBLIC        P6
  D:00F8H         PUBLIC        P7
BL51 BANKED LINKER/LOCATER V6.22                                                      11/07/2015  09:59:59  PAGE 26


  D:00A8H         PUBLIC        IE
  D:00B8H         PUBLIC        IP
  D:00D8H         PUBLIC        CCON
  C:5FEDH         PUBLIC        main
  D:0098H         PUBLIC        SCON
  D:0088H         PUBLIC        TCON
  D:00D0H         PUBLIC        PSW
  -------         PROC          MAIN
  C:5FEDH         LINE#         13
  C:5FEDH         LINE#         14
  C:5FEDH         LINE#         16
  C:5FF0H         LINE#         20
  C:5FF3H         LINE#         24
  C:5FF6H         LINE#         28
  C:5FF9H         LINE#         32
  C:5FFCH         LINE#         36
  C:5FFFH         LINE#         40
  C:6002H         LINE#         41
  C:6005H         LINE#         47
  C:6008H         LINE#         48
  C:600BH         LINE#         52
  C:6011H         LINE#         53
  C:6014H         LINE#         55
  C:6014H         LINE#         56
  C:6014H         LINE#         57
  C:6017H         LINE#         58
  C:601AH         LINE#         59
  -------         ENDPROC       MAIN
  -------         ENDMOD        MAIN

  -------         MODULE        USART
  C:0000H         SYMBOL        _ICE_DUMMY_
  D:0080H         PUBLIC        P0
  D:0090H         PUBLIC        P1
  D:00A0H         PUBLIC        P2
  D:00B0H         PUBLIC        P3
  D:00C0H         PUBLIC        P4
  D:00C8H         PUBLIC        P5
  B:00A8H.7       PUBLIC        EA
  D:00E8H         PUBLIC        P6
  D:00F8H         PUBLIC        P7
  X:05C9H         SYMBOL        SPIOK
  X:05CCH         SYMBOL        OKSPI
  D:00A2H         PUBLIC        P_SW1
  D:00BAH         PUBLIC        P_SW2
  D:00A8H         PUBLIC        IE
  X:05CFH         PUBLIC        usart2_num
  B:00A8H.4       PUBLIC        ES
  D:00B8H         PUBLIC        IP
  B:0098H.0       PUBLIC        RI
  B:0098H.1       PUBLIC        TI
  C:677AH         PUBLIC        Uart
  D:00D8H         PUBLIC        CCON
  C:651AH         PUBLIC        UsartInit
  C:5F24H         PUBLIC        _Usart1_SendString
  C:5F57H         PUBLIC        _Usart2_SendString
  C:6B2DH         PUBLIC        _Usart1_SendData
BL51 BANKED LINKER/LOCATER V6.22                                                      11/07/2015  09:59:59  PAGE 27


  C:6B36H         PUBLIC        _Usart2_SendData
  X:05D0H         PUBLIC        usart2_enable
  D:0099H         PUBLIC        SBUF
  D:0098H         PUBLIC        SCON
  D:0088H         PUBLIC        TCON
  C:59F1H         PUBLIC        _uart_printf
  D:00AFH         PUBLIC        IE2
  D:008EH         PUBLIC        AUXR
  B:0021H.1       PUBLIC        busy
  D:00E0H         PUBLIC        ACC
  X:05D1H         PUBLIC        usart2_begin
  D:00D6H         PUBLIC        T2H
  B:00D0H.0       PUBLIC        P
  C:56FBH         PUBLIC        Uart2
  D:00D7H         PUBLIC        T2L
  X:05D2H         PUBLIC        usart2_data
  D:009BH         PUBLIC        S2BUF
  X:05D6H         PUBLIC        usart2_right
  D:009AH         PUBLIC        S2CON
  X:05D7H         SYMBOL        SPI
  D:00D0H         PUBLIC        PSW
  -------         PROC          UART
  -------         DO            
  X:0537H         SYMBOL        temp
  -------         ENDDO         
  C:677AH         LINE#         16
  C:6780H         LINE#         18
  C:6785H         LINE#         19
  C:6788H         LINE#         20
  C:6788H         LINE#         21
  C:678AH         LINE#         25
  C:678AH         LINE#         26
  C:678DH         LINE#         27
  C:678DH         LINE#         28
  C:678FH         LINE#         29
  C:6791H         LINE#         30
  C:6791H         LINE#         31
  -------         ENDPROC       UART
  -------         PROC          UART2
  -------         DO            
  D:000FH         SYMBOL        temp
  -------         ENDDO         
  C:56FBH         LINE#         36
  C:5708H         LINE#         38
  C:570AH         LINE#         39
  C:570FH         LINE#         40
  C:570FH         LINE#         41
  C:5712H         LINE#         42
  C:5714H         LINE#         43
  C:571CH         LINE#         44
  C:571CH         LINE#         45
  C:5722H         LINE#         46
  C:5722H         LINE#         47
  C:5735H         LINE#         48
  C:5735H         LINE#         50
  C:573CH         LINE#         51
  C:573CH         LINE#         52
BL51 BANKED LINKER/LOCATER V6.22                                                      11/07/2015  09:59:59  PAGE 28


  C:5741H         LINE#         53
  C:5745H         LINE#         54
  C:574AH         LINE#         55
  C:574AH         LINE#         56
  C:574AH         LINE#         57
  C:5751H         LINE#         58
  C:5751H         LINE#         59
  C:5754H         LINE#         60
  C:5756H         LINE#         61
  C:576DH         LINE#         62
  C:576DH         LINE#         63
  C:5772H         LINE#         64
  C:5772H         LINE#         65
  C:5772H         LINE#         69
  C:5772H         LINE#         70
  C:5777H         LINE#         71
  C:5777H         LINE#         72
  C:577AH         LINE#         73
  C:577CH         LINE#         74
  C:577CH         LINE#         75
  -------         ENDPROC       UART2
  -------         PROC          _USART1_SENDDATA
  D:0007H         SYMBOL        dat
  C:6B2DH         LINE#         80
  C:6B2DH         LINE#         81
  C:6B2DH         LINE#         82
  C:6B30H         LINE#         83
  C:6B31H         LINE#         84
  C:6B31H         LINE#         85
  C:6B31H         LINE#         91
  C:6B31H         LINE#         93
  C:6B31H         LINE#         99
  C:6B31H         LINE#         100
  C:6B33H         LINE#         101
  C:6B35H         LINE#         102
  -------         ENDPROC       _USART1_SENDDATA
  -------         PROC          _USART1_SENDSTRING
  X:061BH         SYMBOL        s
  C:5F24H         LINE#         107
  C:5F2FH         LINE#         108
  C:5F2FH         LINE#         109
  C:5F3FH         LINE#         110
  C:5F3FH         LINE#         111
  C:5F54H         LINE#         112
  C:5F56H         LINE#         113
  -------         ENDPROC       _USART1_SENDSTRING
  -------         PROC          _USART2_SENDDATA
  D:0007H         SYMBOL        dat
  C:6B36H         LINE#         118
  C:6B36H         LINE#         119
  C:6B36H         LINE#         120
  C:6B39H         LINE#         121
  C:6B3AH         LINE#         122
  C:6B3AH         LINE#         123
  C:6B3AH         LINE#         129
  C:6B3AH         LINE#         131
  C:6B3AH         LINE#         137
BL51 BANKED LINKER/LOCATER V6.22                                                      11/07/2015  09:59:59  PAGE 29


  C:6B3AH         LINE#         138
  C:6B3CH         LINE#         139
  C:6B3EH         LINE#         140
  -------         ENDPROC       _USART2_SENDDATA
  -------         PROC          _USART2_SENDSTRING
  X:061EH         SYMBOL        s
  C:5F57H         LINE#         145
  C:5F62H         LINE#         146
  C:5F62H         LINE#         147
  C:5F72H         LINE#         148
  C:5F72H         LINE#         149
  C:5F87H         LINE#         150
  C:5F89H         LINE#         151
  -------         ENDPROC       _USART2_SENDSTRING
  -------         PROC          USARTINIT
  C:651AH         LINE#         155
  C:651AH         LINE#         156
  C:651AH         LINE#         157
  C:651CH         LINE#         158
  C:651EH         LINE#         159
  C:6520H         LINE#         171
  C:6523H         LINE#         175
  C:6526H         LINE#         183
  C:6529H         LINE#         191
  C:652CH         LINE#         192
  C:652FH         LINE#         193
  C:6532H         LINE#         194
  C:6535H         LINE#         195
  C:6537H         LINE#         196
  C:653AH         LINE#         197
  C:653CH         LINE#         202
  -------         ENDPROC       USARTINIT
  -------         PROC          _UART_PRINTF
  X:0391H         SYMBOL        fmt
  -------         DO            
  X:0394H         SYMBOL        ellipsis_40
  X:03BCH         SYMBOL        ap
  X:03BFH         SYMBOL        string
  -------         ENDDO         
  C:59F1H         LINE#         204
  C:59FCH         LINE#         205
  C:59FCH         LINE#         209
  C:5A0AH         LINE#         210
  C:5A3DH         LINE#         211
  -------         ENDPROC       _UART_PRINTF
  -------         ENDMOD        USART

  -------         MODULE        KEY
  C:0000H         SYMBOL        _ICE_DUMMY_
  D:0080H         PUBLIC        P0
  D:0090H         PUBLIC        P1
  D:00A0H         PUBLIC        P2
  D:00B0H         PUBLIC        P3
  D:00C0H         PUBLIC        P4
  D:00C8H         PUBLIC        P5
  D:00E8H         PUBLIC        P6
  D:00F8H         PUBLIC        P7
BL51 BANKED LINKER/LOCATER V6.22                                                      11/07/2015  09:59:59  PAGE 30


  C:2854H         PUBLIC        table
  D:00A8H         PUBLIC        IE
  C:0EA6H         PUBLIC        KeyProcess
  X:053AH         PUBLIC        Two_Menu_Fb_E1
  X:053BH         PUBLIC        Two_Menu_Fd_E1
  X:053CH         PUBLIC        sound_table
  C:6C53H         PUBLIC        return_Two_Menu_Fb_E1
  D:00B8H         PUBLIC        IP
  C:6C41H         PUBLIC        return_sound_table
  D:00D8H         PUBLIC        CCON
  X:053DH         PUBLIC        func_index
  C:6BCFH         PUBLIC        return_func_index
  C:52EAH         PUBLIC        KeyScan
  D:0098H         PUBLIC        SCON
  D:0088H         PUBLIC        TCON
  X:053EH         PUBLIC        current_operation_index
  D:00C7H         PUBLIC        IAP_CONTR
  C:6C47H         PUBLIC        _set_sound_table
  C:5550H         PUBLIC        env_load
  C:6AD7H         PUBLIC        delay10ms
  C:6BD5H         PUBLIC        _set_func_index
  C:5E09H         PUBLIC        key_init
  C:5AEEH         PUBLIC        var_init
  C:35B3H         PUBLIC        env_init
  X:0541H         PUBLIC        Two_Menu_F1_E1
  X:0546H         PUBLIC        Two_Menu_F2_E1
  X:054BH         PUBLIC        Two_Menu_F1_E2
  X:0550H         PUBLIC        Two_Menu_F3_E1
  X:0551H         PUBLIC        Two_Menu_F2_E2
  X:0556H         PUBLIC        Two_Menu_F1_E3
  X:055BH         PUBLIC        Two_Menu_F4_E1
  X:055CH         PUBLIC        Two_Menu_F3_E2
  X:055DH         PUBLIC        Two_Menu_F2_E3
  X:0562H         PUBLIC        Two_Menu_F1_E4
  X:0567H         PUBLIC        Two_Menu_F5_E1
  C:4C14H         PUBLIC        KeyDecoder
  X:0568H         PUBLIC        Two_Menu_F2_E4
  X:056DH         PUBLIC        Two_Menu_F6_E1
  X:056EH         PUBLIC        accumulate_decoder
  X:056FH         PUBLIC        Two_Menu_F7_E1
  X:0570H         PUBLIC        Two_Menu_F6_E2
  X:0571H         PUBLIC        Two_Menu_F8_E1
  X:0572H         PUBLIC        Two_Menu_F7_E2
  X:0573H         PUBLIC        Two_Menu_F6_E3
  C:6BDBH         PUBLIC        return_Two_Menu_F3_E1
  X:0574H         PUBLIC        Two_Menu_F8_E2
  X:0575H         PUBLIC        Two_Menu_F7_E3
  X:0576H         PUBLIC        Two_Menu_F6_E4
  C:6BE7H         PUBLIC        return_Two_Menu_F4_E1
  C:6BE1H         PUBLIC        return_Two_Menu_F3_E2
  X:0577H         PUBLIC        Two_Menu_F7_E4
  X:0578H         PUBLIC        Two_Menu_F6_E5
  C:6BEDH         PUBLIC        return_Two_Menu_F5_E1
  X:0579H         PUBLIC        Two_Menu_F6_E6
  C:6BF3H         PUBLIC        return_Two_Menu_F6_E1
  X:057AH         PUBLIC        Two_Menu_F6_E7
  C:6C1DH         PUBLIC        return_Two_Menu_F7_E1
BL51 BANKED LINKER/LOCATER V6.22                                                      11/07/2015  09:59:59  PAGE 31


  C:6BF9H         PUBLIC        return_Two_Menu_F6_E2
  C:6C35H         PUBLIC        return_Two_Menu_F8_E1
  C:6C23H         PUBLIC        return_Two_Menu_F7_E2
  C:6BFFH         PUBLIC        return_Two_Menu_F6_E3
  C:6C3BH         PUBLIC        return_Two_Menu_F8_E2
  C:6C29H         PUBLIC        return_Two_Menu_F7_E3
  C:6C05H         PUBLIC        return_Two_Menu_F6_E4
  C:6C2FH         PUBLIC        return_Two_Menu_F7_E4
  C:6C0BH         PUBLIC        return_Two_Menu_F6_E5
  C:6C11H         PUBLIC        return_Two_Menu_F6_E6
  C:6C17H         PUBLIC        return_Two_Menu_F6_E7
  X:057BH         PUBLIC        Two_Menu_FC_E1
  C:6C4DH         PUBLIC        return_Two_Menu_FC_E1
  D:00D0H         PUBLIC        PSW
  -------         PROC          KEYSCAN
  -------         DO            
  X:04C2H         SYMBOL        Val
  -------         ENDDO         
  C:52EAH         LINE#         182
  C:52EAH         LINE#         183
  C:52EAH         LINE#         184
  C:52F1H         LINE#         185
  C:52F4H         LINE#         186
  C:52FFH         LINE#         187
  C:52FFH         LINE#         188
  C:5302H         LINE#         189
  C:530AH         LINE#         190
  C:530AH         LINE#         191
  C:530DH         LINE#         193
  C:531AH         LINE#         194
  C:5326H         LINE#         195
  C:5326H         LINE#         196
  C:5329H         LINE#         197
  C:532EH         LINE#         198
  C:532EH         LINE#         199
  C:5336H         LINE#         200
  C:5339H         LINE#         201
  C:5341H         LINE#         202
  C:5346H         LINE#         203
  C:534BH         LINE#         204
  C:536FH         LINE#         205
  C:536FH         LINE#         206
  C:5376H         LINE#         207
  C:5376H         LINE#         208
  C:537CH         LINE#         209
  C:5385H         LINE#         210
  C:5385H         LINE#         211
  C:5385H         LINE#         213
  C:5389H         LINE#         214
  -------         ENDPROC       KEYSCAN
  -------         PROC          KEYDECODER
  -------         DO            
  X:04C0H         SYMBOL        key_val
  D:0007H         SYMBOL        register_manager_temp
  -------         ENDDO         
  C:4C14H         LINE#         216
  C:4C14H         LINE#         217
BL51 BANKED LINKER/LOCATER V6.22                                                      11/07/2015  09:59:59  PAGE 32


  C:4C14H         LINE#         218
  C:4C1BH         LINE#         219
  C:4C1CH         LINE#         220
  C:4C27H         LINE#         221
  C:4C2AH         LINE#         222
  C:4C3AH         LINE#         223
  C:4C3AH         LINE#         225
  C:4C42H         LINE#         226
  C:4C42H         LINE#         228
  C:4C65H         LINE#         229
  C:4C65H         LINE#         232
  C:4C6FH         LINE#         233
  C:4C6FH         LINE#         234
  C:4C75H         LINE#         235
  C:4C77H         LINE#         237
  C:4C77H         LINE#         238
  C:4C7CH         LINE#         239
  C:4C7CH         LINE#         240
  C:4C85H         LINE#         241
  C:4C85H         LINE#         242
  C:4C8AH         LINE#         243
  C:4C8FH         LINE#         244
  C:4C8FH         LINE#         245
  C:4C8FH         LINE#         246
  C:4C92H         LINE#         248
  C:4CA8H         LINE#         249
  C:4CA8H         LINE#         250
  C:4CA8H         LINE#         251
  C:4CAEH         LINE#         252
  C:4CAEH         LINE#         253
  C:4CB5H         LINE#         254
  C:4CB5H         LINE#         255
  C:4CB5H         LINE#         256
  C:4CB7H         LINE#         257
  C:4CB7H         LINE#         258
  C:4CBDH         LINE#         259
  C:4CBDH         LINE#         260
  C:4CC4H         LINE#         261
  C:4CC4H         LINE#         262
  C:4CC4H         LINE#         263
  C:4CC6H         LINE#         264
  C:4CC6H         LINE#         265
  C:4CCCH         LINE#         266
  C:4CCCH         LINE#         267
  C:4CD3H         LINE#         268
  C:4CD3H         LINE#         269
  C:4CD3H         LINE#         270
  C:4CD5H         LINE#         271
  C:4CD5H         LINE#         272
  C:4CE1H         LINE#         273
  C:4CE1H         LINE#         274
  C:4CE9H         LINE#         275
  C:4CEEH         LINE#         276
  C:4CEEH         LINE#         277
  C:4CEEH         LINE#         278
  C:4CEEH         LINE#         279
  C:4CEEH         LINE#         280
BL51 BANKED LINKER/LOCATER V6.22                                                      11/07/2015  09:59:59  PAGE 33


  C:4CEEH         LINE#         281
  C:4CEEH         LINE#         288
  C:4D0AH         LINE#         289
  C:4D0AH         LINE#         290
  C:4D0DH         LINE#         291
  C:4D10H         LINE#         292
  C:4D13H         LINE#         293
  C:4D16H         LINE#         294
  C:4D18H         LINE#         295
  C:4D18H         LINE#         296
  -------         ENDPROC       KEYDECODER
  -------         PROC          KEYPROCESS
  -------         DO            
  D:0007H         SYMBOL        key_value
  X:04BFH         SYMBOL        main_press_time_temp
  -------         ENDDO         
  C:0EA6H         LINE#         298
  C:0EA6H         LINE#         299
  C:0EA6H         LINE#         300
  C:0EACH         LINE#         301
  C:0EAFH         LINE#         302
  C:0EC9H         LINE#         303
  C:0EC9H         LINE#         304
  C:0EC9H         LINE#         305
  C:0EE7H         LINE#         306
  C:0EE7H         LINE#         307
  C:0EEFH         LINE#         308
  C:0EF7H         LINE#         309
  C:0EF7H         LINE#         310
  C:0EFCH         LINE#         311
  C:0EFCH         LINE#         312
  C:0EFCH         LINE#         313
  C:0EFCH         LINE#         314
  C:0EFFH         LINE#         315
  C:0F17H         LINE#         316
  C:0F17H         LINE#         317
  C:0F1FH         LINE#         318
  C:0F24H         LINE#         319
  C:0F24H         LINE#         320
  C:0F2FH         LINE#         321
  C:0F2FH         LINE#         322
  C:0F35H         LINE#         323
  C:0F35H         LINE#         324
  C:0F3CH         LINE#         326
  C:0F41H         LINE#         327
[...]
  C:5F90H         PUBLIC        _GD5800_select_chapter
  D:00A8H         PUBLIC        IE
  D:00B8H         PUBLIC        IP
BL51 BANKED LINKER/LOCATER V6.22                                                      11/07/2015  09:59:59  PAGE 131


  D:00D8H         PUBLIC        CCON
  C:690DH         PUBLIC        GD5800_initialization
  C:3D04H         PUBLIC        _submenuf6_1_voiceselect
  C:33EAH         PUBLIC        _submenuf6_1
  D:0098H         PUBLIC        SCON
  D:0088H         PUBLIC        TCON
  C:5E7FH         PUBLIC        _GD5800_select_chapter_new
  C:66DBH         PUBLIC        _GD5800_sound_volume
  C:69BCH         PUBLIC        GD5800_play_music
  D:00D0H         PUBLIC        PSW
  -------         PROC          GD5800_INITIALIZATION
  C:690DH         LINE#         6
  C:690DH         LINE#         7
  C:690DH         LINE#         9
  C:6912H         LINE#         10
  C:6917H         LINE#         11
  C:691CH         LINE#         12
  C:6921H         LINE#         13
  -------         ENDPROC       GD5800_INITIALIZATION
  -------         PROC          L?0082
  -------         ENDPROC       L?0082
  -------         PROC          _GD5800_SELECT_CHAPTER
  X:050DH         SYMBOL        chapter_number
  C:5F90H         LINE#         17
  C:5F98H         LINE#         18
  C:5F98H         LINE#         19
  C:5F9DH         LINE#         20
  C:5FA2H         LINE#         21
  C:5FA7H         LINE#         22
  C:5FAFH         LINE#         23
  C:5FB8H         LINE#         24
  -------         ENDPROC       _GD5800_SELECT_CHAPTER
  -------         PROC          _GD5800_SOUND_VOLUME
  X:04C1H         SYMBOL        volume
  C:66DBH         LINE#         28
  C:66E0H         LINE#         29
  C:66E0H         LINE#         30
  C:66E5H         LINE#         31
  C:66EAH         LINE#         32
  C:66EFH         LINE#         33
  C:66F7H         LINE#         34
  -------         ENDPROC       _GD5800_SOUND_VOLUME
  -------         PROC          GD5800_STOP_MUSIC
  C:69A8H         LINE#         38
  C:69A8H         LINE#         39
  C:69A8H         LINE#         40
  C:69ADH         LINE#         41
  C:69B2H         LINE#         42
  C:69B7H         LINE#         43
  -------         ENDPROC       GD5800_STOP_MUSIC
  -------         PROC          GD5800_PLAY_MUSIC
  C:69BCH         LINE#         46
  C:69BCH         LINE#         47
  C:69BCH         LINE#         48
  C:69C1H         LINE#         49
  C:69C6H         LINE#         50
  C:69CBH         LINE#         51
BL51 BANKED LINKER/LOCATER V6.22                                                      11/07/2015  09:59:59  PAGE 132


  -------         ENDPROC       GD5800_PLAY_MUSIC
  -------         PROC          L?0081
  -------         ENDPROC       L?0081
  -------         PROC          _SUBMENUF6_1_VOICESELECT
  X:0509H         SYMBOL        report_mode
  D:0001H         SYMBOL        report_number
  -------         DO            
  X:050AH         SYMBOL        number
  -------         ENDDO         
  C:3D04H         LINE#         54
  C:3D09H         LINE#         55
  C:3D09H         LINE#         57
  C:3D12H         LINE#         58
  C:3D1BH         LINE#         59
  C:3D1BH         LINE#         60
  C:3D23H         LINE#         61
  C:3D23H         LINE#         62
  C:3D38H         LINE#         63
  C:3D3AH         LINE#         65
  C:3D3AH         LINE#         66
  C:3D4DH         LINE#         67
  C:3D4DH         LINE#         68
  C:3D50H         LINE#         69
  C:3D57H         LINE#         70
  C:3D5EH         LINE#         71
  C:3D5EH         LINE#         72
  C:3D5EH         LINE#         74
  C:3D67H         LINE#         75
  C:3D67H         LINE#         76
  C:3D78H         LINE#         77
  C:3D7AH         LINE#         79
  C:3D7AH         LINE#         80
  C:3D8DH         LINE#         81
  C:3D8DH         LINE#         82
  C:3D91H         LINE#         83
  C:3D91H         LINE#         84
  C:3D99H         LINE#         85
  C:3D99H         LINE#         86
  C:3D9BH         LINE#         87
  C:3D9DH         LINE#         89
  C:3D9DH         LINE#         90
  C:3DB3H         LINE#         91
  C:3DB3H         LINE#         92
  C:3DB5H         LINE#         94
  C:3DB5H         LINE#         95
  C:3DCFH         LINE#         96
  C:3DCFH         LINE#         97
  C:3DCFH         LINE#         98
  C:3DCFH         LINE#         100
  C:3DD8H         LINE#         101
  C:3DD8H         LINE#         102
  C:3DE7H         LINE#         103
  C:3DE9H         LINE#         105
  C:3DE9H         LINE#         106
  C:3E07H         LINE#         107
  C:3E07H         LINE#         108
  C:3E0EH         LINE#         110
BL51 BANKED LINKER/LOCATER V6.22                                                      11/07/2015  09:59:59  PAGE 133


  C:3E0EH         LINE#         111
  C:3E0EH         LINE#         112
  C:3E10H         LINE#         115
  C:3E10H         LINE#         116
  C:3E22H         LINE#         117
  C:3E22H         LINE#         118
  C:3E22H         LINE#         119
  C:3E26H         LINE#         120
  C:3E28H         LINE#         121
  C:3E28H         LINE#         122
  C:3E2CH         LINE#         123
  C:3E2EH         LINE#         124
  C:3E2EH         LINE#         125
  C:3E32H         LINE#         126
  C:3E34H         LINE#         127
  C:3E34H         LINE#         128
  C:3E3BH         LINE#         129
  C:3E3BH         LINE#         130
  C:3E3BH         LINE#         131
  C:3E3BH         LINE#         132
  C:3E3BH         LINE#         133
  -------         ENDPROC       _SUBMENUF6_1_VOICESELECT
  -------         PROC          _SUBMENUF6_1
  X:04F8H         SYMBOL        report_mode
  X:04F9H         SYMBOL        report_number
  X:04FCH         SYMBOL        call_type
  X:04FEH         SYMBOL        key_value
  -------         DO            
  X:04FFH         SYMBOL        mode
  X:0501H         SYMBOL        number
  X:0504H         SYMBOL        type
  X:0506H         SYMBOL        key
  X:0507H         SYMBOL        Two_Menu_F7_E1_temp
  X:0508H         SYMBOL        Two_Menu_F6_E7_temp
  -------         ENDDO         
  C:33EAH         LINE#         153
  C:33F8H         LINE#         154
  C:33F8H         LINE#         159
  C:33FDH         LINE#         160
  C:33FFH         LINE#         161
  C:3407H         LINE#         162
  C:340FH         LINE#         163
  C:341EH         LINE#         164
  C:3433H         LINE#         165
  C:3442H         LINE#         166
  C:344AH         LINE#         167
  C:3456H         LINE#         168
  C:3456H         LINE#         169
  C:345BH         LINE#         170
  C:3462H         LINE#         171
  C:3462H         LINE#         172
  C:3469H         LINE#         173
  C:3469H         LINE#         175
  C:3481H         LINE#         176
  C:3481H         LINE#         177
  C:3488H         LINE#         178
  C:3488H         LINE#         179
BL51 BANKED LINKER/LOCATER V6.22                                                      11/07/2015  09:59:59  PAGE 134


  C:349FH         LINE#         180
  C:349FH         LINE#         181
  C:34A7H         LINE#         182
  C:34A7H         LINE#         183
  C:34AAH         LINE#         184
  C:34ACH         LINE#         186
  C:34ACH         LINE#         187
  C:34BFH         LINE#         188
  C:34BFH         LINE#         189
  C:34C2H         LINE#         190
  C:34C4H         LINE#         191
  C:34C4H         LINE#         192
  C:34C4H         LINE#         194
  C:34C6H         LINE#         195
  C:34E3H         LINE#         196
  C:34E3H         LINE#         197
  C:34EAH         LINE#         198
  C:34ECH         LINE#         200
  C:34ECH         LINE#         201
  C:350EH         LINE#         202
  C:350EH         LINE#         203
  C:3514H         LINE#         204
  C:351AH         LINE#         205
  C:3520H         LINE#         206
  C:3526H         LINE#         207
  C:352DH         LINE#         208
  C:352DH         LINE#         209
  C:352DH         LINE#         210
  C:352DH         LINE#         212
  C:3530H         LINE#         214
  C:3540H         LINE#         215
  C:3540H         LINE#         216
  C:3547H         LINE#         217
  C:3547H         LINE#         219
  C:354EH         LINE#         220
  C:354EH         LINE#         221
  C:3555H         LINE#         222
  C:3557H         LINE#         223
  C:3559H         LINE#         224
  C:356CH         LINE#         225
  C:356CH         LINE#         226
  C:357CH         LINE#         227
  C:357CH         LINE#         228
  C:3582H         LINE#         229
  C:3584H         LINE#         230
  C:3590H         LINE#         231
  C:3590H         LINE#         232
  C:3593H         LINE#         233
  C:3593H         LINE#         234
  C:3593H         LINE#         235
  C:3595H         LINE#         237
  C:3595H         LINE#         238
  C:35A8H         LINE#         239
  C:35A8H         LINE#         240
  C:35AFH         LINE#         241
  C:35AFH         LINE#         243
  C:35AFH         LINE#         244
BL51 BANKED LINKER/LOCATER V6.22                                                      11/07/2015  09:59:59  PAGE 135


  C:35B2H         LINE#         245
  C:35B2H         LINE#         246
  C:35B2H         LINE#         247
  -------         ENDPROC       _SUBMENUF6_1
  -------         PROC          _GD5800_SELECT_CHAPTER_NEW
  X:04FBH         SYMBOL        chapter_number
  -------         DO            
  C:5E87H         SYMBOL        tofun94
  -------         ENDDO         
  C:5E7FH         LINE#         249
  C:5E87H         LINE#         250
  C:5E87H         LINE#         251
  C:5E87H         LINE#         252
  C:5E8DH         LINE#         253
  C:5E92H         LINE#         254
  C:5E96H         LINE#         255
  C:5EA1H         LINE#         256
  C:5EA4H         LINE#         257
  C:5EA7H         LINE#         258
  C:5EAAH         LINE#         259
  C:5EADH         LINE#         260
  C:5EB4H         LINE#         261
  C:5EB4H         LINE#         262
  -------         ENDPROC       _GD5800_SELECT_CHAPTER_NEW
  -------         ENDMOD        GD5800

  -------         MODULE        COM
  C:0000H         SYMBOL        _ICE_DUMMY_
  D:0080H         PUBLIC        P0
  D:0090H         PUBLIC        P1
  D:00A0H         PUBLIC        P2
  D:00B0H         PUBLIC        P3
  D:00C0H         PUBLIC        P4
  D:00C8H         PUBLIC        P5
  D:00E8H         PUBLIC        P6
  D:00F8H         PUBLIC        P7
  D:00A8H         PUBLIC        IE
  D:00B8H         PUBLIC        IP
  D:00D8H         PUBLIC        CCON
  D:0098H         PUBLIC        SCON
  D:0088H         PUBLIC        TCON
  C:3220H         PUBLIC        _mcu_to_computer
  D:00D0H         PUBLIC        PSW
  -------         PROC          _MCU_TO_COMPUTER
  X:04EAH         SYMBOL        call_type
  X:04EBH         SYMBOL        number
  X:04EEH         SYMBOL        key_type
  -------         DO            
  X:04EFH         SYMBOL        temp1
  X:04F0H         SYMBOL        temp2
  X:04F1H         SYMBOL        key
  X:04F2H         SYMBOL        sec
  X:04F3H         SYMBOL        hour
  X:04F4H         SYMBOL        min
  -------         ENDDO         
  C:3220H         LINE#         5
  C:322EH         LINE#         6
BL51 BANKED LINKER/LOCATER V6.22                                                      11/07/2015  09:59:59  PAGE 136


  C:322EH         LINE#         7
  C:3237H         LINE#         9
  C:323DH         LINE#         10
  C:3240H         LINE#         12
  C:3245H         LINE#         13
  C:324AH         LINE#         14
  C:324FH         LINE#         15
  C:3254H         LINE#         16
  C:3259H         LINE#         17
  C:3261H         LINE#         18
  C:3266H         LINE#         20
  C:3287H         LINE#         21
  C:329CH         LINE#         22
  C:329FH         LINE#         23
  C:32A7H         LINE#         25
  C:32EFH         LINE#         26
  C:32EFH         LINE#         27
  C:32EFH         LINE#         28
  C:32F4H         LINE#         29
  C:32F4H         LINE#         30
  C:32F6H         LINE#         31
  C:32F6H         LINE#         32
  C:32FBH         LINE#         33
  C:32FBH         LINE#         34
  C:32FDH         LINE#         35
  C:32FDH         LINE#         36
  C:3302H         LINE#         37
  C:3302H         LINE#         38
  C:3304H         LINE#         39
  C:3304H         LINE#         40
  C:3309H         LINE#         41
  C:3309H         LINE#         42
  C:330BH         LINE#         43
  C:330BH         LINE#         44
  C:3310H         LINE#         45
  C:3310H         LINE#         46
  C:3312H         LINE#         47
  C:3312H         LINE#         48
  C:3317H         LINE#         49
  C:3317H         LINE#         50
  C:3319H         LINE#         51
  C:3319H         LINE#         52
  C:331EH         LINE#         53
  C:331EH         LINE#         54
  C:3320H         LINE#         55
  C:3320H         LINE#         56
  C:3325H         LINE#         57
  C:3325H         LINE#         58
  C:3327H         LINE#         59
  C:3327H         LINE#         60
  C:332CH         LINE#         61
  C:332CH         LINE#         62
  C:332EH         LINE#         63
  C:332EH         LINE#         64
  C:3333H         LINE#         65
  C:3333H         LINE#         66
  C:3335H         LINE#         67
BL51 BANKED LINKER/LOCATER V6.22                                                      11/07/2015  09:59:59  PAGE 137


  C:3335H         LINE#         68
  C:333AH         LINE#         69
  C:333AH         LINE#         70
  C:333CH         LINE#         71
  C:333CH         LINE#         72
  C:3341H         LINE#         73
  C:3341H         LINE#         74
  C:3343H         LINE#         75
  C:3343H         LINE#         76
  C:3348H         LINE#         77
  C:3348H         LINE#         78
  C:334AH         LINE#         79
  C:334AH         LINE#         80
  C:334FH         LINE#         81
  C:334FH         LINE#         82
  C:3351H         LINE#         83
  C:3351H         LINE#         84
  C:3356H         LINE#         85
  C:3356H         LINE#         86
  C:3358H         LINE#         87
  C:3358H         LINE#         88
  C:335DH         LINE#         89
  C:3361H         LINE#         90
  C:3361H         LINE#         91
  C:3361H         LINE#         96
  C:3366H         LINE#         97
  C:336BH         LINE#         99
  C:3380H         LINE#         100
  C:3394H         LINE#         101
  C:33A8H         LINE#         103
  C:33ADH         LINE#         104
  C:33B5H         LINE#         105
  C:33BDH         LINE#         107
  C:33E5H         LINE#         110
  -------         ENDPROC       _MCU_TO_COMPUTER
  -------         ENDMOD        COM

  -------         MODULE        ?C?COPY
  C:20D9H         PUBLIC        ?C?COPY
  -------         ENDMOD        ?C?COPY

  -------         MODULE        ?C?CLDPTR
  C:20FFH         PUBLIC        ?C?CLDPTR
  -------         ENDMOD        ?C?CLDPTR

  -------         MODULE        ?C?CLDOPTR
  C:2118H         PUBLIC        ?C?CLDOPTR
  -------         ENDMOD        ?C?CLDOPTR

  -------         MODULE        ?C?CSTPTR
  C:2145H         PUBLIC        ?C?CSTPTR
  -------         ENDMOD        ?C?CSTPTR

  -------         MODULE        ?C?CSTOPTR
  C:2157H         PUBLIC        ?C?CSTOPTR
  -------         ENDMOD        ?C?CSTOPTR

BL51 BANKED LINKER/LOCATER V6.22                                                      11/07/2015  09:59:59  PAGE 138


  -------         MODULE        ?C?IMUL
  C:2179H         PUBLIC        ?C?IMUL
  -------         ENDMOD        ?C?IMUL

  -------         MODULE        ?C?UIDIV
  C:218BH         PUBLIC        ?C?UIDIV
  -------         ENDMOD        ?C?UIDIV

  -------         MODULE        ?C?ILDIX
  C:21E0H         PUBLIC        ?C?ILDIX
  -------         ENDMOD        ?C?ILDIX

  -------         MODULE        ?C?ULCMP
  C:21F6H         PUBLIC        ?C?ULCMP
  -------         ENDMOD        ?C?ULCMP

  -------         MODULE        ?C?LSHL
  C:2207H         PUBLIC        ?C?LSHL
  -------         ENDMOD        ?C?LSHL

  -------         MODULE        ?C?LLDPTR
  C:221AH         PUBLIC        ?C?LLDPTR
  -------         ENDMOD        ?C?LLDPTR

  -------         MODULE        ?C?LLDOPTR
  C:223AH         PUBLIC        ?C?LLDOPTR
  -------         ENDMOD        ?C?LLDOPTR

  -------         MODULE        ?C?LSTPTR
  C:226AH         PUBLIC        ?C?LSTPTR
  -------         ENDMOD        ?C?LSTPTR

  -------         MODULE        ?C?LSTXDATA
  C:2284H         PUBLIC        ?C?LSTXDATA
  -------         ENDMOD        ?C?LSTXDATA

  -------         MODULE        ?C?CCASE
  C:2290H         PUBLIC        ?C?CCASE
  -------         ENDMOD        ?C?CCASE

  -------         MODULE        ?C?ICALL
  C:22B6H         PUBLIC        ?C?ICALL
  C:22BAH         PUBLIC        ?C?ICALL2
  -------         ENDMOD        ?C?ICALL

  -------         MODULE        ?C?STRCMP
  C:243AH         PUBLIC        ?C?STRCMP
  -------         ENDMOD        ?C?STRCMP

  -------         MODULE        ?C?MEMSET
  C:2457H         PUBLIC        ?C?MEMSET
  -------         ENDMOD        ?C?MEMSET

  -------         MODULE        VSPRINTF
  X:0612H         PUBLIC        ?_VSPRINTF?BYTE
  C:5C7FH         PUBLIC        _VSPRINTF
  -------         ENDMOD        VSPRINTF
BL51 BANKED LINKER/LOCATER V6.22                                                      11/07/2015  09:59:59  PAGE 139



  -------         MODULE        ?C?LLDIDATA
  C:2483H         PUBLIC        ?C?LLDIDATA
  -------         ENDMOD        ?C?LLDIDATA

  -------         MODULE        ?C?LLDXDATA
  C:248FH         PUBLIC        ?C?LLDXDATA
  -------         ENDMOD        ?C?LLDXDATA

  -------         MODULE        ?C?LLDPDATA
  C:249BH         PUBLIC        ?C?LLDPDATA
  -------         ENDMOD        ?C?LLDPDATA

  -------         MODULE        ?C?LLDCODE
  C:24A7H         PUBLIC        ?C?LLDCODE
  -------         ENDMOD        ?C?LLDCODE

  -------         MODULE        ?C?LSTIDATA
  C:24B7H         PUBLIC        ?C?LSTIDATA
  -------         ENDMOD        ?C?LSTIDATA

  -------         MODULE        ?C?LSTPDATA
  C:24C3H         PUBLIC        ?C?LSTPDATA
  -------         ENDMOD        ?C?LSTPDATA

  -------         MODULE        PRINTF
  X:057CH         PUBLIC        ?_PRINTF517?BYTE
  X:057CH         PUBLIC        ?_PRINTF?BYTE
  X:057CH         PUBLIC        ?_SPRINTF517?BYTE
  X:057CH         PUBLIC        ?_SPRINTF?BYTE
  C:255AH         PUBLIC        _PRINTF
  C:255AH         PUBLIC        _PRINTF517
  C:2554H         PUBLIC        _SPRINTF
  C:2554H         PUBLIC        _SPRINTF517
  -------         ENDMOD        PRINTF

  -------         MODULE        ?C?PLDIXDATA
  C:24CFH         PUBLIC        ?C?PLDIXDATA
  -------         ENDMOD        ?C?PLDIXDATA

  -------         MODULE        ?C?PSTXDATA
  C:24E6H         PUBLIC        ?C?PSTXDATA
  -------         ENDMOD        ?C?PSTXDATA

  -------         MODULE        PUTCHAR
  C:6486H         PUBLIC        _PUTCHAR
  -------         ENDMOD        PUTCHAR

*** WARNING L16: UNCALLED SEGMENT, IGNORED FOR OVERLAY PROCESS
    SEGMENT: ?PR?_USART2_SENDSTRING?USART

*** WARNING L16: UNCALLED SEGMENT, IGNORED FOR OVERLAY PROCESS
    SEGMENT: ?PR?_UART_PRINTF?USART

*** WARNING L16: UNCALLED SEGMENT, IGNORED FOR OVERLAY PROCESS
    SEGMENT: ?PR?SHOW_ON?TM1629

BL51 BANKED LINKER/LOCATER V6.22                                                      11/07/2015  09:59:59  PAGE 140


*** WARNING L16: UNCALLED SEGMENT, IGNORED FOR OVERLAY PROCESS
    SEGMENT: ?PR?_DELAYMS?AT24C256

*** WARNING L16: UNCALLED SEGMENT, IGNORED FOR OVERLAY PROCESS
    SEGMENT: ?PR?GD5800_PLAY_MUSIC?GD5800

Program Size: data=23.3 xdata=1569 code=27980
LINK/LOCATE RUN COMPLETE.  5 WARNING(S),  0 ERROR(S)
